[  339.420913] cpu_comm: MIPS callback channel pid=807 id=0x3271
[  339.477418] cpu_comm: addressing channel chan=0x0 pid=0x8b8f275c (key 0xb8f275c0)
[  339.484991] cpu_comm: msgbox tx raw=0x00000000 (CALL), fifo now 0
[  339.485607] cpu_comm: msgbox rx raw=0x00000002 (CALL_ACK)
[  339.496545] cpu_comm: IPC[msg_cb] type=2(CALL_ACK) dir=2(REMOTE/MIPS) cpu=1 ARM=0x5 MIPS=0x5
[  339.505316] cpu_comm: IPC[handle_call_ack] type=2(CALL_ACK) dir=-1(OTHER) cpu=1 ARM=0x5 MIPS=0x5
[  339.514131] cpu_comm: IPC[dispatch] type=2(CALL_ACK) dir=-1(OTHER) cpu=1 ARM=0x5 MIPS=0x5
[  339.522319] cpu_comm: msgbox rx raw=0x00000001 (RETURN)
[  339.527548] cpu_comm: IPC[msg_cb] type=1(RETURN) dir=2(REMOTE/MIPS) cpu=1 ARM=0x5 MIPS=0x5
[  339.535813] cpu_comm: IPC[handle_return] type=1(RETURN) dir=-1(OTHER) cpu=1 ARM=0x5 MIPS=0x5
[  339.544249] cpu_comm: IPC[dispatch] type=1(RETURN) dir=-1(OTHER) cpu=1 ARM=0x5 MIPS=0x5
[  339.552272] cpu_comm: msgbox tx raw=0x00000003 (RETURN_ACK), fifo now 0
[  339.602459] cpu_comm: addressing channel chan=0x0 pid=0x8b8f275c (key 0xb8f275c0)
[  339.610013] cpu_comm: msgbox tx raw=0x00000000 (CALL), fifo now 0
[  339.616152] cpu_comm: msgbox rx raw=0x00000002 (CALL_ACK)
[  339.621570] cpu_comm: IPC[msg_cb] type=2(CALL_ACK) dir=2(REMOTE/MIPS) cpu=1 ARM=0x5 MIPS=0x5
[  339.630011] cpu_comm: IPC[handle_call_ack] type=2(CALL_ACK) dir=-1(OTHER) cpu=1 ARM=0x5 MIPS=0x5
[  339.638800] cpu_comm: IPC[dispatch] type=2(CALL_ACK) dir=-1(OTHER) cpu=1 ARM=0x5 MIPS=0x5
[  339.646978] cpu_comm: msgbox rx raw=0x00000001 (RETURN)
[  339.652205] cpu_comm: IPC[msg_cb] type=1(RETURN) dir=2(REMOTE/MIPS) cpu=1 ARM=0x5 MIPS=0x5
[  339.660490] cpu_comm: msgbox tx raw=0x00000003 (RETURN_ACK), fifo now 0
[  339.710624] cpu_comm: addressing channel chan=0x0 pid=0x8b8f275c (key 0xb8f275c0)
[  339.718167] cpu_comm: msgbox tx raw=0x00000000 (CALL), fifo now 0
[  339.724297] cpu_comm: msgbox rx raw=0x00000002 (CALL_ACK)
[  339.729719] cpu_comm: msgbox rx raw=0x00000001 (RETURN)
[  339.734971] cpu_comm: msgbox tx raw=0x00000003 (RETURN_ACK), fifo now 0
[  339.785140] cpu_comm: addressing channel chan=0x0 pid=0x8b8f275c (key 0xb8f275c0)
[  339.792739] cpu_comm: msgbox tx raw=0x00000000 (CALL), fifo now 0
[  339.798902] cpu_comm: msgbox rx raw=0x00000002 (CALL_ACK)
[  339.804334] cpu_comm: msgbox rx raw=0x00000001 (RETURN)
[  339.809587] cpu_comm: msgbox tx raw=0x00000003 (RETURN_ACK), fifo now 0
[  339.859762] cpu_comm: addressing channel chan=0x0 pid=0x8b8f275c (key 0xb8f275c0)
[  339.867321] cpu_comm: msgbox tx raw=0x00000000 (CALL), fifo now 0
[  339.873456] cpu_comm: msgbox rx raw=0x00000002 (CALL_ACK)
[  339.878885] cpu_comm: msgbox rx raw=0x00000001 (RETURN)
[  339.884140] cpu_comm: msgbox tx raw=0x00000003 (RETURN_ACK), fifo now 0
[  339.934310] cpu_comm: addressing channel chan=0x0 pid=0x8b8f275c (key 0xb8f275c0)
[  340.012203] cpu_comm: addressing channel chan=0x0 pid=0x8b8f275c (key 0xb8f275c0)
[  340.089842] cpu_comm: addressing channel chan=0x0 pid=0x8b8f275c (key 0xb8f275c0)
[  340.149539] cpu_comm: addressing channel chan=0x0 pid=0x8b8f275c (key 0xb8f275c0)
[  340.227355] cpu_comm: addressing channel chan=0x0 pid=0x8b8f275c (key 0xb8f275c0)
[  340.286590] cpu_comm: addressing channel chan=0x0 pid=0x8b8f275c (key 0xb8f275c0)
[  340.345837] cpu_comm: addressing channel chan=0x0 pid=0x8b8f275c (key 0xb8f275c0)
[  340.405083] cpu_comm: addressing channel chan=0x0 pid=0x8b8f275c (key 0xb8f275c0)
[  340.464320] cpu_comm: addressing channel chan=0x0 pid=0x8b8f275c (key 0xb8f275c0)
[  340.476853] cpu_comm: userspace callback comp=0x38d780e2 receivers=1
[  340.523833] cpu_comm: addressing channel chan=0x0 pid=0x8b8f275c (key 0xb8f275c0)
[  340.584070] cpu_comm: addressing channel chan=0x0 pid=0x8b8f275c (key 0xb8f275c0)
[  340.643592] cpu_comm: addressing channel chan=0x0 pid=0x8b8f275c (key 0xb8f275c0)
[  340.702826] cpu_comm: addressing channel chan=0x0 pid=0x8b8f275c (key 0xb8f275c0)
[  340.762844] cpu_comm: addressing channel chan=0x0 pid=0x8b8f275c (key 0xb8f275c0)
[  340.822315] cpu_comm: addressing channel chan=0x0 pid=0x8b8f275c (key 0xb8f275c0)
[  340.832677] hrtimer: interrupt took 385167 ns
[  340.881571] cpu_comm: addressing channel chan=0x0 pid=0x8b8f275c (key 0xb8f275c0)
[  354.489879] h713-ddc-pins: PL10-PL15 claimed and selected for three DDC ports
[  354.511545] h713-scp-probe: payload=ffffff00,00ffffff pre-enable EDID=ffffff00,ffffff00,ffffff00
[  354.520529] h713-scp-probe: active HPD=00000000 b00=00a0a0a0 b04=07000007 b08=00c0c0c0 headers=00000000,00000000,00000000
[  354.531489] h713-scp-probe: active IO 1020=00000000 1030=00000000 1034=00000000 1038=00000000
[  354.540016] h713-scp-probe: EDID trial ready; holding HPD asserted for 15000 ms
[  369.774517] h713-scp-probe: hpd_read=1 marker=48444d49 completed=1 hpd=00000007 exception=0 restored=1 reset=00000000 result=0
[  369.785939] h713-scp-probe: edid_trial=1 peripheral_restored=1 mismatch=0 initial HPD=00000007 b00=00a0a0a0 b04=07000000 b08=00606060
[  374.493052] h713-ddc-pins: DDC pins returned to inputs and ownership released
