SOAK-DECODE start 2026-04-13T19:38:56+00:00 duration=7200s vectors=17
SOAK-DECODE baseline ve=0 timeouts=0 oops=0 cma=130176kB memavail=870024kB
SOAK-DECODE kernel=6.18.38 maxfreq=1296000
SOAK t=120s iter=97 pass=97 fail=0 ve_delta=3373 cma_raw=130176kB memavail=820408kB temp=63503 khz=1008000 v04-1280x720-high_ms=1681(first=1688)
SOAK t=240s iter=197 pass=197 fail=0 ve_delta=6871 cma_raw=130176kB memavail=813804kB temp=64040 khz=1008000 v02-1280x720-baseline_ms=1728(first=1759)
SOAK t=360s iter=296 pass=296 fail=0 ve_delta=10411 cma_raw=130176kB memavail=812968kB temp=62562 khz=1008000 h07-640x480-main10_ms=781(first=792)
SOAK t=480s iter=394 pass=394 fail=0 ve_delta=13944 cma_raw=130176kB memavail=818964kB temp=62898 khz=1008000 h03-640x480-nowpp_ms=864(first=862)
SOAK t=600s iter=492 pass=492 fail=0 ve_delta=17427 cma_raw=130176kB memavail=811032kB temp=63772 khz=1008000 m04-720x576-interlaced_ms=1070(first=1086)
SOAK t=720s iter=591 pass=591 fail=0 ve_delta=20920 cma_raw=130176kB memavail=795664kB temp=65183 khz=1008000 v05-1920x1080-high_ms=2864(first=2867)
SOAK t=840s iter=691 pass=691 fail=0 ve_delta=24418 cma_raw=130176kB memavail=825564kB temp=64309 khz=1008000 v03-1280x720-main_ms=1703(first=1702)
SOAK t=960s iter=791 pass=791 fail=0 ve_delta=27916 cma_raw=130176kB memavail=818768kB temp=61890 khz=1008000 v01-320x240-baseline_ms=703(first=722)
SOAK t=1080s iter=889 pass=889 fail=0 ve_delta=31481 cma_raw=130176kB memavail=822256kB temp=62360 khz=1008000 h05-640x480-scaling-custom_ms=873(first=864)
SOAK t=1200s iter=987 pass=987 fail=0 ve_delta=34999 cma_raw=130176kB memavail=818920kB temp=62965 khz=1008000 h01-640x480-main_ms=873(first=2014)
SOAK t=1320s iter=1086 pass=1086 fail=0 ve_delta=38482 cma_raw=130176kB memavail=799736kB temp=63436 khz=1008000 m02-720x576-progressive_ms=1063(first=1063)
SOAK t=1442s iter=1186 pass=1186 fail=0 ve_delta=42025 cma_raw=130176kB memavail=805484kB temp=64914 khz=1008000 v05-1920x1080-high_ms=2859(first=2867)
SOAK t=1563s iter=1287 pass=1287 fail=0 ve_delta=45583 cma_raw=130176kB memavail=823580kB temp=65720 khz=1008000 v04-1280x720-high_ms=1692(first=1688)
SOAK t=1684s iter=1387 pass=1387 fail=0 ve_delta=49081 cma_raw=130176kB memavail=818224kB temp=64712 khz=1104000 v02-1280x720-baseline_ms=1740(first=1759)
SOAK t=1804s iter=1486 pass=1486 fail=0 ve_delta=52621 cma_raw=130176kB memavail=836976kB temp=62831 khz=1008000 h07-640x480-main10_ms=790(first=792)
SOAK t=1924s iter=1584 pass=1584 fail=0 ve_delta=56154 cma_raw=130176kB memavail=791788kB temp=63301 khz=1008000 h03-640x480-nowpp_ms=875(first=862)
SOAK t=2044s iter=1682 pass=1682 fail=0 ve_delta=59637 cma_raw=130176kB memavail=790844kB temp=62965 khz=1008000 m04-720x576-interlaced_ms=1072(first=1086)
SOAK t=2164s iter=1781 pass=1781 fail=0 ve_delta=63130 cma_raw=130176kB memavail=814932kB temp=65519 khz=1008000 v05-1920x1080-high_ms=2863(first=2867)
SOAK t=2284s iter=1881 pass=1881 fail=0 ve_delta=66628 cma_raw=130176kB memavail=799832kB temp=64376 khz=1008000 v03-1280x720-main_ms=1688(first=1702)
SOAK t=2404s iter=1981 pass=1981 fail=0 ve_delta=70126 cma_raw=130176kB memavail=821388kB temp=62428 khz=1008000 v01-320x240-baseline_ms=727(first=722)
SOAK t=2524s iter=2079 pass=2079 fail=0 ve_delta=73691 cma_raw=130176kB memavail=820956kB temp=62562 khz=1008000 h05-640x480-scaling-custom_ms=863(first=864)
SOAK t=2644s iter=2177 pass=2177 fail=0 ve_delta=77209 cma_raw=130176kB memavail=837780kB temp=62831 khz=1008000 h01-640x480-main_ms=856(first=2014)
SOAK t=2764s iter=2275 pass=2275 fail=0 ve_delta=80642 cma_raw=130176kB memavail=802344kB temp=63167 khz=1008000 m01-352x288-progressive_ms=745(first=747)
SOAK t=2884s iter=2375 pass=2375 fail=0 ve_delta=84175 cma_raw=130176kB memavail=794292kB temp=65384 khz=1008000 v04-1280x720-high_ms=1700(first=1688)
SOAK t=3004s iter=2475 pass=2475 fail=0 ve_delta=87673 cma_raw=130176kB memavail=828060kB temp=64309 khz=1008000 v02-1280x720-baseline_ms=1731(first=1759)
SOAK t=3124s iter=2574 pass=2574 fail=0 ve_delta=91213 cma_raw=130176kB memavail=834192kB temp=62696 khz=1008000 h07-640x480-main10_ms=787(first=792)
SOAK t=3244s iter=2672 pass=2672 fail=0 ve_delta=94746 cma_raw=130176kB memavail=837596kB temp=63234 khz=1008000 h03-640x480-nowpp_ms=863(first=862)
SOAK t=3364s iter=2771 pass=2771 fail=0 ve_delta=98289 cma_raw=130176kB memavail=805076kB temp=63368 khz=1008000 m06-720x576-field-clean_ms=929(first=960)
SOAK t=3484s iter=2869 pass=2869 fail=0 ve_delta=101722 cma_raw=130176kB memavail=803192kB temp=64914 khz=1008000 v05-1920x1080-high_ms=2857(first=2867)
SOAK t=3605s iter=2970 pass=2970 fail=0 ve_delta=105280 cma_raw=130176kB memavail=813096kB temp=64175 khz=1104000 v04-1280x720-high_ms=1699(first=1688)
SOAK t=3725s iter=3070 pass=3070 fail=0 ve_delta=108778 cma_raw=130176kB memavail=820548kB temp=64376 khz=1008000 v02-1280x720-baseline_ms=1741(first=1759)
SOAK t=3845s iter=3168 pass=3168 fail=0 ve_delta=112308 cma_raw=130176kB memavail=807312kB temp=62831 khz=1008000 h10-656x480-unaligned_ms=868(first=893)
SOAK t=3965s iter=3266 pass=3266 fail=0 ve_delta=115826 cma_raw=130176kB memavail=819908kB temp=63368 khz=1008000 h02-1280x720-main_ms=1193(first=1198)
SOAK t=4085s iter=3365 pass=3365 fail=0 ve_delta=119334 cma_raw=130176kB memavail=822176kB temp=64376 khz=1008000 m04-720x576-interlaced_ms=1062(first=1086)
SOAK t=4206s iter=3464 pass=3464 fail=0 ve_delta=122827 cma_raw=130176kB memavail=808152kB temp=66258 khz=1104000 v05-1920x1080-high_ms=2863(first=2867)
SOAK t=4327s iter=3565 pass=3565 fail=0 ve_delta=126385 cma_raw=130176kB memavail=807320kB temp=65116 khz=1008000 v04-1280x720-high_ms=1699(first=1688)
SOAK t=4447s iter=3665 pass=3665 fail=0 ve_delta=129883 cma_raw=130176kB memavail=827972kB temp=64242 khz=1008000 v02-1280x720-baseline_ms=1739(first=1759)
SOAK t=4567s iter=3764 pass=3764 fail=0 ve_delta=133423 cma_raw=130176kB memavail=847608kB temp=62629 khz=1008000 h07-640x480-main10_ms=788(first=792)
SOAK t=4687s iter=3862 pass=3862 fail=0 ve_delta=136956 cma_raw=130176kB memavail=847540kB temp=63234 khz=1008000 h03-640x480-nowpp_ms=876(first=862)
SOAK t=4807s iter=3961 pass=3961 fail=0 ve_delta=140499 cma_raw=130176kB memavail=819964kB temp=63032 khz=1008000 m06-720x576-field-clean_ms=930(first=960)
SOAK t=4927s iter=4059 pass=4059 fail=0 ve_delta=143932 cma_raw=130176kB memavail=817568kB temp=63906 khz=1008000 v05-1920x1080-high_ms=2872(first=2867)
SOAK t=5048s iter=4160 pass=4160 fail=0 ve_delta=147490 cma_raw=130176kB memavail=815048kB temp=65317 khz=1008000 v04-1280x720-high_ms=1719(first=1688)
SOAK t=5168s iter=4260 pass=4260 fail=0 ve_delta=150988 cma_raw=130176kB memavail=829712kB temp=64040 khz=1008000 v02-1280x720-baseline_ms=1741(first=1759)
SOAK t=5288s iter=4359 pass=4359 fail=0 ve_delta=154528 cma_raw=130176kB memavail=817944kB temp=61487 khz=1008000 h07-640x480-main10_ms=794(first=792)
SOAK t=5408s iter=4457 pass=4457 fail=0 ve_delta=158061 cma_raw=130176kB memavail=827600kB temp=61890 khz=1008000 h03-640x480-nowpp_ms=864(first=862)
SOAK t=5528s iter=4555 pass=4555 fail=0 ve_delta=161544 cma_raw=130176kB memavail=824328kB temp=61957 khz=1296000 m04-720x576-interlaced_ms=1059(first=1086)
SOAK t=5648s iter=4654 pass=4654 fail=0 ve_delta=165037 cma_raw=130176kB memavail=828544kB temp=64712 khz=1008000 v05-1920x1080-high_ms=2873(first=2867)
SOAK t=5768s iter=4754 pass=4754 fail=0 ve_delta=168535 cma_raw=130176kB memavail=817192kB temp=63234 khz=1008000 v03-1280x720-main_ms=1694(first=1702)
SOAK t=5888s iter=4854 pass=4854 fail=0 ve_delta=172033 cma_raw=130176kB memavail=814328kB temp=62293 khz=1008000 v01-320x240-baseline_ms=723(first=722)
SOAK t=6008s iter=4952 pass=4952 fail=0 ve_delta=175598 cma_raw=130176kB memavail=831084kB temp=62696 khz=1008000 h05-640x480-scaling-custom_ms=885(first=864)
SOAK t=6128s iter=5050 pass=5050 fail=0 ve_delta=179116 cma_raw=130176kB memavail=822548kB temp=62562 khz=1008000 h01-640x480-main_ms=856(first=2014)
SOAK t=6248s iter=5149 pass=5149 fail=0 ve_delta=182599 cma_raw=130176kB memavail=805092kB temp=64242 khz=1008000 m02-720x576-progressive_ms=1051(first=1063)
SOAK t=6370s iter=5249 pass=5249 fail=0 ve_delta=186142 cma_raw=130176kB memavail=803668kB temp=65250 khz=1008000 v05-1920x1080-high_ms=2860(first=2867)
SOAK t=6491s iter=5350 pass=5350 fail=0 ve_delta=189700 cma_raw=130176kB memavail=811652kB temp=64847 khz=1008000 v04-1280x720-high_ms=1698(first=1688)
SOAK t=6611s iter=5450 pass=5450 fail=0 ve_delta=193198 cma_raw=130176kB memavail=792492kB temp=64309 khz=1008000 v02-1280x720-baseline_ms=1735(first=1759)
SOAK t=6731s iter=5548 pass=5548 fail=0 ve_delta=196728 cma_raw=130176kB memavail=839744kB temp=63234 khz=1008000 h10-656x480-unaligned_ms=877(first=893)
SOAK t=6851s iter=5646 pass=5646 fail=0 ve_delta=200246 cma_raw=130176kB memavail=807608kB temp=63436 khz=1008000 h02-1280x720-main_ms=1190(first=1198)
SOAK t=6971s iter=5745 pass=5745 fail=0 ve_delta=203754 cma_raw=130176kB memavail=811764kB temp=63436 khz=1008000 m04-720x576-interlaced_ms=1063(first=1086)
SOAK t=7092s iter=5844 pass=5844 fail=0 ve_delta=207247 cma_raw=130176kB memavail=832544kB temp=64981 khz=1008000 v05-1920x1080-high_ms=2874(first=2867)

SOAK-DECODE DONE 2026-04-13T21:39:05+00:00 t=7200s
  iterations   5934  (5934 pass, 0 fail, 0 software fallbacks)
  frames on VE 210472
  timeouts     +0  (was 0 at start)
  oops/BUG     0 -> 0
  CmaFree      130176kB -> 130176kB   (delta 0kB, both after reclaim)
  MemAvailable 870024kB -> 854656kB   (delta -15368kB)
