[1mDP-2[0m [1;32m(enabled)[0m[1;33m
  Make: [0mAcer Technologies[1;33m
  Model: [0mAcer T232HL[1;33m
  Physical Size: [0m510 x 290 mm[1;33m
  Position: [0m1920,0[1;33m
  Scale: [0m100%[1;33m
  Transform: [0mnormal[1;33m
  Adaptive Sync Support: [0m[31mfalse[0m[1;33m
  Adaptive Sync: [0m[31mfalse[0m[1;33m
  Xwayland primary: [0m[31mfalse[0m[1;33m

  Modes:[0m
    [35m1920x1080[0m @ [36m 60.000 Hz[0m[1;35m (current)[0m[1;32m (preferred)[0m
    [35m1920x1080[0m @ [36m 59.939 Hz[0m[39m[0m[39m[0m
    [35m1920x1080[0m @ [36m 50.000 Hz[0m[39m[0m[39m[0m
    [35m1680x1050[0m @ [36m 59.954 Hz[0m[39m[0m[39m[0m
    [35m 1440x900[0m @ [36m 59.887 Hz[0m[39m[0m[39m[0m
    [35m1280x1024[0m @ [36m 60.020 Hz[0m[39m[0m[39m[0m
    [35m 1280x800[0m @ [36m 59.810 Hz[0m[39m[0m[39m[0m
    [35m 1280x720[0m @ [36m 60.000 Hz[0m[39m[0m[39m[0m
    [35m 1280x720[0m @ [36m 59.943 Hz[0m[39m[0m[39m[0m
    [35m 1280x720[0m @ [36m 50.000 Hz[0m[39m[0m[39m[0m
    [35m 1152x864[0m @ [36m 75.000 Hz[0m[39m[0m[39m[0m
    [35m 1024x768[0m @ [36m 70.069 Hz[0m[39m[0m[39m[0m
    [35m 1024x768[0m @ [36m 60.004 Hz[0m[39m[0m[39m[0m
    [35m  800x600[0m @ [36m 60.317 Hz[0m[39m[0m[39m[0m
    [35m  800x600[0m @ [36m 56.250 Hz[0m[39m[0m[39m[0m
    [35m  720x576[0m @ [36m 50.000 Hz[0m[39m[0m[39m[0m
    [35m  720x480[0m @ [36m 59.940 Hz[0m[39m[0m[39m[0m
    [35m  640x480[0m @ [36m 59.940 Hz[0m[39m[0m[39m[0m
    [35m  640x480[0m @ [36m 59.929 Hz[0m[39m[0m[39m[0m
[1mHDMI-A-1[0m [1;32m(enabled)[0m[1;33m
  Make: [0mHitachi Computer Products Inc[1;33m
  Model: [0mHDMI Capture[1;33m
  Physical Size: [0m160 x 120 mm[1;33m
  Position: [0m3840,0[1;33m
  Scale: [0m100%[1;33m
  Transform: [0mnormal[1;33m
  Adaptive Sync Support: [0m[31mfalse[0m[1;33m
  Adaptive Sync: [0m[31mfalse[0m[1;33m
  Xwayland primary: [0m[31mfalse[0m[1;33m

  Modes:[0m
    [35m  640x480[0m @ [36m 59.952 Hz[0m[1;35m (current)[0m[1;32m (preferred)[0m
    [35m  640x480[0m @ [36m 59.940 Hz[0m[39m[0m[39m[0m
[1mDP-1[0m [1;32m(enabled)[0m[1;33m
  Make: [0mLG Electronics[1;33m
  Model: [0m27GN950[1;33m
  Physical Size: [0m600 x 340 mm[1;33m
  Position: [0m0,0[1;33m
  Scale: [0m200%[1;33m
  Transform: [0mnormal[1;33m
  Adaptive Sync Support: [0m[32mtrue[0m[1;33m
  Adaptive Sync: [0m[32mautomatic[0m[1;33m
  Xwayland primary: [0m[32mtrue[0m[1;33m

  Modes:[0m
    [35m3840x2160[0m @ [36m119.999 Hz[0m[1;35m (current)[0m[1;32m (preferred)[0m
    [35m3840x2160[0m @ [36m 94.981 Hz[0m[39m[0m[39m[0m
    [35m3840x2160[0m @ [36m 59.997 Hz[0m[39m[0m[39m[0m
    [35m1920x1080[0m @ [36m 60.000 Hz[0m[39m[0m[39m[0m
    [35m1920x1080[0m @ [36m 59.939 Hz[0m[39m[0m[39m[0m
    [35m 1280x720[0m @ [36m 59.943 Hz[0m[39m[0m[39m[0m
    [35m 1024x768[0m @ [36m 60.004 Hz[0m[39m[0m[39m[0m
    [35m  800x600[0m @ [36m 60.317 Hz[0m[39m[0m[39m[0m
    [35m  720x480[0m @ [36m 59.940 Hz[0m[39m[0m[39m[0m
    [35m  640x480[0m @ [36m 59.940 Hz[0m[39m[0m[39m[0m
    [35m  640x480[0m @ [36m 59.929 Hz[0m[39m[0m[39m[0m
