Input #0, rawvideo, from 'fd:':
  Duration: N/A, start: 0.000000, bitrate: 294912 kb/s
  Stream #0:0: Video: rawvideo, nv16, 640x480, 294912 kb/s, 60 tbr, 60 tbn
Stream mapping:
  Stream #0:0 -> #0:0 (rawvideo (native) -> rawvideo (native))
Output #0, rawvideo, to 'pipe:':
  Metadata:
    encoder         : Lavf61.7.103
  Stream #0:0: Video: rawvideo (BGR[0] / 0x524742), bgr0(pc, gbr/unknown/unknown, progressive), 1280x720, q=2-31, 1327104 kb/s, 60 fps, 60 tbn
      Metadata:
        encoder         : Lavc61.19.101 rawvideo
frame=    8 fps=0.0 q=-0.0 size=   25200KiB time=00:00:00.13 bitrate=1548291.9kbits/s speed=0.267x
frame=   16 fps= 16 q=-0.0 size=   54000KiB time=00:00:00.26 bitrate=1658877.9kbits/s speed=0.267x
frame=   22 fps= 15 q=-0.0 size=   75600KiB time=00:00:00.36 bitrate=1689039.9kbits/s speed=0.244x
frame=   29 fps= 14 q=-0.0 size=  100800KiB time=00:00:00.48 bitrate=1708456.9kbits/s speed=0.242x
frame=   36 fps= 14 q=-0.0 size=  126000KiB time=00:00:00.60 bitrate=1720320.0kbits/s speed=0.24x
frame=   43 fps= 14 q=-0.0 size=  151200KiB time=00:00:00.71 bitrate=1728320.7kbits/s speed=0.239x
frame=   50 fps= 14 q=-0.0 size=  176400KiB time=00:00:00.83 bitrate=1734083.3kbits/s speed=0.238x
frame=   56 fps= 14 q=-0.0 size=  198000KiB time=00:00:00.93 bitrate=1737874.9kbits/s speed=0.233x
frame=   63 fps= 14 q=-0.0 size=  223200KiB time=00:00:01.05 bitrate=1741385.1kbits/s speed=0.233x
frame=   70 fps= 14 q=-0.0 size=  248400KiB time=00:00:01.16 bitrate=1744193.3kbits/s speed=0.233x
frame=   77 fps= 14 q=-0.0 size=  273600KiB time=00:00:01.28 bitrate=1746492.3kbits/s speed=0.233x
frame=   86 fps= 14 q=-0.0 size=  306000KiB time=00:00:01.43 bitrate=1748897.2kbits/s speed=0.239x
frame=   94 fps= 14 q=-0.0 size=  334800KiB time=00:00:01.56 bitrate=1750647.5kbits/s speed=0.241x
frame=  101 fps= 14 q=-0.0 size=  360000KiB time=00:00:01.68 bitrate=1751952.8kbits/s speed=0.24x
frame=  109 fps= 15 q=-0.0 size=  388800KiB time=00:00:01.81 bitrate=1753238.0kbits/s speed=0.242x
frame=  120 fps= 15 q=-0.0 size=  428400KiB time=N/A bitrate=N/A speed=N/A
[out#0/rawvideo @ 0xaaaabb9cfec0] video:432000KiB audio:0KiB subtitle:0KiB other streams:0KiB global headers:0KiB muxing overhead: 0.000000%
frame=  120 fps= 15 q=-0.0 Lsize=  432000KiB time=00:00:02.00 bitrate=1769472.0kbits/s speed=0.25x
