Input #0, rawvideo, from 'fd:':
  Duration: N/A, start: 0.000000, bitrate: 294912 kb/s
  Stream #0:0: Video: rawvideo, nv16, 640x480, 294912 kb/s, 60 tbr, 60 tbn
Stream mapping:
  Stream #0:0 -> #0:0 (rawvideo (native) -> rawvideo (native))
Output #0, rawvideo, to 'pipe:':
  Metadata:
    encoder         : Lavf61.7.103
  Stream #0:0: Video: rawvideo (BGR[0] / 0x524742), bgr0(pc, gbr/unknown/unknown, progressive), 1280x720, q=2-31, 1327104 kb/s, 60 fps, 60 tbn
      Metadata:
        encoder         : Lavc61.19.101 rawvideo
frame=    8 fps=0.0 q=-0.0 size=   25200KiB time=00:00:00.13 bitrate=1548291.9kbits/s speed=0.266x
frame=   16 fps= 16 q=-0.0 size=   54000KiB time=00:00:00.26 bitrate=1658877.9kbits/s speed=0.266x
frame=   25 fps= 17 q=-0.0 size=   86400KiB time=00:00:00.41 bitrate=1698691.8kbits/s speed=0.278x
frame=   32 fps= 16 q=-0.0 size=  111600KiB time=00:00:00.53 bitrate=1714177.1kbits/s speed=0.266x
frame=   40 fps= 16 q=-0.0 size=  140400KiB time=00:00:00.66 bitrate=1725234.3kbits/s speed=0.266x
frame=   49 fps= 16 q=-0.0 size=  172800KiB time=00:00:00.81 bitrate=1733359.6kbits/s speed=0.272x
frame=   57 fps= 16 q=-0.0 size=  201600KiB time=00:00:00.95 bitrate=1738428.6kbits/s speed=0.271x
frame=   64 fps= 16 q=-0.0 size=  226800KiB time=00:00:01.06 bitrate=1741823.5kbits/s speed=0.267x
frame=   72 fps= 16 q=-0.0 size=  255600KiB time=00:00:01.20 bitrate=1744896.0kbits/s speed=0.267x
frame=   79 fps= 16 q=-0.0 size=  280800KiB time=00:00:01.31 bitrate=1747073.2kbits/s speed=0.263x
frame=   87 fps= 16 q=-0.0 size=  309600KiB time=00:00:01.45 bitrate=1749133.2kbits/s speed=0.263x
frame=   94 fps= 16 q=-0.0 size=  334800KiB time=00:00:01.56 bitrate=1750647.5kbits/s speed=0.261x
frame=  102 fps= 16 q=-0.0 size=  363600KiB time=00:00:01.70 bitrate=1752124.2kbits/s speed=0.261x
frame=  109 fps= 16 q=-0.0 size=  388800KiB time=00:00:01.81 bitrate=1753238.0kbits/s speed=0.259x
frame=  118 fps= 16 q=-0.0 size=  421200KiB time=00:00:01.98 bitrate=1739733.3kbits/s speed=0.264x
[out#0/rawvideo @ 0xaaaaea96fec0] video:432000KiB audio:0KiB subtitle:0KiB other streams:0KiB global headers:0KiB muxing overhead: 0.000000%
frame=  120 fps= 16 q=-0.0 Lsize=  432000KiB time=00:00:02.00 bitrate=1769472.0kbits/s speed=0.265x
