[   0.007][v][cplayer] mpv v0.40.0 Copyright © 2000-2025 mpv/MPlayer/mplayer2 projects
[   0.008][v][cplayer]  built on Sep 17 2026 20:39:39
[   0.008][v][cplayer] libplacebo version: v7.349.0
[   0.008][v][cplayer] FFmpeg version: 7.1.5-0+deb13u1
[   0.008][v][cplayer] FFmpeg library versions:
[   0.008][v][cplayer]    libavcodec      61.19.101
[   0.008][v][cplayer]    libavfilter     10.5.100
[   0.008][v][cplayer]    libavformat     61.7.103
[   0.008][v][cplayer]    libavutil       59.39.100
[   0.008][v][cplayer]    libswresample   5.3.100
[   0.008][v][cplayer]    libswscale      8.3.100
[   0.008][v][cplayer] Configuration: -Dauto_features=disabled -Dalsa=enabled -Ddrm=enabled -Dgl=disabled -Dlibmpv=false -Dvaapi=enabled -Dvaapi-drm=enabled -Dbuildtype=release
[   0.008][v][cplayer] List of enabled features: alsa build-date drm ffmpeg glibc-thread-name glob glob-posix gpl libass libdl libplacebo linux-fstatfs memrchr posix posix-shm ppoll pthread-condattr-setclock vaapi vaapi-drm vt.h
[   0.008][v][cplayer] Command line options: '--no-config' '--no-audio' '--no-terminal' '--log-file=/tmp/h713-panel-preview-20260925T193707Z-mpv.log' '--vo=drm' '--drm-device=/dev/dri/card0' '--demuxer=rawvideo' '--demuxer-rawvideo-w=1280' '--demuxer-rawvideo-h=720' '--demuxer-rawvideo-fps=20' '--demuxer-rawvideo-mp-format=bgr0' '-'
[   0.008][v][cplayer] mpv v0.40.0 Copyright © 2000-2025 mpv/MPlayer/mplayer2 projects
[   0.008][v][cplayer]  built on Sep 17 2026 20:39:39
[   0.008][v][cplayer] libplacebo version: v7.349.0
[   0.008][v][cplayer] FFmpeg version: 7.1.5-0+deb13u1
[   0.008][v][cplayer] FFmpeg library versions:
[   0.008][v][cplayer]    libavcodec      61.19.101
[   0.008][v][cplayer]    libavfilter     10.5.100
[   0.008][v][cplayer]    libavformat     61.7.103
[   0.008][v][cplayer]    libavutil       59.39.100
[   0.008][v][cplayer]    libswresample   5.3.100
[   0.008][v][cplayer]    libswscale      8.3.100
[   0.008][v][cplayer] Configuration: -Dauto_features=disabled -Dalsa=enabled -Ddrm=enabled -Dgl=disabled -Dlibmpv=false -Dvaapi=enabled -Dvaapi-drm=enabled -Dbuildtype=release
[   0.008][v][cplayer] List of enabled features: alsa build-date drm ffmpeg glibc-thread-name glob glob-posix gpl libass libdl libplacebo linux-fstatfs memrchr posix posix-shm ppoll pthread-condattr-setclock vaapi vaapi-drm vt.h
[   0.008][d][global] home path: '' -> '-'
[   0.008][d][global] user path: '~~home/' -> ''
[   0.008][d][global] user path: '~~old_home/' -> ''
[   0.008][v][cplayer] Setting option 'config' = 'no' (flags = 8)
[   0.008][v][cplayer] Setting option 'audio' = 'no' (flags = 8)
[   0.008][v][cplayer] Setting option 'terminal' = 'no' (flags = 8)
[   0.008][v][cplayer] Setting option 'log-file' = '/tmp/h713-panel-preview-20260925T193707Z-mpv.log' (flags = 8)
[   0.008][v][cplayer] Setting option 'vo' = 'drm' (flags = 8)
[   0.009][v][cplayer] Setting option 'drm-device' = '/dev/dri/card0' (flags = 8)
[   0.009][v][cplayer] Setting option 'demuxer' = 'rawvideo' (flags = 8)
[   0.009][v][cplayer] Setting option 'demuxer-rawvideo-w' = '1280' (flags = 8)
[   0.009][v][cplayer] Setting option 'demuxer-rawvideo-h' = '720' (flags = 8)
[   0.009][v][cplayer] Setting option 'demuxer-rawvideo-fps' = '20' (flags = 8)
[   0.009][v][cplayer] Setting option 'demuxer-rawvideo-mp-format' = 'bgr0' (flags = 8)
[   0.018][v][clipboard] Initialized vo clipboard backend.
[   0.018][d][global] state path: 'watch_later' -> '-'
[   0.018][d][global] state path: 'watch_later' -> '-'
[   0.019][v][file] Opening -
[   0.019][i][file] Reading from stdin...
[   0.019][d][file] resize stream to 131072 bytes, drop 0 bytes
[   0.019][d][file] Stream opened successfully.
[   0.019][v][demux] Trying demuxers for level=request.
[   0.019][d][demux] Trying demuxer: rawvideo (force-level: request)
[   0.019][v][demux] Detected file format: Uncompressed video
[   0.019][v][demux] Stream is not seekable.
[   0.019][v][cplayer] Opening done: -
[   0.020][v][rawvideo] select track 0
[   0.020][i][cplayer] ● Video  --vid=1  (rawvideo 1280x720 20 fps)
[   0.020][e][vo/drm/drm] Can't open TTY for VT control: No such device or address
[   0.020][w][vo/drm/drm] Failed to set up VT switcher. Terminal switching will be unavailable.
[   0.020][v][vo/drm/drm] Driver: sun50i-h713-afbd 1.0.0 (0)
[   0.021][v][vo/drm/drm] Connector 33 currently connected to encoder 37
[   0.021][v][vo/drm/drm] Selected Encoder 37 with CRTC 36
[   0.021][v][vo/drm/drm] Selected mode: 1280x720 (1280x720@59.97Hz)
[   0.021][v][vo/drm/drm] Unable to get EDID blob from connector.
[   0.021][v][vo/drm/drm] DRM Atomic support found
[   0.021][v][vo/drm/drm] Using primary plane 34 as draw plane
[   0.021][v][vo/drm/drm] Using overlay plane 38 as drmprime plane
[   0.041][v][vo/drm/drm] crtc is not VRR capable
[   0.048][v][vo/drm/drm] Monitor pixel aspect: 1
[   0.049][d][ffmpeg] AVHWDeviceContext: libva: VA-API version 1.22.0
[   0.049][e][ffmpeg] AVHWDeviceContext: libva: vaGetDriverNames() failed with operation failed
[   0.049][e][ffmpeg] AVHWDeviceContext: Failed to initialise VAAPI connection: 1 (operation failed).
[   0.050][w][vo/drm] Could not create VAAPI device for direct scanout: Input/output error
[   0.050][v][vo/drm] Assuming 59.974033 FPS for display sync.
[   0.050][v][vd] Container reported FPS: 20.000000
[   0.053][v][vd] Codec list:
[   0.053][v][vd]     rawvideo - raw video
[   0.053][v][vd] Opening decoder rawvideo
[   0.053][v][vd] No hardware decoding requested.
[   0.053][v][vd] Using software decoding.
[   0.053][v][vd] Detected 4 logical cores.
[   0.053][v][vd] Requesting 5 threads for decoding.
[   0.053][v][vd] Selected decoder: rawvideo - raw video
[   0.053][v][vf] User filter list:
[   0.053][v][vf]   (empty)
[   0.053][v][cplayer] Starting playback...
[   0.306][v][vd] Using software decoding.
[   0.306][v][vd] Decoder format: 1280x720 [0:1] bgr0 auto/auto/auto/auto/auto CL=unknown crop=1280x720+0+0
[   0.306][v][vf] [in] 1280x720 bgr0 rgb/bt.709/srgb/full/display CL=mpeg1/jpeg crop=1280x720+0+0
[   0.306][v][vf] [userdeint] 1280x720 bgr0 rgb/bt.709/srgb/full/display CL=mpeg1/jpeg crop=1280x720+0+0
[   0.306][v][vf] [userdeint] (disabled)
[   0.306][v][vf] [autorotate] 1280x720 bgr0 rgb/bt.709/srgb/full/display CL=mpeg1/jpeg crop=1280x720+0+0
[   0.306][v][vf] [autorotate] (disabled)
[   0.306][v][vf] [convert] 1280x720 bgr0 rgb/bt.709/srgb/full/display CL=mpeg1/jpeg crop=1280x720+0+0
[   0.315][v][vf] [convert] (disabled)
[   0.315][v][vf] [out] 1280x720 bgr0 rgb/bt.709/srgb/full/display CL=mpeg1/jpeg crop=1280x720+0+0
[   0.323][d][rawvideo] stream 0: resize index to 128
[   0.323][i][cplayer] VO: [drm] 1280x720 bgr0
[   0.323][v][cplayer] VO: Description: Direct Rendering Manager (software or DRM PRIME plane)
[   0.323][v][vo/drm] reconfig to 1280x720 bgr0 rgb/bt.709/srgb/full/display CL=mpeg1/jpeg crop=1280x720+0+0
[   0.323][v][vo/drm] Window size: 1280x720 (Borders: l=0 t=0 r=0 b=0)
[   0.323][v][vo/drm] Video source: 1280x720 (1:1)
[   0.323][v][vo/drm] Video display: (0, 0) 1280x720 -> (0, 0) 1280x720
[   0.323][v][vo/drm] Video scale: 1.000000/1.000000
[   0.323][v][vo/drm] OSD borders: l=0 t=0 r=0 b=0
[   0.323][v][vo/drm] Video borders: l=0 t=0 r=0 b=0
[   0.324][v][ffmpeg] swscaler: using unscaled bgra -> bgra special converter
[   0.324][v][vo/drm] unaligned libswscale parameter; using slow copy.
[   0.342][v][cplayer] first video frame after restart shown
[   0.342][d][cplayer] starting video playback
[   0.342][v][cplayer] playback restart complete @ 0.000000, audio=eof, video=playing
[   0.380][v][cplayer] Enter buffering (buffer went from 100% -> 0%) [0.000000s].
[   0.398][v][cplayer] Still buffering (buffer went from 0% -> 5%) [0.050000s].
[   0.399][v][cplayer] Still buffering (buffer went from 5% -> 0%) [0.000000s].
[   0.554][v][cplayer] Still buffering (buffer went from 0% -> 10%) [0.100000s].
[   0.754][v][cplayer] Still buffering (buffer went from 10% -> 24%) [0.250000s].
[   0.804][v][cplayer] Still buffering (buffer went from 24% -> 30%) [0.300000s].
[   1.005][v][cplayer] Still buffering (buffer went from 30% -> 45%) [0.450000s].
[   1.054][v][cplayer] Still buffering (buffer went from 45% -> 50%) [0.500000s].
[   1.255][v][cplayer] Still buffering (buffer went from 50% -> 70%) [0.700000s].
[   1.505][v][cplayer] Still buffering (buffer went from 70% -> 90%) [0.900000s].
[   1.555][v][cplayer] Still buffering (buffer went from 90% -> 95%) [0.950000s].
[   1.756][v][cplayer] End buffering (waited 1.381605 secs) [1.150000s].
[   6.724][v][cplayer] Enter buffering (buffer went from 100% -> 0%) [0.000000s].
[   6.740][v][cplayer] Still buffering (buffer went from 0% -> 4%) [0.050000s].
[   6.740][v][cplayer] Still buffering (buffer went from 4% -> 0%) [0.000000s].
[   6.815][v][cplayer] Still buffering (buffer went from 0% -> 4%) [0.050000s].
[   7.028][v][cplayer] Still buffering (buffer went from 4% -> 20%) [0.200000s].
[   7.065][v][cplayer] Still buffering (buffer went from 20% -> 25%) [0.250000s].
[   7.275][v][cplayer] Still buffering (buffer went from 25% -> 40%) [0.400000s].
[   7.315][v][cplayer] Still buffering (buffer went from 40% -> 45%) [0.450000s].
[   7.525][v][cplayer] Still buffering (buffer went from 45% -> 60%) [0.600000s].
[   7.566][v][cplayer] Still buffering (buffer went from 60% -> 65%) [0.650000s].
[   7.776][v][cplayer] Still buffering (buffer went from 65% -> 90%) [0.900000s].
[   7.809][v][rawvideo] EOF reached.
[   7.809][v][cplayer] End buffering (waited 1.085447 secs) [0.900000s].
[   8.660][v][vf] filter input EOF
[   8.660][v][vf] filter output EOF
[   8.710][v][cplayer] video EOF reached
[   8.710][d][cplayer] video EOF (status=4)
[   8.710][v][cplayer] EOF code: 1
[   8.710][d][vd] Uninit decoder.
[   8.710][d][cplayer] Terminating demuxers...
[   8.712][d][cplayer] Done terminating demuxers.
[   8.713][v][cplayer] finished playback, success (reason 0)
[   8.713][i][cplayer] Exiting... (End of file)
[   8.774][v][vo/drm/drm] Failed to commit atomic request: Error number 22 occurred
