Input #0, rawvideo, from 'fd:':
  Duration: N/A, start: 0.000000, bitrate: 294912 kb/s
  Stream #0:0: Video: rawvideo, nv16, 640x480, 294912 kb/s, 60 tbr, 60 tbn
Stream mapping:
  Stream #0:0 -> #0:0 (rawvideo (native) -> rawvideo (native))
Output #0, rawvideo, to 'pipe:':
  Metadata:
    encoder         : Lavf61.7.103
  Stream #0:0: Video: rawvideo (BGR[0] / 0x524742), bgr0(pc, gbr/unknown/unknown, progressive), 1280x720, q=2-31, 1327104 kb/s, 60 fps, 60 tbn
      Metadata:
        encoder         : Lavc61.19.101 rawvideo
frame=   17 fps=0.0 q=-0.0 size=   57600KiB time=00:00:00.30 bitrate=1572864.0kbits/s speed= 0.6x
frame=   35 fps= 34 q=-0.0 size=  122400KiB time=00:00:00.60 bitrate=1671168.0kbits/s speed=0.591x
frame=   56 fps= 37 q=-0.0 size=  198000KiB time=00:00:00.93 bitrate=1737874.9kbits/s speed=0.616x
frame=   72 fps= 36 q=-0.0 size=  255600KiB time=00:00:01.20 bitrate=1744896.0kbits/s speed=0.594x
frame=   89 fps= 35 q=-0.0 size=  316800KiB time=00:00:01.48 bitrate=1749590.7kbits/s speed=0.587x
frame=  104 fps= 34 q=-0.0 size=  370800KiB time=00:00:01.75 bitrate=1735767.8kbits/s speed=0.578x
frame=  115 fps= 33 q=-0.0 size=  410400KiB time=N/A bitrate=N/A speed=N/A
[out#0/rawvideo @ 0xaaaaae9cfec0] video:432000KiB audio:0KiB subtitle:0KiB other streams:0KiB global headers:0KiB muxing overhead: 0.000000%
frame=  120 fps= 31 q=-0.0 Lsize=  432000KiB time=00:00:02.00 bitrate=1769472.0kbits/s speed=0.525x
