0x8b186388  3c02bb94  lui      $v0, 0xbb94
0x8b18638c  8c490100  lw       $t1, 0x100($v0)        # -> 0xbb940100
0x8b186390  8c430008  lw       $v1, 8($v0)        # -> 0xbb940008
0x8b186394  8c460008  lw       $a2, 8($v0)        # -> 0xbb940008
0x8b186398  7d293a00  ext      $t1, $t1, 8, 8
0x8b18639c  7c633a00  ext      $v1, $v1, 8, 8
0x8b1863a0  01234824  and      $t1, $t1, $v1
0x8b1863a4  8c470008  lw       $a3, 8($v0)        # -> 0xbb940008
0x8b1863a8  00091827  nor      $v1, $zero, $t1
0x8b1863ac  306300ff  andi     $v1, $v1, 0xff
0x8b1863b0  00c33024  and      $a2, $a2, $v1
0x8b1863b4  7cc73804  ins      $a3, $a2, 0, 8
0x8b1863b8  ac470008  sw       $a3, 8($v0)        # -> 0xbb940008
0x8b1863bc  8c460008  lw       $a2, 8($v0)        # -> 0xbb940008
0x8b1863c0  7d263804  ins      $a2, $t1, 0, 8
0x8b1863c4  ac460008  sw       $a2, 8($v0)        # -> 0xbb940008
0x8b1863c8  8c460008  lw       $a2, 8($v0)        # -> 0xbb940008
0x8b1863cc  8c470008  lw       $a3, 8($v0)        # -> 0xbb940008
0x8b1863d0  00c31824  and      $v1, $a2, $v1
0x8b1863d4  7c673804  ins      $a3, $v1, 0, 8
0x8b1863d8  00003025  move     $a2, $zero
0x8b1863dc  ac470008  sw       $a3, 8($v0)        # -> 0xbb940008
0x8b1863e0  24070001  addiu    $a3, $zero, 1
0x8b1863e4  00001025  move     $v0, $zero
0x8b1863e8  00c73804  sllv     $a3, $a3, $a2
0x8b1863ec  3c038b20  lui      $v1, 0x8b20
0x8b1863f0  246323f4  addiu    $v1, $v1, 0x23f4        # -> 0x8b2023f4
0x8b1863f4  00024080  sll      $t0, $v0, 2
0x8b1863f8  000230c0  sll      $a2, $v0, 3
0x8b1863fc  00e93824  and      $a3, $a3, $t1
0x8b186400  246a0084  addiu    $t2, $v1, 0x84        # -> 0x8b202478
0x8b186404  00a63021  addu     $a2, $a1, $a2
0x8b186408  10e00006  beqz     $a3, 0x8b186424
0x8b18640c  00884021  addu     $t0, $a0, $t0
0x8b186410  8c670020  lw       $a3, 0x20($v1)        # -> 0x8b202414
0x8b186414  24420001  addiu    $v0, $v0, 1
0x8b186418  ad070000  sw       $a3, ($t0)
0x8b18641c  acc70004  sw       $a3, 4($a2)
0x8b186420  acc30000  sw       $v1, ($a2)
0x8b186424  2463002c  addiu    $v1, $v1, 0x2c        # -> 0x8b202420
0x8b186428  106a000d  beq      $v1, $t2, 0x8b186460
0x8b18642c  00000000  nop
0x8b186430  8c660024  lw       $a2, 0x24($v1)        # -> 0x8b202444
0x8b186434  24070001  addiu    $a3, $zero, 1
0x8b186438  00024080  sll      $t0, $v0, 2
0x8b18643c  00c73804  sllv     $a3, $a3, $a2
0x8b186440  00e93824  and      $a3, $a3, $t1
0x8b186444  000230c0  sll      $a2, $v0, 3
0x8b186448  00a63021  addu     $a2, $a1, $a2
0x8b18644c  14e0fff0  bnez     $a3, 0x8b186410
0x8b186450  00884021  addu     $t0, $a0, $t0
0x8b186454  2463002c  addiu    $v1, $v1, 0x2c        # -> 0x8b20244c
0x8b186458  546afff6  bnel     $v1, $t2, 0x8b186434
0x8b18645c  8c660024  lw       $a2, 0x24($v1)        # -> 0x8b202470
0x8b186460  03e00008  jr       $ra
0x8b186464  00000000  nop
0x8b186468  3c02ba04  lui      $v0, 0xba04
0x8b18646c  8c490080  lw       $t1, 0x80($v0)        # -> 0xba040080
0x8b186470  8c460008  lw       $a2, 8($v0)        # -> 0xba040008
0x8b186474  8c430008  lw       $v1, 8($v0)        # -> 0xba040008
