           CPU0       CPU1       CPU2       CPU3
 11:    2125867     416418     343775     338114    GICv2  30 Level     arch_timer
245:          0          0          0          0    GICv2  77 Level     3002000.dma-controller
246:         40          0          0          0    GICv2  32 Level     ttyS0
247:        439          0          0          0    GICv2  33 Level     ttyS1
248:          0          0          0          0    GICv2 103 Level     2010000.iommu
249:        307          0          0          0    GICv2 142 Level     h713-afbd
250:          0          0          0          0    GICv2  67 Level     ehci_hcd:usb1
251:          0          0          0          0    GICv2  62 Level     ehci_hcd:usb6
252:          0          0          0          0    GICv2  65 Level     ehci_hcd:usb2
253:          0          0          0          0    GICv2  63 Level     ohci_hcd:usb5
254:          0          0          0          0    GICv2 179 Level     7090000.rtc
255:          0          0          0          0    GICv2  66 Level     ohci_hcd:usb3
256:          0          0          0          0    GICv2  68 Level     ohci_hcd:usb4
257:     895093          0          0          0    GICv2  72 Level     sunxi-mmc
258:      19307          0          0          0    GICv2  73 Level     sunxi-mmc
259:          0          0          0          0    GICv2  52 Level     2009000.gpadc
326:        160          0          0          0    GICv2 187 Level     sunxi-ir
327:          0          0          0          0    GICv2  54 Level     ths
328:          0          0          0          0    GICv2 108 Level     panfrost-gpu
329:          0          0          0          0    GICv2 150 Level     panfrost-mmu
330:          0          0          0          0    GICv2 107 Level     1c0e000.video-codec
331:          0          0          0          0    GICv2 149 Level     panfrost-job
IPI0:      6257      11107       7138       6172       Rescheduling interrupts
IPI1:    410300     920924     337917     577032       Function call interrupts
IPI2:         0          0          0          0       CPU stop interrupts
IPI3:         0          0          0          0       CPU stop NMIs
IPI4:         0          0          0          0       Timer broadcast interrupts
IPI5:     34836     327448      82186     123527       IRQ work interrupts
IPI6:         0          0          0          0       CPU backtrace interrupts
IPI7:         0          0          0          0       KGDB roundup interrupts
Err:          0
