U-Boot SPL 2026.07-rc5-g7b178056c329-dirty (Aug 25 2026 - 20:13:26 -0700)
DRAM: 1024 MiB
Trying to boot from MMC2
NOTICE:  BL31: v2.15.0(release):47ee829f7
NOTICE:  BL31: Built : 03:25:48, Jul 27 2026
NOTICE:  BL31: Detected Allwinner H713 SoC (1860)
NOTICE:  BL31: Found U-Boot DTB at 0x4a0d2900, model: HY200 QZ713DF_A1 (Allwinner H713)
U-Boot 2026.07-rc5-ga1358432003c-dirty (Sep 24 2026 - 10:58:54 -0700) Allwinner Technology
CPU:   Allwinner H713 (SUN50I)
Model: HY200 QZ713DF_A1 (Allwinner H713)
DRAM:  1 GiB
Core:  37 devices, 19 uclasses, devicetree: separate
WDT:   Not starting watchdog@2051000
MMC:   mmc@4022000: 1
Loading Environment from MMC... Reading from MMC(1)... OK
In:    serial
Out:   serial
Err:   serial
Net:   No ethernet found.
starting USB...
No USB controllers found
       scanning usb for storage devices... 0 Storage Device(s) found
H713 disp: loading vendor artifacts from mmc 1:2
H713 MIPS: workspace cleared (cfg@0x4be01000, tse@0x4be41000 kept)
  mips/display.bin             -> 0x4b100000  1255696 bytes
  mips/display_cfg.xml         -> 0x4be01000  4743 bytes
  mips/database.TSE            -> 0x4be41000  282464 bytes
  mips/pq_custom.TSE           -> 0x4be85f60  15016 bytes
  mips/projecttable.TSE        -> 0x4be89a08  1384 bytes
  mips/ProjectID_0x0034.TSE    -> 0x4be89f70  17304 bytes
H713 disp: config/TSE windows published for MIPS
  mips/LogoRegData.bin         -> 0x4e000000  15652 bytes
H713 disp: project 0x34 -> prologue 3, timing 6, de 6
  +0x1674  058c0014  00002a00 -> 00002300  shift 8 mask 0xff
  +0x1694  058c0014  01000000 -> 00000000  shift 24 mask 0x1
  +0x1714  058c0014  0000001e -> 0000231e  shift 8 mask 0xff
  +0x1754  058c0014  00002a00 -> 00002300  shift 8 mask 0xff
  +0x17b4  05800000  01e0a40c -> 01e0a404  shift 3 mask 0x3
  +0x18c4  058c0024  00000000 -> 2f000000  shift 24 mask 0x3f
  +0x18c4  058c0024  2f000000 -> 2f000007  shift 0 mask 0x7
  +0x370c  0525c000  02e4059f -> 02f8059f  shift 16 mask 0xffff
  +0x370c  0525c000  02f8059f -> 02f80550  shift 0 mask 0xffff
  +0x371c  0525c004  00000404 -> 00001404  shift 8 mask 0xff
  +0x371c  0525c004  00001404 -> 00001402  shift 0 mask 0xff
  +0x377c  0525c01c  05000014 -> 0500003c  shift 0 mask 0xffff
  +0x378c  0525c020  02d00010 -> 02d00016  shift 0 mask 0xffff
  +0x37cc  0525c030  02d00010 -> 02d00016  shift 0 mask 0xffff
  +0x37dc  0525c034  05000014 -> 0500003c  shift 0 mask 0xffff
  +0x380c  0524c004  00100010 -> 05000010  shift 16 mask 0xffff
  +0x380c  0524c004  05000010 -> 05000016  shift 0 mask 0xffff
  +0x383c  0524c010  02e4059f -> 02f8059f  shift 16 mask 0xffff
  +0x383c  0524c010  02f8059f -> 02f80550  shift 0 mask 0xffff
  +0x384c  0524c014  00000000 -> 00000200  shift 8 mask 0xff
  +0x38fc  05280088  00000011 -> 00000016  shift 0 mask 0xffff
  +0x390c  0528008c  0000007b -> 00000000  shift 0 mask 0xffff
H713 panel: config applied, 22 record field(s) patched, 12 guarded by record mask
H713 logo: applied 32 record(s), 0 pulse(s), 13 delay(s), 0 resync step(s)
H713 logo: applied 32 record(s), 1 pulse(s), 7 delay(s), 0 resync step(s)
H713 disp: FIFO status 0x00000002; reset applied
H713 logo: applied 56 record(s), 0 pulse(s), 0 delay(s), 0 resync step(s)
H713 panel: stock power pre-delay 550 ms
H713 panel: stock GPIO phase complete: PF6 cfg=1 latch=1, PH16 cfg=1 latch=1, PF_DAT=00000040 PH_DAT=00010000
H713 panel: post-stock GPIO mux: PF6 cfg=1 latch=1, PH16 cfg=1 latch=1
H713 probe [ARM records applied   ] 051c0014=18000000 051c0028=00000030 05140054=40000000
H713 MIPS: display.bin SHA-256 4380f1b3ed7b62aa50582e7cb16a87bdface1b4300578fe3631a416354da30ce
H713 MIPS: firmware identity accepted
H713 MIPS: HDCP key-load wait defeated
H713 MIPS: readiness probe shared memory prepared (12 spinlocks, 1224 call entries, 8 share_seq, 5 lists, 256 records)
H713 MIPS: released, status=0x00000001 witness=0x00000000
H713 MIPS: firmware execution proven (witness overwritten)
H713 probe [MIPS ready            ] 051c0014=18000005 051c0028=1f300030 05140054=40000000
H713 disp: LVDS PHY tail applied: 00000000 00000000 08000800 08000000
H713 disp: sequence complete, LVDS FIFO status=0x00000000
H713 MIPS: readiness status=0x00000001 witness=0x00000000
H713 MIPS: CPU_COMM magic=deadbeef/deadbeef ARM=00000005 MIPS=00000005
H713 MIPS: firmware readiness proven by MIPS READY
H713 MIPS: application readiness proven
H713 panel: MIPS core quiesced, display clocks retained; reset=00000000 status=00000000 scan=03ae022f->01110393->027300f4
H713 panel: 720p timing latched: 00000004 02f80550 02d00500 00140028 80000014 80010003
H713 panel: re-asserting DE block 6 after MIPS readiness
H713 logo: applied 56 record(s), 0 pulse(s), 0 delay(s), 0 resync step(s)
  bootlogo.bmp                 -> 0x6d000000  2764854 bytes
H713 panel: bootlogo.bmp SHA-256 e812cd928c67b89608c7424ac80066c19633e76b150378abf4de9d62698eb22c
H713 panel: bootlogo.bmp published at 0x6c100000 (24-bit BMP -> 0xffRRGGBB)
H713 panel: frame commit irq=00000002->00000000->00000002 wait=1000us AFBD-ctrl=03001901 ready=00000001 OSD=00fc0202 scan=03fd027f
H713 disp: boot logo published and committed
Hit any key to stop autoboot: 5
Hit any key to stop autoboot: 0
=> h713_disp mips-comm-trace 0x34
H713 disp: loading vendor artifacts from mmc 1:2
H713 MIPS: workspace cleared (cfg@0x4be01000, tse@0x4be41000 kept)
  mips/display.bin             -> 0x4b100000  1255696 bytes
  mips/display_cfg.xml         -> 0x4be01000  4743 bytes
  mips/database.TSE            -> 0x4be41000  282464 bytes
  mips/pq_custom.TSE           -> 0x4be85f60  15016 bytes
  mips/projecttable.TSE        -> 0x4be89a08  1384 bytes
  mips/ProjectID_0x0034.TSE    -> 0x4be89f70  17304 bytes
H713 disp: config/TSE windows published for MIPS
  mips/LogoRegData.bin         -> 0x4e000000  15652 bytes
H713 disp: project 0x34 -> prologue 3, timing 6, de 6
  +0x1674  058c0014  00002a00 -> 00002300  shift 8 mask 0xff
  +0x1694  058c0014  01000000 -> 00000000  shift 24 mask 0x1
  +0x1714  058c0014  0000001e -> 0000231e  shift 8 mask 0xff
  +0x1754  058c0014  00002a00 -> 00002300  shift 8 mask 0xff
  +0x17b4  05800000  01e0a40c -> 01e0a404  shift 3 mask 0x3
  +0x18c4  058c0024  00000000 -> 2f000000  shift 24 mask 0x3f
  +0x18c4  058c0024  2f000000 -> 2f000007  shift 0 mask 0x7
  +0x370c  0525c000  02e4059f -> 02f8059f  shift 16 mask 0xffff
  +0x370c  0525c000  02f8059f -> 02f80550  shift 0 mask 0xffff
  +0x371c  0525c004  00000404 -> 00001404  shift 8 mask 0xff
  +0x371c  0525c004  00001404 -> 00001402  shift 0 mask 0xff
  +0x377c  0525c01c  05000014 -> 0500003c  shift 0 mask 0xffff
  +0x378c  0525c020  02d00010 -> 02d00016  shift 0 mask 0xffff
  +0x37cc  0525c030  02d00010 -> 02d00016  shift 0 mask 0xffff
  +0x37dc  0525c034  05000014 -> 0500003c  shift 0 mask 0xffff
  +0x380c  0524c004  00100010 -> 05000010  shift 16 mask 0xffff
  +0x380c  0524c004  05000010 -> 05000016  shift 0 mask 0xffff
  +0x383c  0524c010  02e4059f -> 02f8059f  shift 16 mask 0xffff
  +0x383c  0524c010  02f8059f -> 02f80550  shift 0 mask 0xffff
  +0x384c  0524c014  00000000 -> 00000200  shift 8 mask 0xff
  +0x38fc  05280088  00000011 -> 00000016  shift 0 mask 0xffff
  +0x390c  0528008c  0000007b -> 00000000  shift 0 mask 0xffff
H713 panel: config applied, 22 record field(s) patched, 12 guarded by record mask
H713 logo: applied 32 record(s), 0 pulse(s), 13 delay(s), 0 resync step(s)
H713 logo: applied 32 record(s), 1 pulse(s), 7 delay(s), 0 resync step(s)
H713 disp: FIFO status 0x00000002; reset applied
H713 logo: applied 56 record(s), 0 pulse(s), 0 delay(s), 0 resync step(s)
H713 probe [ARM records applied   ] 051c0014=18000000 051c0028=00000030 05140054=40000000
H713 MIPS: display.bin SHA-256 4380f1b3ed7b62aa50582e7cb16a87bdface1b4300578fe3631a416354da30ce
H713 MIPS: firmware identity accepted
H713 MIPS: HDCP key-load wait defeated
H713 MIPS: readiness probe shared memory prepared (12 spinlocks, 1224 call entries, 8 share_seq, 5 lists, 256 records)
H713 MIPS: CPU_COMM RETURN progress trace installed at 0x4d980000
H713 MIPS: released, status=0x00000001 witness=0x00000000
H713 MIPS: firmware execution proven (witness overwritten)
H713 probe [MIPS ready            ] 051c0014=18000005 051c0028=1f300030 05140054=40000000
H713 disp: LVDS PHY tail applied: 00000000 00000000 08000800 08000000
H713 disp: sequence complete, LVDS FIFO status=0x00000000
H713 MIPS: readiness status=0x00000001 witness=0x00000000
H713 MIPS: CPU_COMM magic=deadbeef/deadbeef ARM=00000005 MIPS=00000005
H713 MIPS: firmware readiness proven by MIPS READY
H713 MIPS: application readiness proven
H713 disp: MIPS test complete; power-cycle before another MIPS run
=> h713_disp commtrace
H713 comm trace: stage=0x0000 (no instrumented stage reached)
H713 comm trace: CALL=0x0000 (no instrumented stage reached), HISR queue send=ffffffff
H713 comm trace: RETURN_ACK=0x0000 (no instrumented stage reached)
H713 VP-init trace: stage=0x0000 (not entered)
H713 source trace: callback=0x5102 (source callback queue send returned), worker=0x5203 (source worker completed transition), event=0 new=1 old=0 queue=00000000 (success)
H713 source adapter: stage=0x0000 requested=4294967295 callback=ffffffff
H713 source dispatch: target=8b107574 source=00000001
H713 source 3: callback-event0=0 worker-event0=0 transition-complete=0 worker-old=ffffffff worker-new=ffffffff
H713 frame trace: stage=0x6103 (source commit and AFBD dirty writes completed), dirty=ffffffff mode=00000002 ctrl=03000010 commit=00000001 dirty-latch=00000001
=> h713_disp commcall eaf13de5 chan=0 pid=8b8f275c 3
H713 comm: FreeCall @+0x026b8  rd=0 wr=20 cap=21 isz=4 base=4e302778
H713 comm: slot 0 @0x4e302820 (index 0, expect 0x4e302820)
H713 comm: published index 0, comp_id 0xeaf13de5, 1 param(s), chan=0x0 pid=0x8b8f275c (key 0xb8f275c0, channel slot 0)
H713 comm: msgbox BGR 00010001, version 00020000 (expect 00020000), fifo count 0
H713 comm: doorbell 0x00000000 rung + IRQ pulsed; fifo count now 0
H713 comm: MIPS drained the FIFO after 0 ms
H713 comm: firmware accepted the message after 0 ms (state bit 2 cleared)
H713 comm: <- msgbox 0x00000002 (CALL_ACK) after 0 ms
H713 comm: CALL_ACK metadata index=20 session=00000001 state=04
H713 comm: CALL_ACK publication consumed
H713 comm: <- msgbox 0x00000001 (RETURN) after 0 ms
H713 comm: reply after 1 ms, slot 0
  session=00000001 comp_id=eaf13de5 nret=0
H713 comm: ReturnCmd queued slot 0 (rd=0 wr=0 -> 1)
H713 comm: RETURN_ACK metadata session=00000001 wait=00000000:8b253e7c
H713 comm: RETURN_ACK publication consumed by interrupt handler after 1 ms
H713 comm: MIPS sender completed RETURN after 0 ms
H713 comm: ReturnCmd consumed slot 0 (rd=0 -> 1 wr=1)
H713 comm: FreeReturn slot 0 recycled (rd=1 wr=20 -> 0)
=> h713_disp commtrace
H713 comm trace: stage=0xc013 (SendComm2CPUEx returned to CALL worker)
H713 comm trace: CALL=0xe011 (CALL HISR dispatcher returned), HISR queue send=00000000 (success)
H713 comm trace: RETURN_ACK=0xf003 (RETURN_ACK HISR wrapper returning)
H713 VP-init trace: stage=0x0000 (not entered)
H713 source trace: callback=0x5102 (source callback queue send returned), worker=0x5203 (source worker completed transition), event=1 new=2334471548 old=0 queue=00000000 (success)
H713 source adapter: stage=0x5302 requested=3 callback=8b8c8378
H713 source dispatch: target=8b107574 source=00000003
H713 source 3: callback-event0=1 worker-event0=1 transition-complete=1 worker-old=00000000 worker-new=00000003
H713 frame trace: stage=0x6103 (source commit and AFBD dirty writes completed), dirty=ffffffff mode=00000002 ctrl=03000010 commit=00000001 dirty-latch=00000001
=> h713_disp commtrace
H713 comm trace: stage=0xc013 (SendComm2CPUEx returned to CALL worker)
H713 comm trace: CALL=0xe011 (CALL HISR dispatcher returned), HISR queue send=00000000 (success)
H713 comm trace: RETURN_ACK=0xf003 (RETURN_ACK HISR wrapper returning)
H713 VP-init trace: stage=0x0000 (not entered)
H713 source trace: callback=0x5102 (source callback queue send returned), worker=0x5203 (source worker completed transition), event=1 new=2334471548 old=0 queue=00000000 (success)
H713 source adapter: stage=0x5302 requested=3 callback=8b8c8378
H713 source dispatch: target=8b107574 source=00000003
H713 source 3: callback-event0=1 worker-event0=1 transition-complete=1 worker-old=00000000 worker-new=00000003
H713 frame trace: stage=0x6103 (source commit and AFBD dirty writes completed), dirty=ffffffff mode=00000002 ctrl=03000010 commit=00000001 dirty-latch=00000001
=> run bootcmd
