Linux h713-arm64 6.18.38 #4 SMP Fri Sep 18 00:16:45 PDT 2026 aarch64 GNU/Linux
 19:38:36 up 0 min,  2 users,  load average: 0.70, 0.20, 0.07
          hdmi-audio                 0       0        0        1152000000  0          0     50000      Y            deviceless                      no_connection_id         
          tvfe-1296m                 0       0        0        1296000000  0          0     50000      N            deviceless                      no_connection_id         
          tcd3                       0       0        0        27000000    0          0     50000      Y            deviceless                      no_connection_id         
          mips                       0       0        0        200000000   0          0     50000      Y            deviceless                      no_connection_id         
       vincap-dma                    0       0        0        150000000   0          0     50000      Y         deviceless                      no_connection_id         
          bus-hdmi-audio             0       0        0        100000000   0          0     50000      Y            deviceless                      no_connection_id         
          bus-mips                   0       0        0        100000000   0          0     50000      N            deviceless                      no_connection_id         
02001600 0x80000002
02001d20 0x00000000
02001d6c 0x80000305
02001d74 0x81000001
02001d84 0x80000000
02001020 0xB8003100
02001028 0xB8006301
02001040 0xB8003500
02001050 0xB9002A00
02001060 0x28003500
02001068 0xB8002F00
