[stale output, discarded before the command: 8 bytes]
[2J[1H
[sent 5 bytes: 'cmds']
[reply: 917 bytes]
cmds



Command List:

app                   CMD   for app debug only

bs                    CMD   for bs debug only

crtc                  CMD   for crtc debug

tcd3                  CMD   for app debug only

dtv                   CMD   for dtv debug only

hal                   CMD   for hal debug only

elog                  CMD   elog command

memory_agent          CMD   for memory_agent debug only

pq                    CMD   for PQ debug only

regw                  CMD   write register

regr                  CMD   read register

clear                 CMD   clear console

keys                  CMD   list all key

vars                  CMD   list all var

cmds                  CMD   list all cmd

users                 CMD   list all user

help                  CMD   show command info

setVar                CMD   set var

win                   CMD   for window debug only



VS:/$
