Input #0, rawvideo, from 'fd:':
  Duration: N/A, start: 0.000000, bitrate: 294912 kb/s
  Stream #0:0: Video: rawvideo, nv16, 640x480, 294912 kb/s, 60 tbr, 60 tbn
Stream mapping:
  Stream #0:0 -> #0:0 (rawvideo (native) -> rawvideo (native))
Output #0, rawvideo, to 'pipe:':
  Metadata:
    encoder         : Lavf61.7.103
  Stream #0:0: Video: rawvideo (BGR[0] / 0x524742), bgr0(pc, gbr/unknown/unknown, progressive), 1280x720, q=2-31, 1327104 kb/s, 60 fps, 60 tbn
      Metadata:
        encoder         : Lavc61.19.101 rawvideo
frame=   16 fps=0.0 q=-0.0 size=   54000KiB time=00:00:00.26 bitrate=1658877.9kbits/s speed=0.533x
frame=   34 fps= 34 q=-0.0 size=  118800KiB time=00:00:00.56 bitrate=1717427.7kbits/s speed=0.56x
frame=   51 fps= 34 q=-0.0 size=  180000KiB time=00:00:00.86 bitrate=1701414.7kbits/s speed=0.573x
frame=   69 fps= 34 q=-0.0 size=  244800KiB time=00:00:01.16 bitrate=1718915.2kbits/s speed=0.579x
frame=   87 fps= 35 q=-0.0 size=  309600KiB time=00:00:01.45 bitrate=1749133.2kbits/s speed=0.577x
frame=  104 fps= 35 q=-0.0 size=  370800KiB time=00:00:01.73 bitrate=1752458.2kbits/s speed=0.575x
frame=  114 fps= 32 q=-0.0 size=  406800KiB time=N/A bitrate=N/A speed=N/A
[out#0/rawvideo @ 0xaaaae15afec0] video:432000KiB audio:0KiB subtitle:0KiB other streams:0KiB global headers:0KiB muxing overhead: 0.000000%
frame=  120 fps= 31 q=-0.0 Lsize=  432000KiB time=00:00:02.00 bitrate=1769472.0kbits/s speed=0.523x
