Input #0, rawvideo, from 'fd:':
  Duration: N/A, start: 0.000000, bitrate: 294912 kb/s
  Stream #0:0: Video: rawvideo, nv16, 640x480, 294912 kb/s, 60 tbr, 60 tbn
Stream mapping:
  Stream #0:0 -> #0:0 (rawvideo (native) -> rawvideo (native))
Output #0, rawvideo, to 'pipe:':
  Metadata:
    encoder         : Lavf61.7.103
  Stream #0:0: Video: rawvideo (BGR[0] / 0x524742), bgr0(pc, gbr/unknown/unknown, progressive), 1280x720, q=2-31, 1327104 kb/s, 60 fps, 60 tbn
      Metadata:
        encoder         : Lavc61.19.101 rawvideo
frame=   19 fps=0.0 q=-0.0 size=   64800KiB time=00:00:00.31 bitrate=1676340.1kbits/s speed=0.633x
frame=   38 fps= 38 q=-0.0 size=  133200KiB time=00:00:00.66 bitrate=1636760.8kbits/s speed=0.666x
frame=   60 fps= 40 q=-0.0 size=  212400KiB time=00:00:01.00 bitrate=1739980.8kbits/s speed=0.66x
frame=   78 fps= 39 q=-0.0 size=  277200KiB time=00:00:01.31 bitrate=1724674.8kbits/s speed=0.653x
frame=   93 fps= 37 q=-0.0 size=  331200KiB time=00:00:01.65 bitrate=1644357.8kbits/s speed=0.656x
frame=  104 fps= 34 q=-0.0 size=  370800KiB time=N/A bitrate=N/A speed=N/A
frame=  114 fps= 32 q=-0.0 size=  406800KiB time=N/A bitrate=N/A speed=N/A
[out#0/rawvideo @ 0xaaaaab33fec0] video:432000KiB audio:0KiB subtitle:0KiB other streams:0KiB global headers:0KiB muxing overhead: 0.000000%
frame=  120 fps= 31 q=-0.0 Lsize=  432000KiB time=00:00:02.00 bitrate=1769472.0kbits/s speed=0.518x
