Input #0, rawvideo, from 'fd:':
  Duration: N/A, start: 0.000000, bitrate: 294912 kb/s
  Stream #0:0: Video: rawvideo, nv16, 640x480, 294912 kb/s, 60 tbr, 60 tbn
Stream mapping:
  Stream #0:0 -> #0:0 (rawvideo (native) -> rawvideo (native))
Output #0, rawvideo, to 'pipe:':
  Metadata:
    encoder         : Lavf61.7.103
  Stream #0:0: Video: rawvideo (BGR[0] / 0x524742), bgr0(pc, gbr/unknown/unknown, progressive), 1280x720, q=2-31, 1327104 kb/s, 60 fps, 60 tbn
      Metadata:
        encoder         : Lavc61.19.101 rawvideo
frame=   16 fps=0.0 q=-0.0 size=   54000KiB time=00:00:00.31 bitrate=1396950.1kbits/s speed=0.631x
frame=   38 fps= 38 q=-0.0 size=  133200KiB time=00:00:00.63 bitrate=1722907.9kbits/s speed=0.63x
frame=   58 fps= 39 q=-0.0 size=  205200KiB time=00:00:00.96 bitrate=1738963.3kbits/s speed=0.642x
frame=   73 fps= 36 q=-0.0 size=  259200KiB time=00:00:01.35 bitrate=1572864.0kbits/s speed=0.673x
frame=   83 fps= 33 q=-0.0 size=  295200KiB time=00:00:01.51 bitrate=1594468.9kbits/s speed=0.605x
frame=   93 fps= 31 q=-0.0 size=  331200KiB time=00:00:01.68 bitrate=1611796.6kbits/s speed=0.56x
frame=  103 fps= 29 q=-0.0 size=  367200KiB time=00:00:01.85 bitrate=1626001.3kbits/s speed=0.528x
frame=  113 fps= 28 q=-0.0 size=  403200KiB time=00:00:02.01 bitrate=1637858.1kbits/s speed=0.503x
frame=  123 fps= 27 q=-0.0 size=  439200KiB time=00:00:02.18 bitrate=1647905.5kbits/s speed=0.484x
frame=  133 fps= 27 q=-0.0 size=  475200KiB time=00:00:02.35 bitrate=1656527.0kbits/s speed=0.469x
frame=  143 fps= 26 q=-0.0 size=  511200KiB time=00:00:02.51 bitrate=1664006.6kbits/s speed=0.457x
frame=  153 fps= 25 q=-0.0 size=  547200KiB time=00:00:02.61 bitrate=1713119.2kbits/s speed=0.435x
frame=  157 fps= 24 q=-0.0 size=  561600KiB time=00:00:02.61 bitrate=1758201.3kbits/s speed=0.402x
frame=  157 fps= 22 q=-0.0 size=  561600KiB time=00:00:02.61 bitrate=1758201.3kbits/s speed=0.373x
[out#0/rawvideo @ 0xaaaab565fec0] video:572400KiB audio:0KiB subtitle:0KiB other streams:0KiB global headers:0KiB muxing overhead: 0.000000%
frame=  159 fps= 22 q=-0.0 Lsize=  572400KiB time=00:00:02.65 bitrate=1769472.0kbits/s speed=0.363x
