Input #0, rawvideo, from 'fd:':
  Duration: N/A, start: 0.000000, bitrate: 294912 kb/s
  Stream #0:0: Video: rawvideo, nv16, 640x480, 294912 kb/s, 60 tbr, 60 tbn
Stream mapping:
  Stream #0:0 -> #0:0 (rawvideo (native) -> rawvideo (native))
Output #0, rawvideo, to 'pipe:':
  Metadata:
    encoder         : Lavf61.7.103
  Stream #0:0: Video: rawvideo (BGR[0] / 0x524742), bgr0(pc, gbr/unknown/unknown, progressive), 1280x720, q=2-31, 1327104 kb/s, 60 fps, 60 tbn
      Metadata:
        encoder         : Lavc61.19.101 rawvideo
frame=   19 fps=0.0 q=-0.0 size=   64800KiB time=00:00:00.31 bitrate=1676340.1kbits/s speed=0.633x
frame=   40 fps= 40 q=-0.0 size=  140400KiB time=00:00:00.66 bitrate=1725234.3kbits/s speed=0.664x
frame=   62 fps= 41 q=-0.0 size=  219600KiB time=00:00:01.06 bitrate=1686527.5kbits/s speed=0.709x
frame=   83 fps= 41 q=-0.0 size=  295200KiB time=00:00:01.45 bitrate=1667778.2kbits/s speed=0.723x
frame=   93 fps= 37 q=-0.0 size=  331200KiB time=00:00:01.68 bitrate=1611796.6kbits/s speed=0.672x
frame=  103 fps= 34 q=-0.0 size=  367200KiB time=N/A bitrate=N/A speed=N/A
frame=  113 fps= 32 q=-0.0 size=  403200KiB time=N/A bitrate=N/A speed=N/A
[out#0/rawvideo @ 0xaaaae7b5fec0] video:432000KiB audio:0KiB subtitle:0KiB other streams:0KiB global headers:0KiB muxing overhead: 0.000000%
frame=  120 fps= 31 q=-0.0 Lsize=  432000KiB time=00:00:02.00 bitrate=1769472.0kbits/s speed=0.516x
