client removed during hook handling
● Video  --vid=1  (ffv1 640x480 60 fps)
VO: [gpu] 640x480 yuv444p
V: 00:00:00 / 00:00:04 (0%)
V: 00:00:00 / 00:00:04 (1%)
V: 00:00:00 / 00:00:04 (2%)
V: 00:00:00 / 00:00:04 (3%)
V: 00:00:00 / 00:00:04 (4%)
V: 00:00:00 / 00:00:04 (5%)
V: 00:00:00 / 00:00:04 (6%)
V: 00:00:00 / 00:00:04 (7%)
V: 00:00:00 / 00:00:04 (8%)
V: 00:00:00 / 00:00:04 (9%)
V: 00:00:00 / 00:00:04 (10%)
V: 00:00:00 / 00:00:04 (11%)
V: 00:00:00 / 00:00:04 (12%)
V: 00:00:00 / 00:00:04 (13%)
V: 00:00:00 / 00:00:04 (14%)
V: 00:00:00 / 00:00:04 (15%)
V: 00:00:00 / 00:00:04 (16%)
V: 00:00:00 / 00:00:04 (17%)
V: 00:00:00 / 00:00:04 (18%)
V: 00:00:00 / 00:00:04 (19%)
V: 00:00:00 / 00:00:04 (20%)
V: 00:00:00 / 00:00:04 (21%)
V: 00:00:00 / 00:00:04 (22%)
V: 00:00:00 / 00:00:04 (23%)
V: 00:00:01 / 00:00:04 (23%)
V: 00:00:01 / 00:00:04 (24%)
V: 00:00:01 / 00:00:04 (25%)
V: 00:00:01 / 00:00:04 (26%)
V: 00:00:01 / 00:00:04 (27%)
V: 00:00:01 / 00:00:04 (28%)
V: 00:00:01 / 00:00:04 (29%)
V: 00:00:01 / 00:00:04 (30%)
V: 00:00:01 / 00:00:04 (31%)
V: 00:00:01 / 00:00:04 (32%)
V: 00:00:01 / 00:00:04 (33%)
V: 00:00:01 / 00:00:04 (34%)
V: 00:00:01 / 00:00:04 (35%)
V: 00:00:01 / 00:00:04 (36%)
V: 00:00:01 / 00:00:04 (37%)
V: 00:00:01 / 00:00:04 (38%)
V: 00:00:01 / 00:00:04 (39%)
V: 00:00:01 / 00:00:04 (40%)
V: 00:00:01 / 00:00:04 (41%)
V: 00:00:01 / 00:00:04 (42%)
V: 00:00:01 / 00:00:04 (43%)
V: 00:00:01 / 00:00:04 (44%)
V: 00:00:01 / 00:00:04 (45%)
V: 00:00:01 / 00:00:04 (46%)
V: 00:00:02 / 00:00:04 (47%)
V: 00:00:02 / 00:00:04 (48%)
V: 00:00:02 / 00:00:04 (49%)
V: 00:00:02 / 00:00:04 (50%)
V: 00:00:02 / 00:00:04 (51%)
V: 00:00:02 / 00:00:04 (52%)
V: 00:00:02 / 00:00:04 (53%)
V: 00:00:02 / 00:00:04 (54%)
V: 00:00:02 / 00:00:04 (55%)
V: 00:00:02 / 00:00:04 (56%)
V: 00:00:02 / 00:00:04 (57%)
V: 00:00:02 / 00:00:04 (58%)
V: 00:00:02 / 00:00:04 (59%)
V: 00:00:02 / 00:00:04 (60%)
V: 00:00:02 / 00:00:04 (61%)
V: 00:00:02 / 00:00:04 (62%)
V: 00:00:02 / 00:00:04 (63%)
V: 00:00:02 / 00:00:04 (64%)
V: 00:00:02 / 00:00:04 (65%)
V: 00:00:02 / 00:00:04 (66%)
V: 00:00:02 / 00:00:04 (67%)
V: 00:00:02 / 00:00:04 (68%)
V: 00:00:02 / 00:00:04 (69%)
V: 00:00:02 / 00:00:04 (70%)
V: 00:00:03 / 00:00:04 (70%)
V: 00:00:03 / 00:00:04 (71%)
V: 00:00:03 / 00:00:04 (72%)
V: 00:00:03 / 00:00:04 (73%)
V: 00:00:03 / 00:00:04 (74%)
V: 00:00:03 / 00:00:04 (75%)
V: 00:00:03 / 00:00:04 (76%)
V: 00:00:03 / 00:00:04 (77%)
V: 00:00:03 / 00:00:04 (78%)
V: 00:00:03 / 00:00:04 (79%)
V: 00:00:03 / 00:00:04 (80%)
V: 00:00:03 / 00:00:04 (81%)
V: 00:00:03 / 00:00:04 (82%)
V: 00:00:03 / 00:00:04 (83%)
V: 00:00:03 / 00:00:04 (84%)
V: 00:00:03 / 00:00:04 (85%)
V: 00:00:03 / 00:00:04 (86%)
V: 00:00:03 / 00:00:04 (87%)
V: 00:00:03 / 00:00:04 (88%)
V: 00:00:03 / 00:00:04 (89%)
V: 00:00:03 / 00:00:04 (90%)
V: 00:00:03 / 00:00:04 (91%)
V: 00:00:03 / 00:00:04 (92%)
V: 00:00:03 / 00:00:04 (93%)
V: 00:00:04 / 00:00:04 (94%)
V: 00:00:04 / 00:00:04 (95%)
V: 00:00:04 / 00:00:04 (96%)
V: 00:00:04 / 00:00:04 (97%)
V: 00:00:04 / 00:00:04 (98%)
V: 00:00:04 / 00:00:04 (99%)
V: 00:00:00 / 00:00:04 (0%)
V: 00:00:00 / 00:00:04 (1%)
V: 00:00:00 / 00:00:04 (2%)
V: 00:00:00 / 00:00:04 (3%)
V: 00:00:00 / 00:00:04 (4%)
V: 00:00:00 / 00:00:04 (5%)
V: 00:00:00 / 00:00:04 (6%)
V: 00:00:00 / 00:00:04 (7%)
V: 00:00:00 / 00:00:04 (8%)
V: 00:00:00 / 00:00:04 (9%)
V: 00:00:00 / 00:00:04 (10%)
V: 00:00:00 / 00:00:04 (11%)
V: 00:00:00 / 00:00:04 (12%)
V: 00:00:00 / 00:00:04 (13%)
V: 00:00:00 / 00:00:04 (14%)
V: 00:00:00 / 00:00:04 (15%)
V: 00:00:00 / 00:00:04 (16%)
V: 00:00:00 / 00:00:04 (17%)
V: 00:00:00 / 00:00:04 (18%)
V: 00:00:00 / 00:00:04 (19%)
V: 00:00:00 / 00:00:04 (20%)
V: 00:00:00 / 00:00:04 (21%)
V: 00:00:00 / 00:00:04 (22%)
V: 00:00:00 / 00:00:04 (23%)
V: 00:00:01 / 00:00:04 (23%)
V: 00:00:01 / 00:00:04 (24%)
V: 00:00:01 / 00:00:04 (25%)
V: 00:00:01 / 00:00:04 (26%)
V: 00:00:01 / 00:00:04 (27%)
V: 00:00:01 / 00:00:04 (28%)
V: 00:00:01 / 00:00:04 (29%)
V: 00:00:01 / 00:00:04 (30%)
V: 00:00:01 / 00:00:04 (31%)
V: 00:00:01 / 00:00:04 (32%)
V: 00:00:01 / 00:00:04 (33%)
V: 00:00:01 / 00:00:04 (34%)
V: 00:00:01 / 00:00:04 (35%)
V: 00:00:01 / 00:00:04 (36%)
V: 00:00:01 / 00:00:04 (37%)
V: 00:00:01 / 00:00:04 (38%)
V: 00:00:01 / 00:00:04 (39%)
V: 00:00:01 / 00:00:04 (40%)
V: 00:00:01 / 00:00:04 (41%)
V: 00:00:01 / 00:00:04 (42%)
V: 00:00:01 / 00:00:04 (43%)
V: 00:00:01 / 00:00:04 (44%)
V: 00:00:01 / 00:00:04 (45%)
V: 00:00:01 / 00:00:04 (46%)
V: 00:00:02 / 00:00:04 (47%)
V: 00:00:02 / 00:00:04 (48%)
V: 00:00:02 / 00:00:04 (49%)
V: 00:00:02 / 00:00:04 (50%)
V: 00:00:02 / 00:00:04 (51%)
V: 00:00:02 / 00:00:04 (52%)
V: 00:00:02 / 00:00:04 (53%)
V: 00:00:02 / 00:00:04 (54%)
V: 00:00:02 / 00:00:04 (55%)
V: 00:00:02 / 00:00:04 (56%)
V: 00:00:02 / 00:00:04 (57%)
V: 00:00:02 / 00:00:04 (58%)
V: 00:00:02 / 00:00:04 (59%)
V: 00:00:02 / 00:00:04 (60%)
V: 00:00:02 / 00:00:04 (61%)
V: 00:00:02 / 00:00:04 (62%)
V: 00:00:02 / 00:00:04 (63%)
V: 00:00:02 / 00:00:04 (64%)
V: 00:00:02 / 00:00:04 (65%)
V: 00:00:02 / 00:00:04 (66%)
V: 00:00:02 / 00:00:04 (67%)
V: 00:00:02 / 00:00:04 (68%)
V: 00:00:02 / 00:00:04 (69%)
V: 00:00:02 / 00:00:04 (70%)
V: 00:00:03 / 00:00:04 (70%)
V: 00:00:03 / 00:00:04 (71%)
V: 00:00:03 / 00:00:04 (72%)
V: 00:00:03 / 00:00:04 (73%)
V: 00:00:03 / 00:00:04 (74%)
V: 00:00:03 / 00:00:04 (75%)
V: 00:00:03 / 00:00:04 (76%)
V: 00:00:03 / 00:00:04 (77%)
V: 00:00:03 / 00:00:04 (78%)
V: 00:00:03 / 00:00:04 (79%)
V: 00:00:03 / 00:00:04 (80%)
V: 00:00:03 / 00:00:04 (81%)
V: 00:00:03 / 00:00:04 (82%)
V: 00:00:03 / 00:00:04 (83%)
V: 00:00:03 / 00:00:04 (84%)
V: 00:00:03 / 00:00:04 (85%)
V: 00:00:03 / 00:00:04 (86%)
V: 00:00:03 / 00:00:04 (87%)
V: 00:00:03 / 00:00:04 (88%)
V: 00:00:03 / 00:00:04 (89%)
V: 00:00:03 / 00:00:04 (90%)
V: 00:00:03 / 00:00:04 (91%)
V: 00:00:03 / 00:00:04 (92%)
V: 00:00:03 / 00:00:04 (93%)
V: 00:00:04 / 00:00:04 (94%)
V: 00:00:04 / 00:00:04 (95%)
V: 00:00:04 / 00:00:04 (96%)
V: 00:00:04 / 00:00:04 (97%)
V: 00:00:04 / 00:00:04 (98%)
V: 00:00:04 / 00:00:04 (99%)
V: 00:00:00 / 00:00:04 (0%)
V: 00:00:00 / 00:00:04 (1%)
V: 00:00:00 / 00:00:04 (2%)
V: 00:00:00 / 00:00:04 (3%)
V: 00:00:00 / 00:00:04 (4%)
V: 00:00:00 / 00:00:04 (5%)
V: 00:00:00 / 00:00:04 (6%)
V: 00:00:00 / 00:00:04 (7%)
V: 00:00:00 / 00:00:04 (8%)
V: 00:00:00 / 00:00:04 (9%)
V: 00:00:00 / 00:00:04 (10%)
V: 00:00:00 / 00:00:04 (11%)
V: 00:00:00 / 00:00:04 (12%)
V: 00:00:00 / 00:00:04 (13%)
V: 00:00:00 / 00:00:04 (14%)
V: 00:00:00 / 00:00:04 (15%)
V: 00:00:00 / 00:00:04 (16%)
V: 00:00:00 / 00:00:04 (17%)
V: 00:00:00 / 00:00:04 (18%)
V: 00:00:00 / 00:00:04 (19%)
V: 00:00:00 / 00:00:04 (20%)
V: 00:00:00 / 00:00:04 (21%)
V: 00:00:00 / 00:00:04 (22%)
V: 00:00:00 / 00:00:04 (23%)
V: 00:00:01 / 00:00:04 (23%)
V: 00:00:01 / 00:00:04 (24%)
V: 00:00:01 / 00:00:04 (25%)
V: 00:00:01 / 00:00:04 (26%)
V: 00:00:01 / 00:00:04 (27%)
V: 00:00:01 / 00:00:04 (28%)
V: 00:00:01 / 00:00:04 (29%)
V: 00:00:01 / 00:00:04 (30%)
V: 00:00:01 / 00:00:04 (31%)
V: 00:00:01 / 00:00:04 (32%)
V: 00:00:01 / 00:00:04 (33%)
V: 00:00:01 / 00:00:04 (34%)
V: 00:00:01 / 00:00:04 (35%)
V: 00:00:01 / 00:00:04 (36%)
V: 00:00:01 / 00:00:04 (37%)
V: 00:00:01 / 00:00:04 (38%)
V: 00:00:01 / 00:00:04 (39%)
V: 00:00:01 / 00:00:04 (40%)
V: 00:00:01 / 00:00:04 (41%)
V: 00:00:01 / 00:00:04 (42%)
V: 00:00:01 / 00:00:04 (43%)
V: 00:00:01 / 00:00:04 (44%)
V: 00:00:01 / 00:00:04 (45%)
V: 00:00:01 / 00:00:04 (46%)
V: 00:00:02 / 00:00:04 (47%)
V: 00:00:02 / 00:00:04 (48%)
V: 00:00:02 / 00:00:04 (49%)
V: 00:00:02 / 00:00:04 (50%)
V: 00:00:02 / 00:00:04 (51%)
V: 00:00:02 / 00:00:04 (52%)
V: 00:00:02 / 00:00:04 (53%)
V: 00:00:02 / 00:00:04 (54%)
V: 00:00:02 / 00:00:04 (55%)
V: 00:00:02 / 00:00:04 (56%)
Exiting... (Quit)
