Input #0, rawvideo, from 'fd:':
  Duration: N/A, start: 0.000000, bitrate: 294912 kb/s
  Stream #0:0: Video: rawvideo, nv16, 640x480, 294912 kb/s, 60 tbr, 60 tbn
Stream mapping:
  Stream #0:0 -> #0:0 (rawvideo (native) -> rawvideo (native))
Output #0, rawvideo, to 'pipe:':
  Metadata:
    encoder         : Lavf61.7.103
  Stream #0:0: Video: rawvideo (BGR[0] / 0x524742), bgr0(pc, gbr/unknown/unknown, progressive), 1280x720, q=2-31, 1327104 kb/s, 60 fps, 60 tbn
      Metadata:
        encoder         : Lavc61.19.101 rawvideo
frame=   13 fps=0.0 q=-0.0 size=   43200KiB time=00:00:00.21 bitrate=1633356.3kbits/s speed=0.433x
frame=   27 fps= 27 q=-0.0 size=   93600KiB time=00:00:00.45 bitrate=1703936.0kbits/s speed=0.449x
frame=   41 fps= 27 q=-0.0 size=  144000KiB time=00:00:00.68 bitrate=1726315.0kbits/s speed=0.455x
frame=   56 fps= 28 q=-0.0 size=  198000KiB time=00:00:00.93 bitrate=1737874.9kbits/s speed=0.466x
frame=   70 fps= 28 q=-0.0 size=  248400KiB time=00:00:01.16 bitrate=1744193.3kbits/s speed=0.465x
frame=   85 fps= 28 q=-0.0 size=  302400KiB time=00:00:01.41 bitrate=1748654.3kbits/s speed=0.471x
frame=  101 fps= 29 q=-0.0 size=  360000KiB time=00:00:01.68 bitrate=1751952.8kbits/s speed=0.479x
frame=  117 fps= 29 q=-0.0 size=  417600KiB time=00:00:01.95 bitrate=1754348.3kbits/s speed=0.485x
[out#0/rawvideo @ 0xaaaaca9cfec0] video:432000KiB audio:0KiB subtitle:0KiB other streams:0KiB global headers:0KiB muxing overhead: 0.000000%
frame=  120 fps= 30 q=-0.0 Lsize=  432000KiB time=00:00:02.00 bitrate=1769472.0kbits/s speed=0.494x
