[   0.029][v][cplayer] mpv v0.40.0 Copyright © 2000-2025 mpv/MPlayer/mplayer2 projects
[   0.029][v][cplayer]  built on Sep 17 2026 20:39:39
[   0.030][v][cplayer] libplacebo version: v7.349.0
[   0.035][v][cplayer] FFmpeg version: 7.1.5-0+deb13u1
[   0.035][v][cplayer] FFmpeg library versions:
[   0.035][v][cplayer]    libavcodec      61.19.101
[   0.035][v][cplayer]    libavfilter     10.5.100
[   0.035][v][cplayer]    libavformat     61.7.103
[   0.035][v][cplayer]    libavutil       59.39.100
[   0.035][v][cplayer]    libswresample   5.3.100
[   0.035][v][cplayer]    libswscale      8.3.100
[   0.035][v][cplayer] Configuration: -Dauto_features=disabled -Dalsa=enabled -Ddrm=enabled -Dgl=disabled -Dlibmpv=false -Dvaapi=enabled -Dvaapi-drm=enabled -Dbuildtype=release
[   0.035][v][cplayer] List of enabled features: alsa build-date drm ffmpeg glibc-thread-name glob glob-posix gpl libass libdl libplacebo linux-fstatfs memrchr posix posix-shm ppoll pthread-condattr-setclock vaapi vaapi-drm vt.h
[   0.036][v][cplayer] Command line options: '--no-config' '--no-audio' '--no-terminal' '--log-file=/tmp/h713-panel-preview-20260926T062254Z-mpv.log' '--vo=drm' '--drm-device=/dev/dri/card0' '--demuxer=rawvideo' '--demuxer-rawvideo-w=1280' '--demuxer-rawvideo-h=720' '--demuxer-rawvideo-fps=20' '--demuxer-rawvideo-mp-format=bgr0' '-'
[   0.036][v][cplayer] mpv v0.40.0 Copyright © 2000-2025 mpv/MPlayer/mplayer2 projects
[   0.036][v][cplayer]  built on Sep 17 2026 20:39:39
[   0.036][v][cplayer] libplacebo version: v7.349.0
[   0.036][v][cplayer] FFmpeg version: 7.1.5-0+deb13u1
[   0.036][v][cplayer] FFmpeg library versions:
[   0.036][v][cplayer]    libavcodec      61.19.101
[   0.036][v][cplayer]    libavfilter     10.5.100
[   0.036][v][cplayer]    libavformat     61.7.103
[   0.036][v][cplayer]    libavutil       59.39.100
[   0.036][v][cplayer]    libswresample   5.3.100
[   0.036][v][cplayer]    libswscale      8.3.100
[   0.036][v][cplayer] Configuration: -Dauto_features=disabled -Dalsa=enabled -Ddrm=enabled -Dgl=disabled -Dlibmpv=false -Dvaapi=enabled -Dvaapi-drm=enabled -Dbuildtype=release
[   0.036][v][cplayer] List of enabled features: alsa build-date drm ffmpeg glibc-thread-name glob glob-posix gpl libass libdl libplacebo linux-fstatfs memrchr posix posix-shm ppoll pthread-condattr-setclock vaapi vaapi-drm vt.h
[   0.036][d][global] home path: '' -> '-'
[   0.036][d][global] user path: '~~home/' -> ''
[   0.036][d][global] user path: '~~old_home/' -> ''
[   0.036][v][cplayer] Setting option 'config' = 'no' (flags = 8)
[   0.036][v][cplayer] Setting option 'audio' = 'no' (flags = 8)
[   0.036][v][cplayer] Setting option 'terminal' = 'no' (flags = 8)
[   0.036][v][cplayer] Setting option 'log-file' = '/tmp/h713-panel-preview-20260926T062254Z-mpv.log' (flags = 8)
[   0.036][v][cplayer] Setting option 'vo' = 'drm' (flags = 8)
[   0.036][v][cplayer] Setting option 'drm-device' = '/dev/dri/card0' (flags = 8)
[   0.036][v][cplayer] Setting option 'demuxer' = 'rawvideo' (flags = 8)
[   0.036][v][cplayer] Setting option 'demuxer-rawvideo-w' = '1280' (flags = 8)
[   0.037][v][cplayer] Setting option 'demuxer-rawvideo-h' = '720' (flags = 8)
[   0.037][v][cplayer] Setting option 'demuxer-rawvideo-fps' = '20' (flags = 8)
[   0.037][v][cplayer] Setting option 'demuxer-rawvideo-mp-format' = 'bgr0' (flags = 8)
[   0.046][v][clipboard] Initialized vo clipboard backend.
[   0.047][d][global] state path: 'watch_later' -> '-'
[   0.047][d][global] state path: 'watch_later' -> '-'
[   0.047][v][file] Opening -
[   0.047][i][file] Reading from stdin...
[   0.047][d][file] resize stream to 131072 bytes, drop 0 bytes
[   0.047][d][file] Stream opened successfully.
[   0.047][v][demux] Trying demuxers for level=request.
[   0.048][d][demux] Trying demuxer: rawvideo (force-level: request)
[   0.055][v][demux] Detected file format: Uncompressed video
[   0.055][v][demux] Stream is not seekable.
[   0.055][v][cplayer] Opening done: -
[   0.056][v][rawvideo] select track 0
[   0.056][i][cplayer] ● Video  --vid=1  (rawvideo 1280x720 20 fps)
[   0.056][e][vo/drm/drm] Can't open TTY for VT control: No such device or address
[   0.056][w][vo/drm/drm] Failed to set up VT switcher. Terminal switching will be unavailable.
[   0.057][v][vo/drm/drm] Driver: sun50i-h713-afbd 1.0.0 (0)
[   0.057][v][vo/drm/drm] Connector 33 currently connected to encoder 37
[   0.057][v][vo/drm/drm] Selected Encoder 37 with CRTC 36
[   0.057][v][vo/drm/drm] Selected mode: 1280x720 (1280x720@59.97Hz)
[   0.057][v][vo/drm/drm] Unable to get EDID blob from connector.
[   0.057][v][vo/drm/drm] DRM Atomic support found
[   0.057][v][vo/drm/drm] Using primary plane 34 as draw plane
[   0.057][v][vo/drm/drm] Using overlay plane 38 as drmprime plane
[   0.076][v][vo/drm/drm] crtc is not VRR capable
[   0.086][v][vo/drm/drm] Monitor pixel aspect: 1
[   0.086][d][ffmpeg] AVHWDeviceContext: libva: VA-API version 1.22.0
[   0.091][e][ffmpeg] AVHWDeviceContext: libva: vaGetDriverNames() failed with operation failed
[   0.091][e][ffmpeg] AVHWDeviceContext: Failed to initialise VAAPI connection: 1 (operation failed).
[   0.091][w][vo/drm] Could not create VAAPI device for direct scanout: Input/output error
[   0.091][v][vo/drm] Assuming 59.974033 FPS for display sync.
[   0.092][v][vd] Container reported FPS: 20.000000
[   0.096][v][vd] Codec list:
[   0.096][v][vd]     rawvideo - raw video
[   0.096][v][vd] Opening decoder rawvideo
[   0.098][v][vd] No hardware decoding requested.
[   0.098][v][vd] Using software decoding.
[   0.099][v][vd] Detected 4 logical cores.
[   0.099][v][vd] Requesting 5 threads for decoding.
[   0.103][v][vd] Selected decoder: rawvideo - raw video
[   0.103][v][vf] User filter list:
[   0.103][v][vf]   (empty)
[   0.103][v][cplayer] Starting playback...
[   0.250][v][vd] Using software decoding.
[   0.250][v][vd] Decoder format: 1280x720 [0:1] bgr0 auto/auto/auto/auto/auto CL=unknown crop=1280x720+0+0
[   0.251][v][vf] [in] 1280x720 bgr0 rgb/bt.709/srgb/full/display CL=mpeg1/jpeg crop=1280x720+0+0
[   0.251][v][vf] [userdeint] 1280x720 bgr0 rgb/bt.709/srgb/full/display CL=mpeg1/jpeg crop=1280x720+0+0
[   0.251][v][vf] [userdeint] (disabled)
[   0.251][v][vf] [autorotate] 1280x720 bgr0 rgb/bt.709/srgb/full/display CL=mpeg1/jpeg crop=1280x720+0+0
[   0.252][v][vf] [autorotate] (disabled)
[   0.252][v][vf] [convert] 1280x720 bgr0 rgb/bt.709/srgb/full/display CL=mpeg1/jpeg crop=1280x720+0+0
[   0.254][v][vf] [convert] (disabled)
[   0.255][v][vf] [out] 1280x720 bgr0 rgb/bt.709/srgb/full/display CL=mpeg1/jpeg crop=1280x720+0+0
[   0.263][d][rawvideo] stream 0: resize index to 128
[   0.270][i][cplayer] VO: [drm] 1280x720 bgr0
[   0.270][v][cplayer] VO: Description: Direct Rendering Manager (software or DRM PRIME plane)
[   0.270][v][vo/drm] reconfig to 1280x720 bgr0 rgb/bt.709/srgb/full/display CL=mpeg1/jpeg crop=1280x720+0+0
[   0.270][v][vo/drm] Window size: 1280x720 (Borders: l=0 t=0 r=0 b=0)
[   0.270][v][vo/drm] Video source: 1280x720 (1:1)
[   0.270][v][vo/drm] Video display: (0, 0) 1280x720 -> (0, 0) 1280x720
[   0.270][v][vo/drm] Video scale: 1.000000/1.000000
[   0.270][v][vo/drm] OSD borders: l=0 t=0 r=0 b=0
[   0.270][v][vo/drm] Video borders: l=0 t=0 r=0 b=0
[   0.270][v][ffmpeg] swscaler: using unscaled bgra -> bgra special converter
[   0.270][v][vo/drm] unaligned libswscale parameter; using slow copy.
[   0.304][v][cplayer] first video frame after restart shown
[   0.304][d][cplayer] starting video playback
[   0.304][v][cplayer] playback restart complete @ 0.000000, audio=eof, video=playing
[   4.300][v][rawvideo] EOF reached.
[   6.154][v][vf] filter input EOF
[   6.155][v][vf] filter output EOF
[   6.204][v][cplayer] video EOF reached
[   6.204][d][cplayer] video EOF (status=4)
[   6.204][v][cplayer] EOF code: 1
[   6.205][d][vd] Uninit decoder.
[   6.205][d][cplayer] Terminating demuxers...
[   6.206][d][cplayer] Done terminating demuxers.
[   6.206][v][cplayer] finished playback, success (reason 0)
[   6.206][i][cplayer] Exiting... (End of file)
[   6.266][v][vo/drm/drm] Failed to commit atomic request: Error number 22 occurred
