[  253.604333] h713-mips-trace: {"comm":"c013:return-send-done","call":"e011:call-dispatch-done","ack":"f003:return-ack-done","queue":"00000000","callback":"5102:callback-queued","worker":"5203:transition-complete","event":6,"new":1,"old":0,"source_queue":"00000000","vp_init":"7105","frame":"0000","dirty":"00000000","mode":"ffffffff","control":"00000000","commit":"ffffffff","dirty_latch":"ffffffff","seconds":0.0}
[  266.090776] cpu_comm: MIPS callback channel pid=665 id=0x2991
[  266.147930] cpu_comm: addressing channel chan=0x0 pid=0x8b8f275c (key 0xb8f275c0)
[  266.155498] sunxi_cpu_comm_send_intr_to_mips: 32 callbacks suppressed
[  266.155512] cpu_comm: msgbox tx raw=0x00000000 (CALL), fifo now 0
[  266.156382] cpu_comm_msgbox_drain: 32 callbacks suppressed
[  266.156395] cpu_comm: msgbox rx raw=0x00000002 (CALL_ACK)
[  266.157884] h713-mips-trace: {"comm":"b001:other","call":"e011:call-dispatch-done","ack":"f003:return-ack-done","queue":"00000000","callback":"5102:callback-queued","worker":"5203:transition-complete","event":6,"new":1,"old":0,"source_queue":"00000000","vp_init":"7105","frame":"0000","dirty":"00000000","mode":"ffffffff","control":"00000000","commit":"ffffffff","dirty_latch":"ffffffff","seconds":12.553}
[  266.166190] h713-mips-trace: {"comm":"b004:handler-enter","call":"e011:call-dispatch-done","ack":"f003:return-ack-done","queue":"00000000","callback":"5102:callback-queued","worker":"5203:transition-complete","event":6,"new":1,"old":0,"source_queue":"00000000","vp_init":"7103","frame":"0000","dirty":"00000000","mode":"ffffffff","control":"00000000","commit":"ffffffff","dirty_latch":"ffffffff","seconds":12.562}
[  266.168183] cpu_comm_trace_ipc: 116 callbacks suppressed
[  266.168198] cpu_comm: IPC[msg_cb] type=2(CALL_ACK) dir=2(REMOTE/MIPS) cpu=1 ARM=0x5 MIPS=0x5
[  266.176747] h713-mips-trace: {"comm":"c009:return-ack-wait","call":"e011:call-dispatch-done","ack":"f003:return-ack-done","queue":"00000000","callback":"5102:callback-queued","worker":"5203:transition-complete","event":6,"new":1,"old":0,"source_queue":"00000000","vp_init":"7105","frame":"0000","dirty":"00000000","mode":"ffffffff","control":"00000000","commit":"ffffffff","dirty_latch":"ffffffff","seconds":12.572}
[  266.179097] cpu_comm: IPC[handle_call_ack] type=2(CALL_ACK) dir=-1(OTHER) cpu=1 ARM=0x5 MIPS=0x5
[  266.309920] cpu_comm: IPC[dispatch] type=2(CALL_ACK) dir=-1(OTHER) cpu=1 ARM=0x5 MIPS=0x5
[  266.318111] cpu_comm: msgbox rx raw=0x00000001 (RETURN)
[  266.323345] cpu_comm: IPC[msg_cb] type=1(RETURN) dir=2(REMOTE/MIPS) cpu=1 ARM=0x5 MIPS=0x5
[  266.331611] cpu_comm: IPC[handle_return] type=1(RETURN) dir=-1(OTHER) cpu=1 ARM=0x5 MIPS=0x5
[  266.340052] cpu_comm: IPC[dispatch] type=1(RETURN) dir=-1(OTHER) cpu=1 ARM=0x5 MIPS=0x5
[  266.348076] cpu_comm: msgbox tx raw=0x00000003 (RETURN_ACK), fifo now 0
[  266.350336] h713-mips-trace: {"comm":"c013:return-send-done","call":"e011:call-dispatch-done","ack":"f003:return-ack-done","queue":"00000000","callback":"5102:callback-queued","worker":"5203:transition-complete","event":6,"new":1,"old":0,"source_queue":"00000000","vp_init":"7105","frame":"0000","dirty":"00000000","mode":"ffffffff","control":"00000000","commit":"ffffffff","dirty_latch":"ffffffff","seconds":12.746}
[  266.398340] cpu_comm: addressing channel chan=0x0 pid=0x8b8f275c (key 0xb8f275c0)
[  266.405875] cpu_comm: msgbox tx raw=0x00000000 (CALL), fifo now 0
[  266.406618] cpu_comm: msgbox rx raw=0x00000002 (CALL_ACK)
[  266.407826] h713-mips-trace: {"comm":"c009:return-ack-wait","call":"e011:call-dispatch-done","ack":"f003:return-ack-done","queue":"00000000","callback":"5102:callback-queued","worker":"5203:transition-complete","event":6,"new":1,"old":0,"source_queue":"00000000","vp_init":"7105","frame":"0000","dirty":"00000000","mode":"ffffffff","control":"00000000","commit":"ffffffff","dirty_latch":"ffffffff","seconds":12.804}
[  266.453828] cpu_comm: IPC[msg_cb] type=2(CALL_ACK) dir=2(REMOTE/MIPS) cpu=1 ARM=0x5 MIPS=0x5
[  266.462277] cpu_comm: IPC[handle_call_ack] type=2(CALL_ACK) dir=-1(OTHER) cpu=1 ARM=0x5 MIPS=0x5
[  266.471062] cpu_comm: IPC[dispatch] type=2(CALL_ACK) dir=-1(OTHER) cpu=1 ARM=0x5 MIPS=0x5
[  266.479249] cpu_comm: msgbox rx raw=0x00000001 (RETURN)
[  266.484481] cpu_comm: IPC[msg_cb] type=1(RETURN) dir=2(REMOTE/MIPS) cpu=1 ARM=0x5 MIPS=0x5
[  266.492772] cpu_comm: msgbox tx raw=0x00000003 (RETURN_ACK), fifo now 0
[  266.494721] h713-mips-trace: {"comm":"c013:return-send-done","call":"e011:call-dispatch-done","ack":"f003:return-ack-done","queue":"00000000","callback":"5102:callback-queued","worker":"5203:transition-complete","event":6,"new":1,"old":0,"source_queue":"00000000","vp_init":"7105","frame":"0000","dirty":"00000000","mode":"ffffffff","control":"00000000","commit":"ffffffff","dirty_latch":"ffffffff","seconds":12.89}
[  266.542941] cpu_comm: addressing channel chan=0x0 pid=0x8b8f275c (key 0xb8f275c0)
[  266.550473] cpu_comm: msgbox tx raw=0x00000000 (CALL), fifo now 0
[  266.551121] cpu_comm: msgbox rx raw=0x00000002 (CALL_ACK)
[  266.552434] h713-mips-trace: {"comm":"c009:return-ack-wait","call":"e011:call-dispatch-done","ack":"f003:return-ack-done","queue":"00000000","callback":"5102:callback-queued","worker":"5203:transition-complete","event":6,"new":1,"old":0,"source_queue":"00000000","vp_init":"7105","frame":"0000","dirty":"00000000","mode":"ffffffff","control":"00000000","commit":"ffffffff","dirty_latch":"ffffffff","seconds":12.948}
[  266.598432] cpu_comm: msgbox rx raw=0x00000001 (RETURN)
[  266.603691] cpu_comm: msgbox tx raw=0x00000003 (RETURN_ACK), fifo now 0
[  266.606086] h713-mips-trace: {"comm":"c013:return-send-done","call":"e011:call-dispatch-done","ack":"f003:return-ack-done","queue":"00000000","callback":"5102:callback-queued","worker":"5203:transition-complete","event":6,"new":1,"old":0,"source_queue":"00000000","vp_init":"7105","frame":"0000","dirty":"00000000","mode":"ffffffff","control":"00000000","commit":"ffffffff","dirty_latch":"ffffffff","seconds":13.002}
[  266.653962] cpu_comm: addressing channel chan=0x0 pid=0x8b8f275c (key 0xb8f275c0)
[  266.661494] cpu_comm: msgbox tx raw=0x00000000 (CALL), fifo now 0
[  266.662118] cpu_comm: msgbox rx raw=0x00000002 (CALL_ACK)
[  266.663576] h713-mips-trace: {"comm":"c009:return-ack-wait","call":"e011:call-dispatch-done","ack":"f003:return-ack-done","queue":"00000000","callback":"5102:callback-queued","worker":"5203:transition-complete","event":6,"new":1,"old":0,"source_queue":"00000000","vp_init":"7105","frame":"0000","dirty":"00000000","mode":"ffffffff","control":"00000000","commit":"ffffffff","dirty_latch":"ffffffff","seconds":13.059}
[  266.709447] cpu_comm: msgbox rx raw=0x00000001 (RETURN)
[  266.714704] cpu_comm: msgbox tx raw=0x00000003 (RETURN_ACK), fifo now 0
[  266.717183] h713-mips-trace: {"comm":"c013:return-send-done","call":"e011:call-dispatch-done","ack":"f003:return-ack-done","queue":"00000000","callback":"5102:callback-queued","worker":"5203:transition-complete","event":6,"new":1,"old":0,"source_queue":"00000000","vp_init":"7105","frame":"0000","dirty":"00000000","mode":"ffffffff","control":"00000000","commit":"ffffffff","dirty_latch":"ffffffff","seconds":13.113}
[  266.764963] cpu_comm: addressing channel chan=0x0 pid=0x8b8f275c (key 0xb8f275c0)
[  266.772495] cpu_comm: msgbox tx raw=0x00000000 (CALL), fifo now 0
[  266.773119] cpu_comm: msgbox rx raw=0x00000002 (CALL_ACK)
[  266.774401] h713-mips-trace: {"comm":"c009:return-ack-wait","call":"e011:call-dispatch-done","ack":"f003:return-ack-done","queue":"00000000","callback":"5102:callback-queued","worker":"5203:transition-complete","event":6,"new":1,"old":0,"source_queue":"00000000","vp_init":"7105","frame":"0000","dirty":"00000000","mode":"ffffffff","control":"00000000","commit":"ffffffff","dirty_latch":"ffffffff","seconds":13.17}
[  266.820362] cpu_comm: msgbox rx raw=0x00000001 (RETURN)
[  266.825619] cpu_comm: msgbox tx raw=0x00000003 (RETURN_ACK), fifo now 0
[  266.828009] h713-mips-trace: {"comm":"c013:return-send-done","call":"e011:call-dispatch-done","ack":"f003:return-ack-done","queue":"00000000","callback":"5102:callback-queued","worker":"5203:transition-complete","event":6,"new":1,"old":0,"source_queue":"00000000","vp_init":"7105","frame":"0000","dirty":"00000000","mode":"ffffffff","control":"00000000","commit":"ffffffff","dirty_latch":"ffffffff","seconds":13.224}
[  266.875777] cpu_comm: addressing channel chan=0x0 pid=0x8b8f275c (key 0xb8f275c0)
[  266.885494] h713-mips-trace: {"comm":"b004:handler-enter","call":"e011:call-dispatch-done","ack":"f003:return-ack-done","queue":"00000000","callback":"5102:callback-queued","worker":"5203:transition-complete","event":6,"new":1,"old":0,"source_queue":"00000000","vp_init":"7105","frame":"0000","dirty":"00000000","mode":"ffffffff","control":"00000000","commit":"ffffffff","dirty_latch":"ffffffff","seconds":13.281}
[  266.924643] h713-mips-trace: {"comm":"c013:return-send-done","call":"e011:call-dispatch-done","ack":"f003:return-ack-done","queue":"00000000","callback":"5102:callback-queued","worker":"5203:transition-complete","event":6,"new":1,"old":0,"source_queue":"00000000","vp_init":"7105","frame":"0000","dirty":"00000000","mode":"ffffffff","control":"00000000","commit":"ffffffff","dirty_latch":"ffffffff","seconds":13.32}
[  266.972007] cpu_comm: addressing channel chan=0x0 pid=0x8b8f275c (key 0xb8f275c0)
[  266.982135] h713-mips-trace: {"comm":"b004:handler-enter","call":"e011:call-dispatch-done","ack":"f003:return-ack-done","queue":"00000000","callback":"5102:callback-queued","worker":"5203:transition-complete","event":6,"new":1,"old":0,"source_queue":"00000000","vp_init":"7105","frame":"0000","dirty":"00000000","mode":"ffffffff","control":"00000000","commit":"ffffffff","dirty_latch":"ffffffff","seconds":13.378}
[  267.021253] h713-mips-trace: {"comm":"c013:return-send-done","call":"e011:call-dispatch-done","ack":"f003:return-ack-done","queue":"00000000","callback":"5102:callback-queued","worker":"5203:transition-complete","event":6,"new":1,"old":0,"source_queue":"00000000","vp_init":"7105","frame":"0000","dirty":"00000000","mode":"ffffffff","control":"00000000","commit":"ffffffff","dirty_latch":"ffffffff","seconds":13.417}
[  267.068633] cpu_comm: addressing channel chan=0x0 pid=0x8b8f275c (key 0xb8f275c0)
[  267.078277] h713-mips-trace: {"comm":"c009:return-ack-wait","call":"e011:call-dispatch-done","ack":"f003:return-ack-done","queue":"00000000","callback":"5102:callback-queued","worker":"5203:transition-complete","event":6,"new":1,"old":0,"source_queue":"00000000","vp_init":"7105","frame":"0000","dirty":"00000000","mode":"ffffffff","control":"00000000","commit":"ffffffff","dirty_latch":"ffffffff","seconds":13.474}
[  267.117540] h713-mips-trace: {"comm":"c013:return-send-done","call":"e011:call-dispatch-done","ack":"f003:return-ack-done","queue":"00000000","callback":"5102:callback-queued","worker":"5203:transition-complete","event":6,"new":1,"old":0,"source_queue":"00000000","vp_init":"7105","frame":"0000","dirty":"00000000","mode":"ffffffff","control":"00000000","commit":"ffffffff","dirty_latch":"ffffffff","seconds":13.513}
[  267.128032] cpu_comm: addressing channel chan=0x0 pid=0x8b8f275c (key 0xb8f275c0)
[  267.163464] h713-mips-trace: {"comm":"b004:handler-enter","call":"e011:call-dispatch-done","ack":"f003:return-ack-done","queue":"00000000","callback":"5102:callback-queued","worker":"5203:transition-complete","event":6,"new":1,"old":0,"source_queue":"00000000","vp_init":"7105","frame":"0000","dirty":"00000000","mode":"ffffffff","control":"00000000","commit":"ffffffff","dirty_latch":"ffffffff","seconds":13.559}
[  267.202379] h713-mips-trace: {"comm":"c013:return-send-done","call":"e011:call-dispatch-done","ack":"f003:return-ack-done","queue":"00000000","callback":"5102:callback-queued","worker":"5203:transition-complete","event":6,"new":1,"old":0,"source_queue":"00000000","vp_init":"7105","frame":"0000","dirty":"00000000","mode":"ffffffff","control":"00000000","commit":"ffffffff","dirty_latch":"ffffffff","seconds":13.598}
[  267.231289] cpu_comm: addressing channel chan=0x0 pid=0x8b8f275c (key 0xb8f275c0)
[  267.248233] h713-mips-trace: {"comm":"c009:return-ack-wait","call":"e011:call-dispatch-done","ack":"f003:return-ack-done","queue":"00000000","callback":"5102:callback-queued","worker":"5203:transition-complete","event":6,"new":1,"old":0,"source_queue":"00000000","vp_init":"7105","frame":"0000","dirty":"00000000","mode":"ffffffff","control":"00000000","commit":"ffffffff","dirty_latch":"ffffffff","seconds":13.644}
[  267.287308] h713-mips-trace: {"comm":"c013:return-send-done","call":"e011:call-dispatch-done","ack":"f003:return-ack-done","queue":"00000000","callback":"5102:callback-queued","worker":"5203:transition-complete","event":6,"new":1,"old":0,"source_queue":"00000000","vp_init":"7105","frame":"0000","dirty":"00000000","mode":"ffffffff","control":"00000000","commit":"ffffffff","dirty_latch":"ffffffff","seconds":13.683}
[  267.298021] cpu_comm: addressing channel chan=0x0 pid=0x8b8f275c (key 0xb8f275c0)
[  267.333124] h713-mips-trace: {"comm":"c008:other","call":"e011:call-dispatch-done","ack":"f003:return-ack-done","queue":"00000000","callback":"5102:callback-queued","worker":"5203:transition-complete","event":7,"new":0,"old":0,"source_queue":"00000000","vp_init":"7105","frame":"0000","dirty":"00000000","mode":"ffffffff","control":"00000000","commit":"ffffffff","dirty_latch":"ffffffff","seconds":13.729}
[  267.371263] h713-mips-trace: {"comm":"c013:return-send-done","call":"e011:call-dispatch-done","ack":"f003:return-ack-done","queue":"00000000","callback":"5102:callback-queued","worker":"5203:transition-complete","event":7,"new":0,"old":0,"source_queue":"00000000","vp_init":"7105","frame":"0000","dirty":"00000000","mode":"ffffffff","control":"00000000","commit":"ffffffff","dirty_latch":"ffffffff","seconds":13.767}
[  267.383045] cpu_comm: addressing channel chan=0x0 pid=0x8b8f275c (key 0xb8f275c0)
[  267.417110] h713-mips-trace: {"comm":"c009:return-ack-wait","call":"e011:call-dispatch-done","ack":"f003:return-ack-done","queue":"00000000","callback":"5102:callback-queued","worker":"5203:transition-complete","event":7,"new":0,"old":0,"source_queue":"00000000","vp_init":"7105","frame":"0000","dirty":"00000000","mode":"ffffffff","control":"00000000","commit":"ffffffff","dirty_latch":"ffffffff","seconds":13.813}
[  267.456120] h713-mips-trace: {"comm":"c013:return-send-done","call":"e011:call-dispatch-done","ack":"f003:return-ack-done","queue":"00000000","callback":"5102:callback-queued","worker":"5203:transition-complete","event":7,"new":0,"old":0,"source_queue":"00000000","vp_init":"7105","frame":"0000","dirty":"00000000","mode":"ffffffff","control":"00000000","commit":"ffffffff","dirty_latch":"ffffffff","seconds":13.852}
[  267.467039] cpu_comm: addressing channel chan=0x0 pid=0x8b8f275c (key 0xb8f275c0)
[  267.501929] h713-mips-trace: {"comm":"c008:other","call":"e011:call-dispatch-done","ack":"f003:return-ack-done","queue":"00000000","callback":"5102:callback-queued","worker":"5203:transition-complete","event":6,"new":1,"old":0,"source_queue":"00000000","vp_init":"7105","frame":"0000","dirty":"00000000","mode":"ffffffff","control":"00000000","commit":"ffffffff","dirty_latch":"ffffffff","seconds":13.898}
[  267.540107] h713-mips-trace: {"comm":"c013:return-send-done","call":"e011:call-dispatch-done","ack":"f003:return-ack-done","queue":"00000000","callback":"5102:callback-queued","worker":"5203:transition-complete","event":6,"new":1,"old":0,"source_queue":"00000000","vp_init":"7105","frame":"0000","dirty":"00000000","mode":"ffffffff","control":"00000000","commit":"ffffffff","dirty_latch":"ffffffff","seconds":13.936}
[  267.552012] cpu_comm: addressing channel chan=0x0 pid=0x8b8f275c (key 0xb8f275c0)
[  267.585937] h713-mips-trace: {"comm":"c007:other","call":"e011:call-dispatch-done","ack":"f003:return-ack-done","queue":"00000000","callback":"5102:callback-queued","worker":"5203:transition-complete","event":6,"new":1,"old":0,"source_queue":"00000000","vp_init":"7105","frame":"0000","dirty":"00000000","mode":"ffffffff","control":"00000000","commit":"ffffffff","dirty_latch":"ffffffff","seconds":13.982}
[  267.624102] h713-mips-trace: {"comm":"c013:return-send-done","call":"e011:call-dispatch-done","ack":"f003:return-ack-done","queue":"00000000","callback":"5102:callback-queued","worker":"5203:transition-complete","event":6,"new":1,"old":0,"source_queue":"00000000","vp_init":"7105","frame":"0000","dirty":"00000000","mode":"ffffffff","control":"00000000","commit":"ffffffff","dirty_latch":"ffffffff","seconds":14.02}
[  267.636023] cpu_comm: addressing channel chan=0x0 pid=0x8b8f275c (key 0xb8f275c0)
[  267.669879] h713-mips-trace: {"comm":"c007:other","call":"e011:call-dispatch-done","ack":"f003:return-ack-done","queue":"00000000","callback":"5102:callback-queued","worker":"5203:transition-complete","event":6,"new":1,"old":0,"source_queue":"00000000","vp_init":"7105","frame":"0000","dirty":"00000000","mode":"ffffffff","control":"00000000","commit":"ffffffff","dirty_latch":"ffffffff","seconds":14.066}
[  267.707988] h713-mips-trace: {"comm":"c013:return-send-done","call":"e011:call-dispatch-done","ack":"f003:return-ack-done","queue":"00000000","callback":"5102:callback-queued","worker":"5203:transition-complete","event":6,"new":1,"old":0,"source_queue":"00000000","vp_init":"7105","frame":"0000","dirty":"00000000","mode":"ffffffff","control":"00000000","commit":"ffffffff","dirty_latch":"ffffffff","seconds":14.104}
[  267.719771] cpu_comm: addressing channel chan=0x0 pid=0x8b8f275c (key 0xb8f275c0)
[  267.753838] h713-mips-trace: {"comm":"c007:other","call":"e011:call-dispatch-done","ack":"f003:return-ack-done","queue":"00000000","callback":"5102:callback-queued","worker":"5203:transition-complete","event":6,"new":1,"old":0,"source_queue":"00000000","vp_init":"7105","frame":"0000","dirty":"00000000","mode":"ffffffff","control":"00000000","commit":"ffffffff","dirty_latch":"ffffffff","seconds":14.15}
[  267.791919] h713-mips-trace: {"comm":"c013:return-send-done","call":"e011:call-dispatch-done","ack":"f003:return-ack-done","queue":"00000000","callback":"5102:callback-queued","worker":"5203:transition-complete","event":6,"new":1,"old":0,"source_queue":"00000000","vp_init":"7105","frame":"0000","dirty":"00000000","mode":"ffffffff","control":"00000000","commit":"ffffffff","dirty_latch":"ffffffff","seconds":14.188}
[  267.803786] cpu_comm: addressing channel chan=0x0 pid=0x8b8f275c (key 0xb8f275c0)
[  267.837767] h713-mips-trace: {"comm":"c009:return-ack-wait","call":"e011:call-dispatch-done","ack":"f003:return-ack-done","queue":"00000000","callback":"5102:callback-queued","worker":"5203:transition-complete","event":6,"new":1,"old":0,"source_queue":"00000000","vp_init":"7105","frame":"0000","dirty":"00000000","mode":"ffffffff","control":"00000000","commit":"ffffffff","dirty_latch":"ffffffff","seconds":14.234}
[  267.876820] h713-mips-trace: {"comm":"c013:return-send-done","call":"e011:call-dispatch-done","ack":"f003:return-ack-done","queue":"00000000","callback":"5102:callback-queued","worker":"5203:transition-complete","event":6,"new":1,"old":0,"source_queue":"00000000","vp_init":"7105","frame":"0000","dirty":"00000000","mode":"ffffffff","control":"00000000","commit":"ffffffff","dirty_latch":"ffffffff","seconds":14.273}
[  267.887531] cpu_comm: addressing channel chan=0x0 pid=0x8b8f275c (key 0xb8f275c0)
[  267.922669] h713-mips-trace: {"comm":"c008:other","call":"e011:call-dispatch-done","ack":"f003:return-ack-done","queue":"00000000","callback":"5102:callback-queued","worker":"5203:transition-complete","event":6,"new":1,"old":0,"source_queue":"00000000","vp_init":"7105","frame":"0000","dirty":"00000000","mode":"ffffffff","control":"00000000","commit":"ffffffff","dirty_latch":"ffffffff","seconds":14.318}
[  267.960902] h713-mips-trace: {"comm":"c013:return-send-done","call":"e011:call-dispatch-done","ack":"f003:return-ack-done","queue":"00000000","callback":"5102:callback-queued","worker":"5203:transition-complete","event":6,"new":1,"old":0,"source_queue":"00000000","vp_init":"7105","frame":"0000","dirty":"00000000","mode":"ffffffff","control":"00000000","commit":"ffffffff","dirty_latch":"ffffffff","seconds":14.357}
[  267.972528] cpu_comm: addressing channel chan=0x0 pid=0x8b8f275c (key 0xb8f275c0)
[  268.006718] h713-mips-trace: {"comm":"c008:other","call":"e011:call-dispatch-done","ack":"f003:return-ack-done","queue":"00000000","callback":"5102:callback-queued","worker":"5203:transition-complete","event":6,"new":1,"old":0,"source_queue":"00000000","vp_init":"7105","frame":"0000","dirty":"00000000","mode":"ffffffff","control":"00000000","commit":"ffffffff","dirty_latch":"ffffffff","seconds":14.403}
[  268.044921] h713-mips-trace: {"comm":"c013:return-send-done","call":"e011:call-dispatch-done","ack":"f003:return-ack-done","queue":"00000000","callback":"5102:callback-queued","worker":"5203:transition-complete","event":6,"new":1,"old":0,"source_queue":"00000000","vp_init":"7105","frame":"0000","dirty":"00000000","mode":"ffffffff","control":"00000000","commit":"ffffffff","dirty_latch":"ffffffff","seconds":14.441}
[  268.056776] cpu_comm: addressing channel chan=0x0 pid=0x8b8f275c (key 0xb8f275c0)
[  268.090725] h713-mips-trace: {"comm":"c008:other","call":"e011:call-dispatch-done","ack":"f003:return-ack-done","queue":"00000000","callback":"5102:callback-queued","worker":"5203:transition-complete","event":6,"new":1,"old":0,"source_queue":"00000000","vp_init":"7105","frame":"0000","dirty":"00000000","mode":"ffffffff","control":"00000000","commit":"ffffffff","dirty_latch":"ffffffff","seconds":14.487}
[  268.128924] h713-mips-trace: {"comm":"c013:return-send-done","call":"e011:call-dispatch-done","ack":"f003:return-ack-done","queue":"00000000","callback":"5102:callback-queued","worker":"5203:transition-complete","event":6,"new":1,"old":0,"source_queue":"00000000","vp_init":"7105","frame":"0000","dirty":"00000000","mode":"ffffffff","control":"00000000","commit":"ffffffff","dirty_latch":"ffffffff","seconds":14.525}
[  268.140780] cpu_comm: addressing channel chan=0x0 pid=0x8b8f275c (key 0xb8f275c0)
[  268.174729] h713-mips-trace: {"comm":"c007:other","call":"e011:call-dispatch-done","ack":"f003:return-ack-done","queue":"00000000","callback":"5102:callback-queued","worker":"5203:transition-complete","event":6,"new":1,"old":0,"source_queue":"00000000","vp_init":"7105","frame":"0000","dirty":"00000000","mode":"ffffffff","control":"00000000","commit":"ffffffff","dirty_latch":"ffffffff","seconds":14.571}
[  268.212919] h713-mips-trace: {"comm":"c013:return-send-done","call":"e011:call-dispatch-done","ack":"f003:return-ack-done","queue":"00000000","callback":"5102:callback-queued","worker":"5203:transition-complete","event":6,"new":1,"old":0,"source_queue":"00000000","vp_init":"7105","frame":"0000","dirty":"00000000","mode":"ffffffff","control":"00000000","commit":"ffffffff","dirty_latch":"ffffffff","seconds":14.609}
[  269.225896] cpu_comm: addressing channel chan=0x0 pid=0x8b8f275c (key 0xb8f275c0)
[  269.237456] h713-mips-trace: {"comm":"b004:handler-enter","call":"e011:call-dispatch-done","ack":"f003:return-ack-done","queue":"00000000","callback":"5101:callback-event","worker":"5203:transition-complete","event":0,"new":2,"old":0,"source_queue":"00000000","vp_init":"7105","frame":"0000","dirty":"00000000","mode":"ffffffff","control":"00000000","commit":"ffffffff","dirty_latch":"ffffffff","seconds":15.633}

Broadcast message from systemd-journald@h713-arm64 (Mon 2026-04-13 19:42:32 UTC):

systemd[1]: Caught <SEGV> from PID -1951793152.

[  269.677056] cpu_comm: CPUComm_CallEx: no RETURN after 5000 ms (session=0x2c, interrupted)
