BEFORE
domain                          status          children        performance
    /device                         runtime status                  managed by
------------------------------------------------------------------------------
AV1                             off-0                           0
VE                              off-0                           0
    1c0e000.video-codec             suspended                   0           SW
TVCAP                           off-0                           0
TVFE                            off-0                           0
GPU                             off-0                           0
    1800000.gpu                     suspended                   0           SW
02001020 0xB8003100
02001040 0xB8003500
02001050 0xB9002A00
02001600 0x80000002
02001d20 0x00000000
02001d74 0x81000001
02001d80 0xC0000000
02001d88 0x00010001
070010a0 0x00000002
070010a4 0x00020000
07001120 0x00000002
07001124 0x00020000
[stale output, discarded before the command: 8 bytes]
[2J[1H
[sent 5 bytes: 'cmds']
[reply: 917 bytes]
cmds

Command List:
app                   CMD   for app debug only
bs                    CMD   for bs debug only
crtc                  CMD   for crtc debug
tcd3                  CMD   for app debug only
dtv                   CMD   for dtv debug only
hal                   CMD   for hal debug only
elog                  CMD   elog command
memory_agent          CMD   for memory_agent debug only
pq                    CMD   for PQ debug only
regw                  CMD   write register
regr                  CMD   read register
clear                 CMD   clear console
keys                  CMD   list all key
vars                  CMD   list all var
cmds                  CMD   list all cmd
users                 CMD   list all user
help                  CMD   show command info
setVar                CMD   set var
win                   CMD   for window debug only

VS:/$ 
ee12416ccd97706a79dda57151e6cfebb0892d6d01fe0f4d6190e92ad7a6d041  /root/h713-hdmi-power-stepped.ko
CLOCKS_FIRST_FULL_HOLD
domain                          status          children        performance
    /device                         runtime status                  managed by
------------------------------------------------------------------------------
AV1                             off-0                           0
VE                              off-0                           0
    1c0e000.video-codec             suspended                   0           SW
TVCAP                           on                              0
    h713-hdmi-tvcap                 active                      0           SW
TVFE                            on                              0
    h713-hdmi-tvfe                  active                      0           SW
GPU                             off-0                           0
    1800000.gpu                     suspended                   0           SW
02001020 0xB8003100
02001040 0xB8003500
02001050 0xB9002A00
02001600 0x80000002
02001d20 0x80000000
02001d74 0x81000001
02001d80 0xC0000000
02001d88 0x00010001
070010a0 0x00000001
070010a4 0x00010000
07001120 0x00000001
07001124 0x00010000
[sent 5 bytes: 'cmds']
[reply: nothing]
control block  0x4bd01000  acID b'RV\x00\x00\x00\x00 TERMINAL\x00'
MIPS core      ALIVE (0x0306101c)
  up[0]   buf=0x4bd01300 size=0x41c00 wr=925 rd=925 flags=0x0
  up[1]   buf=0x4bd43000 size=0x7d000 wr=0 rd=0 flags=0x0
  up[2]   buf=0x00000000 size=0x0 wr=0 rd=0 flags=0x0
  down[0] buf=0x4bd01200 size=0x100 wr=10 rd=5 flags=0x0
  down[1] buf=0x4bd42f00 size=0x100 wr=0 rd=0 flags=0x0
  down[2] buf=0x00000000 size=0x0 wr=0 rd=0 flags=0x0
[    7.887939] Bluetooth: HCI UART protocol H4 registered
[    8.052169] get_txpwr_max:txpwr_max:18 
[    8.056324] get_txpwr_max:txpwr_max:18 
[    8.060967] get_txpwr_max:txpwr_max:18 
[    8.066391] change_if: 2 to 3, 8, 2
[    8.066428] get_txpwr_max:txpwr_max:18 
[    8.077383] get_txpwr_max:txpwr_max:18 
[    8.593896] get_txpwr_max:txpwr_max:18 
[    8.599215] chan.flags 0 
[    8.931315] aicwf_sdio mmc1:6721:1 wlan0: AP started: ch=0, bcmc_idx=32 channel=2437 bw=2
[    9.243791] Bluetooth: MGMT ver 1.23
[   11.032502] Bluetooth: hci0: Opcode 0x0c03 failed: -4
[   11.062016] Bluetooth: MGMT ver 1.23
[   26.074138] h713-hdmi-power: domain 1 power event 2
[   26.079119] h713-hdmi-power: domain 1 power event 3
[   26.084020] h713-hdmi-power: domain 1 resumed
[   26.088431] h713-hdmi-power: domain 2 power event 2
[   26.093349] h713-hdmi-power: domain 2 power event 3
[   26.098245] h713-hdmi-power: domain 2 resumed
[   26.102632] h713-hdmi-power: 2 domains and 4 receiver clocks held on; no receiver MMIO
