BEFORE
02001020 0xB8003100
02001040 0xB8003500
02001050 0xB9002A00
02001060 0x28003500
02001600 0x80000002
02001d20 0x00000000
02001d74 0x81000001
02001d80 0xC0000000
02001d88 0x00010001
070010a4 0x00020000
07001124 0x00020000
[stale output, discarded before the command: 8 bytes]
[2J[1H
[sent 5 bytes: 'cmds']
[reply: 917 bytes]
cmds

Command List:
app                   CMD   for app debug only
bs                    CMD   for bs debug only
crtc                  CMD   for crtc debug
tcd3                  CMD   for app debug only
dtv                   CMD   for dtv debug only
hal                   CMD   for hal debug only
elog                  CMD   elog command
memory_agent          CMD   for memory_agent debug only
pq                    CMD   for PQ debug only
regw                  CMD   write register
regr                  CMD   read register
clear                 CMD   clear console
keys                  CMD   list all key
vars                  CMD   list all var
cmds                  CMD   list all cmd
users                 CMD   list all user
help                  CMD   show command info
setVar                CMD   set var
win                   CMD   for window debug only

VS:/$ 
[sent 5 bytes: 'cmds']
[reply: 917 bytes]
cmds

Command List:
app                   CMD   for app debug only
bs                    CMD   for bs debug only
crtc                  CMD   for crtc debug
tcd3                  CMD   for app debug only
dtv                   CMD   for dtv debug only
hal                   CMD   for hal debug only
elog                  CMD   elog command
memory_agent          CMD   for memory_agent debug only
pq                    CMD   for PQ debug only
regw                  CMD   write register
regr                  CMD   read register
clear                 CMD   clear console
keys                  CMD   list all key
vars                  CMD   list all var
cmds                  CMD   list all cmd
users                 CMD   list all user
help                  CMD   show command info
setVar                CMD   set var
win                   CMD   for window debug only

VS:/$ 
DOMAINS_ONLY
02001020 0xB8003100
02001040 0xB8003500
02001050 0xB9002A00
02001060 0x28003500
02001600 0x80000002
02001d20 0x00000000
02001d74 0x81000001
02001d80 0xC0000000
02001d88 0x00010001
070010a4 0x00010000
07001124 0x00010000
[sent 5 bytes: 'cmds']
[reply: nothing]
control block  0x4bd01000  acID b'RV\x00\x00\x00\x00 TERMINAL\x00'
MIPS core      ALIVE (0x0306101c)
  up[0]   buf=0x4bd01300 size=0x41c00 wr=1842 rd=1842 flags=0x0
  up[1]   buf=0x4bd43000 size=0x7d000 wr=0 rd=0 flags=0x0
  up[2]   buf=0x00000000 size=0x0 wr=0 rd=0 flags=0x0
  down[0] buf=0x4bd01200 size=0x100 wr=15 rd=10 flags=0x0
  down[1] buf=0x4bd42f00 size=0x100 wr=0 rd=0 flags=0x0
  down[2] buf=0x00000000 size=0x0 wr=0 rd=0 flags=0x0
[   27.493582] cpu_comm: MIPS app-ready assumed (MIPS READY seen)
[   28.012409] cpu_comm: POST-WAIT: ARM=0x5 MIPS=0x5
[   28.017263] cpu_comm: auto-registered 18/18 MIPS VP routes
[   28.022897] cpu_comm: channel row 0 live: chan=0x0000 pid=0x8b8f275c key=0xb8f275c0
[   28.030603] cpu_comm: addressing CALLs to channel row 0 (chan=0x0 pid=0x8b8f275c)
[   28.038155] cpu_comm: MIPS elog AFTER: mode=0 wp2=0
[   28.043043] cpu_comm: MIPS elog Mode 2 buffer empty (wp2=0)
[   28.048670] cpu_comm: initialized (ShMem=0x4e300000, 5242880 bytes)
[   28.054948] hy310-cpu-comm 3003000.cpu-comm: probed successfully
[   30.359321] h713-hdmi-power: domain 1 resumed
[   30.363781] h713-hdmi-power: domain 2 resumed
[   30.368173] h713-hdmi-power: TVFE/TVCAP and 0 receiver clocks held on; no receiver MMIO
