[   0.019][v][cplayer] mpv v0.40.0 Copyright © 2000-2025 mpv/MPlayer/mplayer2 projects
[   0.019][v][cplayer]  built on Sep 17 2026 20:39:39
[   0.020][v][cplayer] libplacebo version: v7.349.0
[   0.024][v][cplayer] FFmpeg version: 7.1.5-0+deb13u1
[   0.024][v][cplayer] FFmpeg library versions:
[   0.024][v][cplayer]    libavcodec      61.19.101
[   0.024][v][cplayer]    libavfilter     10.5.100
[   0.024][v][cplayer]    libavformat     61.7.103
[   0.024][v][cplayer]    libavutil       59.39.100
[   0.024][v][cplayer]    libswresample   5.3.100
[   0.024][v][cplayer]    libswscale      8.3.100
[   0.024][v][cplayer] Configuration: -Dauto_features=disabled -Dalsa=enabled -Ddrm=enabled -Dgl=disabled -Dlibmpv=false -Dvaapi=enabled -Dvaapi-drm=enabled -Dbuildtype=release
[   0.024][v][cplayer] List of enabled features: alsa build-date drm ffmpeg glibc-thread-name glob glob-posix gpl libass libdl libplacebo linux-fstatfs memrchr posix posix-shm ppoll pthread-condattr-setclock vaapi vaapi-drm vt.h
[   0.024][v][cplayer] Command line options: '--no-config' '--no-audio' '--no-terminal' '--log-file=/tmp/h713-native-720-panel-20260926T074144Z-mpv.log' '--vo=drm' '--drm-device=/dev/dri/card0' '--demuxer=rawvideo' '--demuxer-rawvideo-w=1280' '--demuxer-rawvideo-h=720' '--demuxer-rawvideo-fps=20' '--demuxer-rawvideo-mp-format=bgr0' '-'
[   0.024][v][cplayer] mpv v0.40.0 Copyright © 2000-2025 mpv/MPlayer/mplayer2 projects
[   0.025][v][cplayer]  built on Sep 17 2026 20:39:39
[   0.025][v][cplayer] libplacebo version: v7.349.0
[   0.025][v][cplayer] FFmpeg version: 7.1.5-0+deb13u1
[   0.025][v][cplayer] FFmpeg library versions:
[   0.025][v][cplayer]    libavcodec      61.19.101
[   0.025][v][cplayer]    libavfilter     10.5.100
[   0.025][v][cplayer]    libavformat     61.7.103
[   0.025][v][cplayer]    libavutil       59.39.100
[   0.025][v][cplayer]    libswresample   5.3.100
[   0.025][v][cplayer]    libswscale      8.3.100
[   0.025][v][cplayer] Configuration: -Dauto_features=disabled -Dalsa=enabled -Ddrm=enabled -Dgl=disabled -Dlibmpv=false -Dvaapi=enabled -Dvaapi-drm=enabled -Dbuildtype=release
[   0.025][v][cplayer] List of enabled features: alsa build-date drm ffmpeg glibc-thread-name glob glob-posix gpl libass libdl libplacebo linux-fstatfs memrchr posix posix-shm ppoll pthread-condattr-setclock vaapi vaapi-drm vt.h
[   0.025][d][global] home path: '' -> '-'
[   0.025][d][global] user path: '~~home/' -> ''
[   0.025][d][global] user path: '~~old_home/' -> ''
[   0.025][v][cplayer] Setting option 'config' = 'no' (flags = 8)
[   0.025][v][cplayer] Setting option 'audio' = 'no' (flags = 8)
[   0.025][v][cplayer] Setting option 'terminal' = 'no' (flags = 8)
[   0.025][v][cplayer] Setting option 'log-file' = '/tmp/h713-native-720-panel-20260926T074144Z-mpv.log' (flags = 8)
[   0.025][v][cplayer] Setting option 'vo' = 'drm' (flags = 8)
[   0.025][v][cplayer] Setting option 'drm-device' = '/dev/dri/card0' (flags = 8)
[   0.025][v][cplayer] Setting option 'demuxer' = 'rawvideo' (flags = 8)
[   0.026][v][cplayer] Setting option 'demuxer-rawvideo-w' = '1280' (flags = 8)
[   0.026][v][cplayer] Setting option 'demuxer-rawvideo-h' = '720' (flags = 8)
[   0.026][v][cplayer] Setting option 'demuxer-rawvideo-fps' = '20' (flags = 8)
[   0.026][v][cplayer] Setting option 'demuxer-rawvideo-mp-format' = 'bgr0' (flags = 8)
[   0.036][v][clipboard] Initialized vo clipboard backend.
[   0.036][d][global] state path: 'watch_later' -> '-'
[   0.036][d][global] state path: 'watch_later' -> '-'
[   0.037][v][file] Opening -
[   0.037][i][file] Reading from stdin...
[   0.037][d][file] resize stream to 131072 bytes, drop 0 bytes
[   0.037][d][file] Stream opened successfully.
[   0.037][v][demux] Trying demuxers for level=request.
[   0.037][d][demux] Trying demuxer: rawvideo (force-level: request)
[   0.037][v][demux] Detected file format: Uncompressed video
[   0.037][v][demux] Stream is not seekable.
[   0.037][v][cplayer] Opening done: -
[   0.037][v][rawvideo] select track 0
[   0.038][i][cplayer] ● Video  --vid=1  (rawvideo 1280x720 20 fps)
[   0.038][e][vo/drm/drm] Can't open TTY for VT control: No such device or address
[   0.038][w][vo/drm/drm] Failed to set up VT switcher. Terminal switching will be unavailable.
[   0.038][v][vo/drm/drm] Driver: sun50i-h713-afbd 1.0.0 (0)
[   0.038][v][vo/drm/drm] Connector 33 currently connected to encoder 37
[   0.038][v][vo/drm/drm] Selected Encoder 37 with CRTC 36
[   0.038][v][vo/drm/drm] Selected mode: 1280x720 (1280x720@59.97Hz)
[   0.038][v][vo/drm/drm] Unable to get EDID blob from connector.
[   0.038][v][vo/drm/drm] DRM Atomic support found
[   0.039][v][vo/drm/drm] Using primary plane 34 as draw plane
[   0.039][v][vo/drm/drm] Using overlay plane 38 as drmprime plane
[   0.059][v][vo/drm/drm] crtc is not VRR capable
[   0.065][v][vo/drm/drm] Monitor pixel aspect: 1
[   0.065][d][ffmpeg] AVHWDeviceContext: libva: VA-API version 1.22.0
[   0.067][e][ffmpeg] AVHWDeviceContext: libva: vaGetDriverNames() failed with operation failed
[   0.067][e][ffmpeg] AVHWDeviceContext: Failed to initialise VAAPI connection: 1 (operation failed).
[   0.067][w][vo/drm] Could not create VAAPI device for direct scanout: Input/output error
[   0.067][v][vo/drm] Assuming 59.974033 FPS for display sync.
[   0.069][v][vd] Container reported FPS: 20.000000
[   0.070][v][vd] Codec list:
[   0.070][v][vd]     rawvideo - raw video
[   0.070][v][vd] Opening decoder rawvideo
[   0.072][v][vd] No hardware decoding requested.
[   0.072][v][vd] Using software decoding.
[   0.072][v][vd] Detected 4 logical cores.
[   0.072][v][vd] Requesting 5 threads for decoding.
[   0.072][v][vd] Selected decoder: rawvideo - raw video
[   0.072][v][vf] User filter list:
[   0.072][v][vf]   (empty)
[   0.073][v][cplayer] Starting playback...
[   0.381][v][vd] Using software decoding.
[   0.381][v][vd] Decoder format: 1280x720 [0:1] bgr0 auto/auto/auto/auto/auto CL=unknown crop=1280x720+0+0
[   0.409][v][vf] [in] 1280x720 bgr0 rgb/bt.709/srgb/full/display CL=mpeg1/jpeg crop=1280x720+0+0
[   0.409][v][vf] [userdeint] 1280x720 bgr0 rgb/bt.709/srgb/full/display CL=mpeg1/jpeg crop=1280x720+0+0
[   0.409][v][vf] [userdeint] (disabled)
[   0.409][v][vf] [autorotate] 1280x720 bgr0 rgb/bt.709/srgb/full/display CL=mpeg1/jpeg crop=1280x720+0+0
[   0.409][v][vf] [autorotate] (disabled)
[   0.409][v][vf] [convert] 1280x720 bgr0 rgb/bt.709/srgb/full/display CL=mpeg1/jpeg crop=1280x720+0+0
[   0.421][v][vf] [convert] (disabled)
[   0.421][v][vf] [out] 1280x720 bgr0 rgb/bt.709/srgb/full/display CL=mpeg1/jpeg crop=1280x720+0+0
[   0.425][d][rawvideo] stream 0: resize index to 128
[   0.437][i][cplayer] VO: [drm] 1280x720 bgr0
[   0.437][v][cplayer] VO: Description: Direct Rendering Manager (software or DRM PRIME plane)
[   0.445][v][vo/drm] reconfig to 1280x720 bgr0 rgb/bt.709/srgb/full/display CL=mpeg1/jpeg crop=1280x720+0+0
[   0.446][v][vo/drm] Window size: 1280x720 (Borders: l=0 t=0 r=0 b=0)
[   0.446][v][vo/drm] Video source: 1280x720 (1:1)
[   0.446][v][vo/drm] Video display: (0, 0) 1280x720 -> (0, 0) 1280x720
[   0.446][v][vo/drm] Video scale: 1.000000/1.000000
[   0.446][v][vo/drm] OSD borders: l=0 t=0 r=0 b=0
[   0.446][v][vo/drm] Video borders: l=0 t=0 r=0 b=0
[   0.447][v][ffmpeg] swscaler: using unscaled bgra -> bgra special converter
[   0.447][v][vo/drm] unaligned libswscale parameter; using slow copy.
[   0.466][v][cplayer] first video frame after restart shown
[   0.466][d][cplayer] starting video playback
[   0.466][v][cplayer] playback restart complete @ 0.000000, audio=eof, video=playing
[   0.672][v][cplayer] Enter buffering (buffer went from 100% -> 0%) [0.000000s].
[   0.692][v][cplayer] Still buffering (buffer went from 0% -> 4%) [0.050000s].
[   0.692][v][cplayer] Still buffering (buffer went from 4% -> 0%) [0.000000s].
[   0.827][v][cplayer] Still buffering (buffer went from 0% -> 4%) [0.050000s].
[   1.028][v][cplayer] Still buffering (buffer went from 4% -> 20%) [0.200000s].
[   1.078][v][cplayer] Still buffering (buffer went from 20% -> 30%) [0.300000s].
[   1.282][v][cplayer] Still buffering (buffer went from 30% -> 44%) [0.450000s].
[   1.328][v][cplayer] Still buffering (buffer went from 44% -> 50%) [0.500000s].
[   1.533][v][cplayer] Still buffering (buffer went from 50% -> 75%) [0.750000s].
[   1.598][v][cplayer] Still buffering (buffer went from 75% -> 80%) [0.800000s].
[   1.798][v][cplayer] Still buffering (buffer went from 80% -> 95%) [0.950000s].
[   1.848][v][cplayer] End buffering (waited 1.176755 secs) [1.000000s].
[   7.094][v][cplayer] Enter buffering (buffer went from 100% -> 0%) [0.000000s].
[   7.112][v][cplayer] Still buffering (buffer went from 0% -> 4%) [0.050000s].
[   7.112][v][cplayer] Still buffering (buffer went from 4% -> 0%) [0.000000s].
[   7.144][v][cplayer] Still buffering (buffer went from 0% -> 4%) [0.050000s].
[   7.348][v][cplayer] Still buffering (buffer went from 4% -> 20%) [0.200000s].
[   7.352][v][cplayer] Still buffering (buffer went from 20% -> 25%) [0.250000s].
[   7.602][v][cplayer] Still buffering (buffer went from 25% -> 40%) [0.400000s].
[   7.853][v][cplayer] Still buffering (buffer went from 40% -> 59%) [0.600000s].
[   8.057][v][cplayer] Still buffering (buffer went from 59% -> 75%) [0.750000s].
[   8.103][v][cplayer] Still buffering (buffer went from 75% -> 84%) [0.850000s].
[   8.321][v][cplayer] End buffering (waited 1.215887 secs) [1.050000s].
[  12.415][v][cplayer] Enter buffering (buffer went from 100% -> 0%) [0.000000s].
[  12.436][v][cplayer] Still buffering (buffer went from 0% -> 4%) [0.050000s].
[  12.437][v][cplayer] Still buffering (buffer went from 4% -> 0%) [0.000000s].
[  12.614][v][cplayer] Still buffering (buffer went from 0% -> 9%) [0.100000s].
[  12.814][v][cplayer] Still buffering (buffer went from 9% -> 25%) [0.250000s].
[  12.871][v][cplayer] Still buffering (buffer went from 25% -> 30%) [0.300000s].
[  13.072][v][cplayer] Still buffering (buffer went from 30% -> 45%) [0.450000s].
[  13.121][v][cplayer] Still buffering (buffer went from 45% -> 50%) [0.500000s].
[  13.327][v][cplayer] Still buffering (buffer went from 50% -> 65%) [0.650000s].
[  13.375][v][cplayer] Still buffering (buffer went from 65% -> 70%) [0.700000s].
[  13.575][v][cplayer] Still buffering (buffer went from 70% -> 90%) [0.900000s].
[  13.826][v][cplayer] End buffering (waited 1.411264 secs) [1.050000s].
[  15.488][v][rawvideo] EOF reached.
[  16.120][v][vf] filter input EOF
[  16.120][v][vf] filter output EOF
[  16.170][v][cplayer] video EOF reached
[  16.170][d][cplayer] video EOF (status=4)
[  16.170][v][cplayer] EOF code: 1  
[  16.170][d][vd] Uninit decoder.
[  16.171][d][cplayer] Terminating demuxers...
[  16.171][d][cplayer] Done terminating demuxers.
[  16.171][v][cplayer] finished playback, success (reason 0)
[  16.171][i][cplayer] Exiting... (End of file)
[  16.227][v][vo/drm/drm] Failed to commit atomic request: Error number 22 occurred
