Input #0, rawvideo, from 'fd:':
  Duration: N/A, start: 0.000000, bitrate: 884736 kb/s
  Stream #0:0: Video: rawvideo, nv16, 1280x720, 884736 kb/s, 60 tbr, 60 tbn
Stream mapping:
  Stream #0:0 -> #0:0 (rawvideo (native) -> rawvideo (native))
Output #0, rawvideo, to 'pipe:':
  Metadata:
    encoder         : Lavf61.7.103
  Stream #0:0: Video: rawvideo (BGR[0] / 0x524742), bgr0(pc, gbr/unknown/unknown, progressive), 1280x720, q=2-31, 1327104 kb/s, 60 fps, 60 tbn
      Metadata:
        encoder         : Lavc61.19.101 rawvideo
frame=    6 fps=0.0 q=-0.0 size=   18000KiB time=00:00:00.11 bitrate=1263905.0kbits/s speed=0.227x    
frame=   15 fps= 15 q=-0.0 size=   50400KiB time=00:00:00.25 bitrate=1651507.2kbits/s speed=0.243x    
frame=   25 fps= 16 q=-0.0 size=   86400KiB time=00:00:00.41 bitrate=1698691.8kbits/s speed=0.273x    
frame=   30 fps= 15 q=-0.0 size=  104400KiB time=00:00:00.50 bitrate=1710489.6kbits/s speed=0.247x    
frame=   37 fps= 15 q=-0.0 size=  129600KiB time=00:00:00.61 bitrate=1721647.5kbits/s speed=0.244x    
frame=   47 fps= 16 q=-0.0 size=  165600KiB time=00:00:00.78 bitrate=1731824.4kbits/s speed=0.259x    
frame=   61 fps= 17 q=-0.0 size=  216000KiB time=00:00:01.01 bitrate=1740463.7kbits/s speed=0.288x    
frame=   72 fps= 18 q=-0.0 size=  255600KiB time=00:00:01.20 bitrate=1744896.0kbits/s speed=0.298x    
frame=   79 fps= 17 q=-0.0 size=  280800KiB time=00:00:01.31 bitrate=1747073.2kbits/s speed=0.29x    
frame=   85 fps= 17 q=-0.0 size=  302400KiB time=00:00:01.41 bitrate=1748654.3kbits/s speed=0.281x    
frame=   91 fps= 16 q=-0.0 size=  324000KiB time=00:00:01.51 bitrate=1750026.9kbits/s speed=0.274x    
frame=   99 fps= 16 q=-0.0 size=  352800KiB time=00:00:01.65 bitrate=1751598.5kbits/s speed=0.273x    
frame=  107 fps= 16 q=-0.0 size=  381600KiB time=00:00:01.78 bitrate=1752935.2kbits/s speed=0.273x    
frame=  114 fps= 16 q=-0.0 size=  406800KiB time=00:00:01.90 bitrate=1753950.3kbits/s speed=0.27x    
frame=  123 fps= 16 q=-0.0 size=  439200KiB time=00:00:02.05 bitrate=1755086.0kbits/s speed=0.272x    
frame=  132 fps= 16 q=-0.0 size=  471600KiB time=00:00:02.20 bitrate=1756066.9kbits/s speed=0.273x    
frame=  140 fps= 16 q=-0.0 size=  500400KiB time=00:00:02.33 bitrate=1756833.2kbits/s speed=0.273x    
frame=  147 fps= 16 q=-0.0 size=  525600KiB time=00:00:02.45 bitrate=1757434.8kbits/s speed=0.271x    
frame=  156 fps= 16 q=-0.0 size=  558000KiB time=00:00:02.60 bitrate=1758129.2kbits/s speed=0.272x    
frame=  162 fps= 16 q=-0.0 size=  579600KiB time=00:00:02.70 bitrate=1758549.3kbits/s speed=0.268x    
frame=  169 fps= 16 q=-0.0 size=  604800KiB time=00:00:02.81 bitrate=1759001.5kbits/s speed=0.267x    
frame=  178 fps= 16 q=-0.0 size=  637200KiB time=00:00:02.96 bitrate=1759530.9kbits/s speed=0.268x    
frame=  185 fps= 16 q=-0.0 size=  662400KiB time=00:00:03.08 bitrate=1759907.5kbits/s speed=0.267x    
frame=  191 fps= 16 q=-0.0 size=  684000KiB time=00:00:03.18 bitrate=1760207.9kbits/s speed=0.264x    
frame=  198 fps= 16 q=-0.0 size=  709200KiB time=00:00:03.30 bitrate=1760535.3kbits/s speed=0.263x    
frame=  206 fps= 16 q=-0.0 size=  738000KiB time=00:00:03.43 bitrate=1760882.5kbits/s speed=0.263x    
frame=  214 fps= 16 q=-0.0 size=  766800KiB time=00:00:03.56 bitrate=1761203.3kbits/s speed=0.263x    
frame=  221 fps= 16 q=-0.0 size=  792000KiB time=00:00:03.68 bitrate=1761465.5kbits/s speed=0.262x    
frame=  229 fps= 16 q=-0.0 size=  820800KiB time=00:00:03.81 bitrate=1761744.9kbits/s speed=0.262x    
frame=  235 fps= 16 q=-0.0 size=  842400KiB time=00:00:03.91 bitrate=1761942.2kbits/s speed=0.26x    
[out#0/rawvideo @ 0xaaaae8dffec0] video:864000KiB audio:0KiB subtitle:0KiB other streams:0KiB global headers:0KiB muxing overhead: 0.000000%
frame=  240 fps= 16 q=-0.0 Lsize=  864000KiB time=00:00:04.00 bitrate=1769472.0kbits/s speed=0.263x    
