		VIDIOC_REQBUFS returned 0 (Success)
		VIDIOC_CREATE_BUFS returned -1 (Inappropriate ioctl for device)
		VIDIOC_QUERYBUF returned 0 (Success)
		VIDIOC_QUERYBUF returned 0 (Success)
		VIDIOC_QUERYBUF returned 0 (Success)
		VIDIOC_G_FMT returned 0 (Success)
		VIDIOC_QBUF returned 0 (Success)
		VIDIOC_QBUF returned 0 (Success)
		VIDIOC_QBUF returned 0 (Success)
		VIDIOC_STREAMON returned 0 (Success)
cap dqbuf: 0 seq:      0 bytesused: 614400 ts: 195.112337 field: None (ts-monotonic, ts-src-eof)
cap dqbuf: 1 seq:      1 bytesused: 614400 ts: 195.151755 delta: 39.418 ms field: None (ts-monotonic, ts-src-eof)
cap dqbuf: 2 seq:      2 bytesused: 614400 ts: 195.259890 delta: 108.135 ms field: None (ts-monotonic, ts-src-eof)
cap dqbuf: 0 seq:      3 bytesused: 614400 ts: 195.295071 delta: 35.181 ms field: None (ts-monotonic, ts-src-eof)
cap dqbuf: 1 seq:      4 bytesused: 614400 ts: 195.330629 delta: 35.558 ms fps: 18.32 field: None (ts-monotonic, ts-src-eof)
cap dqbuf: 2 seq:      5 bytesused: 614400 ts: 195.366773 delta: 36.144 ms fps: 19.65 field: None (ts-monotonic, ts-src-eof)
cap dqbuf: 0 seq:      6 bytesused: 614400 ts: 195.483011 delta: 116.238 ms fps: 16.19 field: None (ts-monotonic, ts-src-eof)
cap dqbuf: 1 seq:      7 bytesused: 614400 ts: 195.518191 delta: 35.180 ms fps: 17.25 field: None (ts-monotonic, ts-src-eof)
cap dqbuf: 2 seq:      8 bytesused: 614400 ts: 195.629545 delta: 111.354 ms fps: 15.47 field: None (ts-monotonic, ts-src-eof)
cap dqbuf: 0 seq:      9 bytesused: 614400 ts: 195.717114 delta: 87.569 ms fps: 14.88 field: None (ts-monotonic, ts-src-eof)
cap dqbuf: 1 seq:     10 bytesused: 614400 ts: 195.781319 delta: 64.205 ms fps: 14.95 field: None (ts-monotonic, ts-src-eof)
cap dqbuf: 2 seq:     11 bytesused: 614400 ts: 195.817712 delta: 36.393 ms fps: 15.59 field: None (ts-monotonic, ts-src-eof)
cap dqbuf: 0 seq:     12 bytesused: 614400 ts: 195.925317 delta: 107.605 ms fps: 14.76 field: None (ts-monotonic, ts-src-eof)
cap dqbuf: 1 seq:     13 bytesused: 614400 ts: 195.961308 delta: 35.991 ms fps: 15.31 field: None (ts-monotonic, ts-src-eof)
cap dqbuf: 2 seq:     14 bytesused: 614400 ts: 195.997452 delta: 36.144 ms fps: 15.82 field: None (ts-monotonic, ts-src-eof)
cap dqbuf: 0 seq:     15 bytesused: 614400 ts: 196.033304 delta: 35.852 ms fps: 16.29 field: None (ts-monotonic, ts-src-eof)
cap dqbuf: 1 seq:     16 bytesused: 614400 ts: 196.069304 delta: 36.000 ms fps: 16.72 field: None (ts-monotonic, ts-src-eof)
cap dqbuf: 2 seq:     17 bytesused: 614400 ts: 196.141382 delta: 72.078 ms fps: 16.52 field: None (ts-monotonic, ts-src-eof)
cap dqbuf: 0 seq:     18 bytesused: 614400 ts: 196.177319 delta: 35.937 ms fps: 16.90 field: None (ts-monotonic, ts-src-eof)
cap dqbuf: 1 seq:     19 bytesused: 614400 ts: 196.213307 delta: 35.988 ms fps: 17.26 field: None (ts-monotonic, ts-src-eof)

VIDIOC_QUERYCAP: ok
