		VIDIOC_REQBUFS returned 0 (Success)
		VIDIOC_CREATE_BUFS returned -1 (Inappropriate ioctl for device)
		VIDIOC_QUERYBUF returned 0 (Success)
		VIDIOC_QUERYBUF returned 0 (Success)
		VIDIOC_QUERYBUF returned 0 (Success)
		VIDIOC_G_FMT returned 0 (Success)
		VIDIOC_QBUF returned 0 (Success)
		VIDIOC_QBUF returned 0 (Success)
		VIDIOC_QBUF returned 0 (Success)
		VIDIOC_STREAMON returned 0 (Success)
cap dqbuf: 0 seq:      0 bytesused: 614400 ts: 189.792963 field: None (ts-monotonic, ts-src-eof)
cap dqbuf: 1 seq:      1 bytesused: 614400 ts: 189.830019 delta: 37.056 ms field: None (ts-monotonic, ts-src-eof)
cap dqbuf: 2 seq:      2 bytesused: 614400 ts: 189.937294 delta: 107.275 ms field: None (ts-monotonic, ts-src-eof)
cap dqbuf: 0 seq:      3 bytesused: 614400 ts: 189.973779 delta: 36.485 ms field: None (ts-monotonic, ts-src-eof)
cap dqbuf: 1 seq:      4 bytesused: 614400 ts: 190.009976 delta: 36.197 ms fps: 18.43 field: None (ts-monotonic, ts-src-eof)
cap dqbuf: 2 seq:      5 bytesused: 614400 ts: 190.045273 delta: 35.297 ms fps: 19.82 field: None (ts-monotonic, ts-src-eof)
cap dqbuf: 0 seq:      6 bytesused: 614400 ts: 190.153297 delta: 108.024 ms fps: 16.65 field: None (ts-monotonic, ts-src-eof)
cap dqbuf: 1 seq:      7 bytesused: 614400 ts: 190.189291 delta: 35.994 ms fps: 17.66 field: None (ts-monotonic, ts-src-eof)
cap dqbuf: 2 seq:      8 bytesused: 614400 ts: 190.228598 delta: 39.307 ms fps: 18.36 field: None (ts-monotonic, ts-src-eof)
cap dqbuf: 0 seq:      9 bytesused: 614400 ts: 190.337293 delta: 108.695 ms fps: 16.53 field: None (ts-monotonic, ts-src-eof)
cap dqbuf: 1 seq:     10 bytesused: 614400 ts: 190.373487 delta: 36.194 ms fps: 17.23 field: None (ts-monotonic, ts-src-eof)
cap dqbuf: 2 seq:     11 bytesused: 614400 ts: 190.410197 delta: 36.710 ms fps: 17.82 field: None (ts-monotonic, ts-src-eof)
cap dqbuf: 0 seq:     12 bytesused: 614400 ts: 190.445408 delta: 35.211 ms fps: 18.39 field: None (ts-monotonic, ts-src-eof)
cap dqbuf: 1 seq:     13 bytesused: 614400 ts: 190.481311 delta: 35.903 ms fps: 18.89 field: None (ts-monotonic, ts-src-eof)
cap dqbuf: 2 seq:     14 bytesused: 614400 ts: 190.553298 delta: 71.987 ms fps: 18.41 field: None (ts-monotonic, ts-src-eof)
cap dqbuf: 0 seq:     15 bytesused: 614400 ts: 190.589402 delta: 36.104 ms fps: 18.83 field: None (ts-monotonic, ts-src-eof)
cap dqbuf: 1 seq:     16 bytesused: 614400 ts: 190.626129 delta: 36.727 ms fps: 19.20 field: None (ts-monotonic, ts-src-eof)
cap dqbuf: 2 seq:     17 bytesused: 614400 ts: 190.661462 delta: 35.333 ms fps: 19.57 field: None (ts-monotonic, ts-src-eof)
cap dqbuf: 0 seq:     18 bytesused: 614400 ts: 190.697384 delta: 35.922 ms fps: 19.90 field: None (ts-monotonic, ts-src-eof)
cap dqbuf: 1 seq:     19 bytesused: 614400 ts: 190.807334 delta: 109.950 ms fps: 18.73 field: None (ts-monotonic, ts-src-eof)
cap dqbuf: 2 seq:     20 bytesused: 614400 ts: 190.841484 delta: 34.150 ms fps: 19.07 field: None (ts-monotonic, ts-src-eof)
cap dqbuf: 0 seq:     21 bytesused: 614400 ts: 190.878591 delta: 37.107 ms fps: 19.34 field: None (ts-monotonic, ts-src-eof)
cap dqbuf: 1 seq:     22 bytesused: 614400 ts: 190.914324 delta: 35.733 ms fps: 19.62 field: None (ts-monotonic, ts-src-eof)
cap dqbuf: 2 seq:     23 bytesused: 614400 ts: 191.021934 delta: 107.610 ms fps: 18.71 field: None (ts-monotonic, ts-src-eof)
cap dqbuf: 0 seq:     24 bytesused: 614400 ts: 191.057316 delta: 35.382 ms fps: 18.98 field: None (ts-monotonic, ts-src-eof)
cap dqbuf: 1 seq:     25 bytesused: 614400 ts: 191.094111 delta: 36.795 ms fps: 19.21 field: None (ts-monotonic, ts-src-eof)
cap dqbuf: 2 seq:     26 bytesused: 614400 ts: 191.129681 delta: 35.570 ms fps: 19.45 field: None (ts-monotonic, ts-src-eof)
cap dqbuf: 0 seq:     27 bytesused: 614400 ts: 191.165300 delta: 35.619 ms fps: 19.67 field: None (ts-monotonic, ts-src-eof)
cap dqbuf: 1 seq:     28 bytesused: 614400 ts: 191.238340 delta: 73.040 ms fps: 19.37 field: None (ts-monotonic, ts-src-eof)
cap dqbuf: 2 seq:     29 bytesused: 614400 ts: 191.273331 delta: 34.991 ms fps: 19.59 field: None (ts-monotonic, ts-src-eof)
cap dqbuf: 0 seq:     30 bytesused: 614400 ts: 191.310302 delta: 36.971 ms fps: 19.77 field: None (ts-monotonic, ts-src-eof)
cap dqbuf: 1 seq:     31 bytesused: 614400 ts: 191.346356 delta: 36.054 ms fps: 19.96 field: None (ts-monotonic, ts-src-eof)
cap dqbuf: 2 seq:     32 bytesused: 614400 ts: 191.381331 delta: 34.975 ms fps: 20.15 field: None (ts-monotonic, ts-src-eof)
cap dqbuf: 0 seq:     33 bytesused: 614400 ts: 191.489900 delta: 108.569 ms fps: 19.45 field: None (ts-monotonic, ts-src-eof)
cap dqbuf: 1 seq:     34 bytesused: 614400 ts: 191.525516 delta: 35.616 ms fps: 19.62 field: None (ts-monotonic, ts-src-eof)
cap dqbuf: 2 seq:     35 bytesused: 614400 ts: 191.561406 delta: 35.890 ms fps: 19.79 field: None (ts-monotonic, ts-src-eof)
cap dqbuf: 0 seq:     36 bytesused: 614400 ts: 191.598045 delta: 36.639 ms fps: 19.94 field: None (ts-monotonic, ts-src-eof)
cap dqbuf: 1 seq:     37 bytesused: 614400 ts: 191.705400 delta: 107.355 ms fps: 19.35 field: None (ts-monotonic, ts-src-eof)
cap dqbuf: 2 seq:     38 bytesused: 614400 ts: 191.741606 delta: 36.206 ms fps: 19.50 field: None (ts-monotonic, ts-src-eof)
cap dqbuf: 0 seq:     39 bytesused: 614400 ts: 191.777243 delta: 35.637 ms fps: 19.65 field: None (ts-monotonic, ts-src-eof)
cap dqbuf: 1 seq:     40 bytesused: 614400 ts: 191.813442 delta: 36.199 ms fps: 19.80 field: None (ts-monotonic, ts-src-eof)
cap dqbuf: 2 seq:     41 bytesused: 614400 ts: 191.849312 delta: 35.870 ms fps: 19.94 field: None (ts-monotonic, ts-src-eof)
cap dqbuf: 0 seq:     42 bytesused: 614400 ts: 191.921354 delta: 72.042 ms fps: 19.73 field: None (ts-monotonic, ts-src-eof)
cap dqbuf: 1 seq:     43 bytesused: 614400 ts: 191.957315 delta: 35.961 ms fps: 19.87 field: None (ts-monotonic, ts-src-eof)
cap dqbuf: 2 seq:     44 bytesused: 614400 ts: 191.993377 delta: 36.062 ms fps: 20.00 field: None (ts-monotonic, ts-src-eof)
cap dqbuf: 0 seq:     45 bytesused: 614400 ts: 192.029928 delta: 36.551 ms fps: 20.12 field: None (ts-monotonic, ts-src-eof)
cap dqbuf: 1 seq:     46 bytesused: 614400 ts: 192.065549 delta: 35.621 ms fps: 20.24 field: None (ts-monotonic, ts-src-eof)
cap dqbuf: 2 seq:     47 bytesused: 614400 ts: 192.146415 delta: 80.866 ms fps: 19.97 field: None (ts-monotonic, ts-src-eof)
cap dqbuf: 0 seq:     48 bytesused: 614400 ts: 192.181338 delta: 34.923 ms fps: 20.10 field: None (ts-monotonic, ts-src-eof)
cap dqbuf: 1 seq:     49 bytesused: 614400 ts: 192.289388 delta: 108.050 ms fps: 19.63 field: None (ts-monotonic, ts-src-eof)
cap dqbuf: 2 seq:     50 bytesused: 614400 ts: 192.325898 delta: 36.510 ms fps: 19.74 field: None (ts-monotonic, ts-src-eof)
cap dqbuf: 0 seq:     51 bytesused: 614400 ts: 192.361760 delta: 35.862 ms fps: 19.85 field: None (ts-monotonic, ts-src-eof)
cap dqbuf: 1 seq:     52 bytesused: 614400 ts: 192.397388 delta: 35.628 ms fps: 19.97 field: None (ts-monotonic, ts-src-eof)
cap dqbuf: 2 seq:     53 bytesused: 614400 ts: 192.505306 delta: 107.918 ms fps: 19.54 field: None (ts-monotonic, ts-src-eof)
cap dqbuf: 0 seq:     54 bytesused: 614400 ts: 192.542190 delta: 36.884 ms fps: 19.64 field: None (ts-monotonic, ts-src-eof)
cap dqbuf: 1 seq:     55 bytesused: 614400 ts: 192.577266 delta: 35.076 ms fps: 19.75 field: None (ts-monotonic, ts-src-eof)
cap dqbuf: 2 seq:     56 bytesused: 614400 ts: 192.613295 delta: 36.029 ms fps: 19.86 field: None (ts-monotonic, ts-src-eof)
cap dqbuf: 0 seq:     57 bytesused: 614400 ts: 192.649365 delta: 36.070 ms fps: 19.96 field: None (ts-monotonic, ts-src-eof)
cap dqbuf: 1 seq:     58 bytesused: 614400 ts: 192.729426 delta: 80.061 ms fps: 19.75 field: None (ts-monotonic, ts-src-eof)
cap dqbuf: 2 seq:     59 bytesused: 614400 ts: 192.765695 delta: 36.269 ms fps: 19.85 field: None (ts-monotonic, ts-src-eof)
cap dqbuf: 0 seq:     60 bytesused: 614400 ts: 192.874525 delta: 108.830 ms fps: 19.47 field: None (ts-monotonic, ts-src-eof)
cap dqbuf: 1 seq:     61 bytesused: 614400 ts: 192.909353 delta: 34.828 ms fps: 19.57 field: None (ts-monotonic, ts-src-eof)
cap dqbuf: 2 seq:     62 bytesused: 614400 ts: 192.945444 delta: 36.091 ms fps: 19.67 field: None (ts-monotonic, ts-src-eof)
cap dqbuf: 0 seq:     63 bytesused: 614400 ts: 192.982502 delta: 37.058 ms fps: 19.75 field: None (ts-monotonic, ts-src-eof)
cap dqbuf: 1 seq:     64 bytesused: 614400 ts: 193.089917 delta: 107.415 ms fps: 19.41 field: None (ts-monotonic, ts-src-eof)
cap dqbuf: 2 seq:     65 bytesused: 614400 ts: 193.125955 delta: 36.038 ms fps: 19.50 field: None (ts-monotonic, ts-src-eof)
cap dqbuf: 0 seq:     66 bytesused: 614400 ts: 193.162017 delta: 36.062 ms fps: 19.59 field: None (ts-monotonic, ts-src-eof)
cap dqbuf: 1 seq:     67 bytesused: 614400 ts: 193.197394 delta: 35.377 ms fps: 19.68 field: None (ts-monotonic, ts-src-eof)
cap dqbuf: 2 seq:     68 bytesused: 614400 ts: 193.233297 delta: 35.903 ms fps: 19.77 field: None (ts-monotonic, ts-src-eof)
cap dqbuf: 0 seq:     69 bytesused: 614400 ts: 193.305351 delta: 72.054 ms fps: 19.64 field: None (ts-monotonic, ts-src-eof)
cap dqbuf: 1 seq:     70 bytesused: 614400 ts: 193.341410 delta: 36.059 ms fps: 19.73 field: None (ts-monotonic, ts-src-eof)
cap dqbuf: 2 seq:     71 bytesused: 614400 ts: 193.378638 delta: 37.228 ms fps: 19.80 field: None (ts-monotonic, ts-src-eof)
cap dqbuf: 0 seq:     72 bytesused: 614400 ts: 193.413141 delta: 34.503 ms fps: 19.89 field: None (ts-monotonic, ts-src-eof)
cap dqbuf: 1 seq:     73 bytesused: 614400 ts: 193.449426 delta: 36.285 ms fps: 19.96 field: None (ts-monotonic, ts-src-eof)
cap dqbuf: 2 seq:     74 bytesused: 614400 ts: 193.557278 delta: 107.852 ms fps: 19.66 field: None (ts-monotonic, ts-src-eof)
cap dqbuf: 0 seq:     75 bytesused: 614400 ts: 193.594159 delta: 36.881 ms fps: 19.73 field: None (ts-monotonic, ts-src-eof)
cap dqbuf: 1 seq:     76 bytesused: 614400 ts: 193.629425 delta: 35.266 ms fps: 19.81 field: None (ts-monotonic, ts-src-eof)
cap dqbuf: 2 seq:     77 bytesused: 614400 ts: 193.665345 delta: 35.920 ms fps: 19.88 field: None (ts-monotonic, ts-src-eof)
cap dqbuf: 0 seq:     78 bytesused: 614400 ts: 193.773474 delta: 108.129 ms fps: 19.60 field: None (ts-monotonic, ts-src-eof)
cap dqbuf: 1 seq:     79 bytesused: 614400 ts: 193.809989 delta: 36.515 ms fps: 19.67 field: None (ts-monotonic, ts-src-eof)
cap dqbuf: 2 seq:     80 bytesused: 614400 ts: 193.845399 delta: 35.410 ms fps: 19.74 field: None (ts-monotonic, ts-src-eof)
cap dqbuf: 0 seq:     81 bytesused: 614400 ts: 193.882060 delta: 36.661 ms fps: 19.81 field: None (ts-monotonic, ts-src-eof)
cap dqbuf: 1 seq:     82 bytesused: 614400 ts: 193.917469 delta: 35.409 ms fps: 19.88 field: None (ts-monotonic, ts-src-eof)
cap dqbuf: 2 seq:     83 bytesused: 614400 ts: 193.990273 delta: 72.804 ms fps: 19.77 field: None (ts-monotonic, ts-src-eof)
cap dqbuf: 0 seq:     84 bytesused: 614400 ts: 194.025310 delta: 35.037 ms fps: 19.85 field: None (ts-monotonic, ts-src-eof)
cap dqbuf: 1 seq:     85 bytesused: 614400 ts: 194.061324 delta: 36.014 ms fps: 19.91 field: None (ts-monotonic, ts-src-eof)
cap dqbuf: 2 seq:     86 bytesused: 614400 ts: 194.097408 delta: 36.084 ms fps: 19.98 field: None (ts-monotonic, ts-src-eof)
cap dqbuf: 0 seq:     87 bytesused: 614400 ts: 194.133268 delta: 35.860 ms fps: 20.04 field: None (ts-monotonic, ts-src-eof)
cap dqbuf: 1 seq:     88 bytesused: 614400 ts: 194.241458 delta: 108.190 ms fps: 19.78 field: None (ts-monotonic, ts-src-eof)
cap dqbuf: 2 seq:     89 bytesused: 614400 ts: 194.277356 delta: 35.898 ms fps: 19.85 field: None (ts-monotonic, ts-src-eof)
cap dqbuf: 0 seq:     90 bytesused: 614400 ts: 194.313303 delta: 35.947 ms fps: 19.91 field: None (ts-monotonic, ts-src-eof)
cap dqbuf: 1 seq:     91 bytesused: 614400 ts: 194.349382 delta: 36.079 ms fps: 19.97 field: None (ts-monotonic, ts-src-eof)
cap dqbuf: 2 seq:     92 bytesused: 614400 ts: 194.458259 delta: 108.877 ms fps: 19.72 field: None (ts-monotonic, ts-src-eof)
cap dqbuf: 0 seq:     93 bytesused: 614400 ts: 194.494476 delta: 36.217 ms fps: 19.78 field: None (ts-monotonic, ts-src-eof)
cap dqbuf: 1 seq:     94 bytesused: 614400 ts: 194.529380 delta: 34.904 ms fps: 19.85 field: None (ts-monotonic, ts-src-eof)
cap dqbuf: 2 seq:     95 bytesused: 614400 ts: 194.565879 delta: 36.499 ms fps: 19.90 field: None (ts-monotonic, ts-src-eof)
cap dqbuf: 0 seq:     96 bytesused: 614400 ts: 194.673266 delta: 107.387 ms fps: 19.67 field: None (ts-monotonic, ts-src-eof)
cap dqbuf: 1 seq:     97 bytesused: 614400 ts: 194.709442 delta: 36.176 ms fps: 19.73 field: None (ts-monotonic, ts-src-eof)
cap dqbuf: 2 seq:     98 bytesused: 614400 ts: 194.745251 delta: 35.809 ms fps: 19.79 field: None (ts-monotonic, ts-src-eof)
cap dqbuf: 0 seq:     99 bytesused: 614400 ts: 194.781491 delta: 36.240 ms fps: 19.85 field: None (ts-monotonic, ts-src-eof)

VIDIOC_QUERYCAP: ok
