=== soak-capture start 2026-08-22 00:14:40 (deadline 8 min) ===
[00:16:16 T+   96.3] [ 2715.556434] av:h264:df1[2766]: unhandled exception: 
[00:16:16 T+   96.3] [ 2715.556424] Unable to handle kernel paging request at virtual address faef800080111000
[00:16:16 T+   96.3] *** stop pattern matched -- capturing 20 s more
[00:16:16 T+   96.3] [ 2715.556477] Mem abort info:
[00:16:16 T+   96.3] [ 2715.556480]   ESR = 0x0000000096000004
[00:16:16 T+   96.3] [ 2715.556485]   EC = 0x25: DABT (current EL), IL = 32 bits
[00:16:16 T+   96.3] [ 2715.556493]   SET = 0, FnV = 0
[00:16:16 T+   96.3] [ 2715.556497]   EA = 0, S1PTW = 0
[00:16:16 T+   96.3] [ 2715.561477] DABT (lower EL), ESR 0x0000000092000045, level 1 translation fault in libavcodec.so.61.19.101[15a79c,ffff9cbd0000+d46000]
[00:16:16 T+   96.3] [ 2715.569399]   FSC = 0x04: level 0 translation fault
[00:16:16 T+   96.3] [ 2715.572199] 
[00:16:16 T+   96.3] [ 2715.575946] Data abort info:
[00:16:16 T+   96.3] [ 2715.575958]   ISV = 0, ISS = 0x00000004, ISS2 = 0x00000000
[00:16:16 T+   96.3] [ 2715.575962]   CM = 0, WnR = 0, TnD = 0, TagAccess = 0
[00:16:16 T+   96.3] [ 2715.575966]   GCS = 0, Overlay = 0, DirtyBit = 0, Xs = 0
[00:16:16 T+   96.3] [ 2715.575971] [faef800080111000] address between user and kernel address ranges
[00:16:16 T+   96.3] [ 2715.575978] Internal error: Oops: 0000000096000004 [#1]  SMP
[00:16:16 T+   96.3] [ 2715.575984] Modules linked in: hci_uart
[00:16:16 T+   96.4] [ 2715.581335] CPU: 0 UID: 0 PID: 2766 Comm: av:h264:df1 Tainted: G         C O        6.18.38 #1 NONE 
[00:16:16 T+   96.4] [ 2715.584343]  sun50i_h713_afbd panfrost sunxi_scanout_dmabuf sunxi_cedrus(C) aic8800_btlpm(O) aic8800_fdrv(O) aic8800_bsp(O)
[00:16:16 T+   96.4] [ 2715.584371] CPU: 3 UID: 0 PID: 73 Comm: sugov:0 Tainted: G         C O        6.18.38 #1 NONE 
[00:16:16 T+   96.4] [ 2715.587522] Tainted: [C]=CRAP, [O]=OOT_MODULE
[00:16:16 T+   96.4] [ 2715.599485] Tainted: [C]=CRAP, [O]=OOT_MODULE
[00:16:16 T+   96.4] [ 2715.599491] Hardware name: HY200 QZ713DF_A1 (Allwinner H713) (DT)
[00:16:16 T+   96.4] [ 2715.599496] pstate: 60000005 (nZCv daif -PAN -UAO -TCO -DIT -SSBS BTYPE=--)
[00:16:16 T+   96.4] [ 2715.599503] pc : ccu_helper_wait_for_lock+0x54/0xbc
[00:16:16 T+   96.4] [ 2715.604390] Hardware name: HY200 QZ713DF_A1 (Allwinner H713) (DT)
[00:16:16 T+   96.4] [ 2715.605868] lr : ccu_helper_wait_for_lock+0x54/0xbc
[00:16:16 T+   96.4] [ 2715.608752] pstate: 20000000 (nzCv daif -PAN -UAO -TCO -DIT -SSBS BTYPE=--)
[00:16:16 T+   96.4] [ 2715.614213] sp : ffff80008143bac0
[00:16:16 T+   96.4] [ 2715.614216] x29: ffff80008143bac0 x28: 0000000000000000 x27: 0000000000000000
[00:16:16 T+   96.4] [ 2715.614225] x26: 0000000000000000 x25: ffff8000810f9000 x24: 0000000000000003
[00:16:16 T+   96.4] [ 2715.619279] pc : 0000ffff9cd2a79c
[00:16:16 T+   96.4] [ 2715.624567] 
[00:16:16 T+   96.4] [ 2715.624570] x23: 0000000000000000 x22: 0000000000000002 x21: 000002783f6ca762
[00:16:16 T+   96.5] [ 2715.624578] x20: faef800080111000 x19: 0000000010000000 x18: ffff800080afec80
[00:16:16 T+   96.5] [ 2715.624586] x17: 0000000000000001
[00:16:16 T+   96.5] [ 2715.631727] lr : 0000ffff9cfc5db4
[00:16:16 T+   96.5] [ 2715.637350]  x16: 00000000000002bb x15: 000000000d45779a
[00:16:16 T+   96.5] [ 2715.637356] x14: ffffffffff000000 x13: 0000000000000500 x12: 0000000000000000
[00:16:16 T+   96.5] [ 2715.637364] x11: 0000000000000000 x10: 0000000000000018
[00:16:16 T+   96.5] [ 2715.641204] sp : 0000ffff6f7ed7d0
[00:16:16 T+   96.5] [ 2715.650303]  x9 : 003436b80e13b100
[00:16:16 T+   96.5] [ 2715.650307] x8 : 000000000013a30c x7 : 0000000000000000 x6 : 0000000000000000
[00:16:16 T+   96.5] [ 2715.650315] x5 : 0000000000000002
[00:16:16 T+   96.5] [ 2715.661437] x29: 0000ffff6f7ede90
[00:16:16 T+   96.5] [ 2715.670013]  x4 : 0000000000000000 x3 : 00000000016e3600
[00:16:16 T+   96.5] [ 2715.670019] x2 : ffff80008143bb50
[00:16:16 T+   96.5] [ 2715.674410]  x28: 0000000000000000
[00:16:16 T+   96.5] [ 2715.678715]  x1 : 0000000000015168 x0 : 000002783b408a36
[00:16:16 T+   96.5] [ 2715.678726] Call trace:
[00:16:16 T+   96.5] [ 2715.678731]  ccu_helper_wait_for_lock+0x54/0xbc (P)
[00:16:16 T+   96.5] [ 2715.678746]  ccu_pll_notifier_cb+0x60/0x74
[00:16:16 T+   96.5] [ 2715.678756]  srcu_notifier_call_chain+0x58/0xac
[00:16:16 T+   96.5] [ 2715.678769]  clk_change_rate+0x32c/0x4a8
[00:16:16 T+   96.6] [ 2715.678776]  clk_core_set_rate_nolock+0x1d8/0x284
[00:16:16 T+   96.6] [ 2715.684890]  x27: 0000aaaadd03c760
[00:16:16 T+   96.6] [ 2715.691816]  clk_set_rate+0x90/0x130
[00:16:16 T+   96.6] [ 2715.691829]  _opp_config_clk_single+0x38/0x88
[00:16:16 T+   96.6] [ 2715.696711] 
[00:16:16 T+   96.6] [ 2715.702784]  _set_opp+0x1f0/0x474
[00:16:16 T+   96.6] [ 2715.702793]  dev_pm_opp_set_rate+0x124/0x1d4
[00:16:16 T+   96.6] [ 2715.707667] x26: 0000000000000008
[00:16:16 T+   96.6] [ 2715.714604]  set_target+0x30/0x3c
[00:16:16 T+   96.6] [ 2715.717921]  x25: 0000000000000000
[00:16:16 T+   96.6] [ 2715.725035]  __cpufreq_driver_target+0x188/0x2d8
[00:16:16 T+   96.6] [ 2715.725043]  sugov_work+0x68/0xb8
[00:16:16 T+   96.6] [ 2715.732170]  x24: 0000000000000268
[00:16:16 T+   96.6] [ 2715.735466]  kthread_worker_fn+0xcc/0x1c4
[00:16:16 T+   96.6] [ 2715.735477]  kthread+0x198/0x1e4
[00:16:16 T+   96.6] [ 2715.736966] 
[00:16:16 T+   96.6] [ 2715.744080]  ret_from_fork+0x10/0x20
[00:16:16 T+   96.6] [ 2715.744095] Code: 5283b008 72a08588 8b080015 97f1d6c7 (b9400288) 
[00:16:16 T+   96.6] [ 2715.751218] x23: 0000000000000000
[00:16:16 T+   96.6] [ 2715.754517] ---[ end trace 0000000000000000 ]---
[00:16:16 T+   96.6] [ 2715.754522] Kernel panic - not syncing: Oops: Fatal exception
[00:16:16 T+   96.6] [ 2715.754526] SMP: stopping secondary CPUs
[00:16:16 T+   96.6] [ 2715.757826] Kernel Offset: disabled
[00:16:16 T+   96.6] [ 2715.757828] CPU features: 0x000000,00000000,40004000,0400420b
[00:16:16 T+   96.6] [ 2715.757834] Memory Limit: none
[00:16:27 T+  107.3] U-Boot SPL 2026.07-rc5-gc8fd12c74633-dirty (Aug 06 2026 - 23:18:08 -0700)
[00:16:27 T+  107.3] DRAM: 1024 MiB
[00:16:27 T+  107.3] Trying to boot from MMC2
[00:16:29 T+  108.8] NOTICE:  BL31: v2.15.0(release):47ee829f7
[00:16:29 T+  108.8] NOTICE:  BL31: Built : 03:25:48, Jul 27 2026
[00:16:29 T+  108.8] NOTICE:  BL31: Detected Allwinner H713 SoC (1860)
[00:16:29 T+  108.8] NOTICE:  BL31: Found U-Boot DTB at 0x4a0d2978, model: HY200 QZ713DF_A1 (Allwinner H713)
[00:16:29 T+  108.9] U-Boot 2026.07-rc5-gdbad200ca799-dirty (Aug 07 2026 - 18:26:52 -0700) Allwinner Technology
[00:16:29 T+  108.9] CPU:   Allwinner H713 (SUN50I)
[00:16:29 T+  108.9] Model: HY200 QZ713DF_A1 (Allwinner H713)
[00:16:29 T+  108.9] DRAM:  1 GiB
[00:16:29 T+  109.0] Core:  37 devices, 19 uclasses, devicetree: separate
[00:16:29 T+  109.0] WDT:   Not starting watchdog@2051000
[00:16:29 T+  109.0] MMC:   mmc@4022000: 1
[00:16:29 T+  109.1] Loading Environment from MMC... Reading from MMC(1)... OK
[00:16:29 T+  109.1] In:    serial
[00:16:29 T+  109.1] Out:   serial
[00:16:29 T+  109.1] Err:   serial
[00:16:29 T+  109.1] Net:   No ethernet found.
[00:16:29 T+  109.1] starting USB...
[00:16:29 T+  109.1] No USB controllers found
[00:16:29 T+  109.1]        scanning usb for storage devices... 0 Storage Device(s) found
[00:16:29 T+  109.1] [2K
[00:16:30 T+  110.1] Hit any key to stop autoboot: 2[2K
[00:16:31 T+  111.1] Hit any key to stop autoboot: 1[2K
[00:16:31 T+  111.1] Hit any key to stop autoboot: 0
[00:16:31 T+  111.7] 7741216 bytes read in 497 ms (14.9 MiB/s)
[00:16:31 T+  111.7] ## Loading kernel (any) from FIT Image at 50000000 ...
[00:16:31 T+  111.7]    Using 'conf-1' configuration
[00:16:31 T+  111.7]    Trying 'kernel' kernel subimage
[00:16:31 T+  111.7]      Description:  Linux 6.18.38
[00:16:31 T+  111.7]      Type:         Kernel Image
[00:16:31 T+  111.7]      Compression:  gzip compressed
[00:16:31 T+  111.7]      Data Start:   0x500000d0
[00:16:31 T+  111.7]      Data Size:    7707548 Bytes = 7.4 MiB
[00:16:31 T+  111.7]      Architecture: AArch64
[00:16:31 T+  111.7]      OS:           Linux
[00:16:31 T+  111.7]      Load Address: 0x48000000
[00:16:31 T+  111.7]      Entry Point:  0x48000000
[00:16:31 T+  111.7]      Hash algo:    sha256
[00:16:31 T+  111.7]      Hash value:   b6bb129593ca61a99c42bde1bbd08f2fd84d2cb18ff8ee655c829c18e4573795
[00:16:32 T+  111.9]    Verifying Hash Integrity ... sha256+ OK
[00:16:32 T+  111.9] ## Loading fdt (any) from FIT Image at 50000000 ...
[00:16:32 T+  111.9]    Using 'conf-1' configuration
[00:16:32 T+  111.9]    Trying 'fdt-1' fdt subimage
[00:16:32 T+  111.9]      Description:  sun50i-h713-hy200-qz713df-a1
[00:16:32 T+  111.9]      Type:         Flat Device Tree
[00:16:32 T+  111.9]      Compression:  uncompressed
[00:16:32 T+  111.9]      Data Start:   0x50759d74
[00:16:32 T+  111.9]      Data Size:    32670 Bytes = 31.9 KiB
[00:16:32 T+  111.9]      Architecture: AArch64
[00:16:32 T+  111.9]      Hash algo:    sha256
[00:16:32 T+  111.9]      Hash value:   4d9c515b7e3f4e1f6865ad4fa9e6bd54d810a4b72ef2f4a541867e0173973496
[00:16:32 T+  111.9]    Verifying Hash Integrity ... sha256+ OK
[00:16:32 T+  111.9]    Booting using the fdt blob at 0x7bf09e90
[00:16:32 T+  111.9] Working FDT set to 7bf09e90
[00:16:32 T+  111.9]    Uncompressing Kernel Image to 48000000
[00:16:32 T+  112.2]    Loading Device Tree to 0000000049ff5000, end 0000000049ffff9d ... OK
[00:16:32 T+  112.2] Working FDT set to 49ff5000
[00:16:32 T+  112.2] Starting kernel ...
[00:16:32 T+  112.2] [    0.000000] Booting Linux on physical CPU 0x0000000000 [0x410fd034]
[00:16:32 T+  112.2] [    0.000000] Linux version 6.18.38 (chris@cachyos) (clang version 22.1.8, LLD 22.1.8) #1 SMP Fri Aug 21 16:20:22 PDT 2026
[00:16:32 T+  112.3] [    0.000000] Machine model: HY200 QZ713DF_A1 (Allwinner H713)
[00:16:32 T+  112.3] [    0.000000] earlycon: uart0 at MMIO32 0x0000000002500000 (options '115200n8')
[00:16:32 T+  112.3] [    0.000000] printk: legacy bootconsole [uart0] enabled
[00:16:32 T+  112.3] [    0.000000] efi: UEFI not found.
[00:16:32 T+  112.3] [    0.000000] OF: reserved mem: 0x0000000040000000..0x00000000400fffff (1024 KiB) nomap non-reusable secure-bl31@40000000
[00:16:32 T+  112.3] [    0.000000] Reserved memory: created DMA memory pool at 0x000000004b100000, size 14 MiB
[00:16:32 T+  112.3] [    0.000000] OF: reserved mem: initialized node mips-firmware@4b100000, compatible id shared-dma-pool
[00:16:32 T+  112.3] [    0.000000] OF: reserved mem: 0x000000004b100000..0x000000004bf40fff (14596 KiB) nomap non-reusable mips-firmware@4b100000
[00:16:32 T+  112.3] [    0.000000] OF: reserved mem: 0x000000004d941000..0x000000004d960fff (128 KiB) nomap non-reusable decoder@4d941000
[00:16:32 T+  112.3] [    0.000000] OF: reserved mem: 0x000000004e300000..0x000000004e7fffff (5120 KiB) nomap non-reusable cpu-comm@4e300000
[00:16:32 T+  112.3] [    0.000000] OF: reserved mem: 0x000000004bf41000..0x000000004d940fff (26624 KiB) nomap non-reusable framebuf@4bf41000
[00:16:32 T+  112.3] [    0.000000] OF: reserved mem: 0x000000006c100000..0x000000006c8fffff (8192 KiB) nomap non-reusable uboot-scanout@6c100000
[00:16:32 T+  112.4] [    0.000000] Zone ranges:
[00:16:32 T+  112.4] [    0.000000]   DMA      [mem 0x0000000040000000-0x000000007fffffff]
[00:16:32 T+  112.4] [    0.000000]   DMA32    empty
[00:16:32 T+  112.4] [    0.000000]   Normal   empty
[00:16:32 T+  112.4] [    0.000000] Movable zone start for each node
[00:16:32 T+  112.4] [    0.000000] Early memory node ranges
[00:16:32 T+  112.4] [    0.000000]   node   0: [mem 0x0000000040000000-0x00000000400fffff]
[00:16:32 T+  112.4] [    0.000000]   node   0: [mem 0x0000000040100000-0x000000004b0fffff]
[00:16:32 T+  112.4] [    0.000000]   node   0: [mem 0x000000004b100000-0x000000004d960fff]
[00:16:32 T+  112.4] [    0.000000]   node   0: [mem 0x000000004d961000-0x000000004e2fffff]
[00:16:32 T+  112.4] [    0.000000]   node   0: [mem 0x000000004e300000-0x000000004e7fffff]
[00:16:32 T+  112.4] [    0.000000]   node   0: [mem 0x000000004e800000-0x000000006c0fffff]
[00:16:32 T+  112.4] [    0.000000]   node   0: [mem 0x000000006c100000-0x000000006c8fffff]
[00:16:32 T+  112.4] [    0.000000]   node   0: [mem 0x000000006c900000-0x000000007fffffff]
[00:16:32 T+  112.4] [    0.000000] Initmem setup node 0 [mem 0x0000000040000000-0x000000007fffffff]
[00:16:32 T+  112.5] [    0.000000] cma: Reserved 128 MiB at 0x0000000076c00000
[00:16:32 T+  112.5] [    0.000000] psci: probing for conduit method from DT.
[00:16:32 T+  112.5] [    0.000000] psci: PSCIv1.1 detected in firmware.
[00:16:32 T+  112.5] [    0.000000] psci: Using standard PSCI v0.2 function IDs
[00:16:32 T+  112.5] [    0.000000] psci: MIGRATE_INFO_TYPE not supported.
[00:16:32 T+  112.5] [    0.000000] psci: SMC Calling Convention v1.5
[00:16:32 T+  112.5] [    0.000000] percpu: Embedded 20 pages/cpu s42648 r8192 d31080 u81920
[00:16:32 T+  112.5] [    0.000000] Detected VIPT I-cache on CPU0
[00:16:32 T+  112.5] [    0.000000] alternatives: applying boot alternatives
[00:16:32 T+  112.5] [    0.000000] Kernel command line: console=ttyS0,115200 earlycon root=/dev/mmcblk0p26 rootwait rootfstype=ext4 rw net.ifnames=0 panic=5 clk_ignore_unused pd_ignore_unused cma=128M
[00:16:32 T+  112.5] [    0.000000] printk: log buffer data + meta data: 131072 + 458752 = 589824 bytes
[00:16:32 T+  112.5] [    0.000000] Dentry cache hash table entries: 131072 (order: 8, 1048576 bytes, linear)
[00:16:32 T+  112.5] [    0.000000] Inode-cache hash table entries: 65536 (order: 7, 524288 bytes, linear)
[00:16:32 T+  112.5] [    0.000000] software IO TLB: SWIOTLB bounce buffer size adjusted to 1MB
[00:16:32 T+  112.5] [    0.000000] software IO TLB: area num 4.
[00:16:32 T+  112.6] [    0.000000] software IO TLB: mapped [mem 0x0000000076b00000-0x0000000076c00000] (1MB)
[00:16:32 T+  112.6] [    0.000000] Built 1 zonelists, mobility grouping on.  Total pages: 262144
[00:16:32 T+  112.6] [    0.000000] mem auto-init: stack:all(zero), heap alloc:off, heap free:off
[00:16:32 T+  112.6] [    0.000000] SLUB: HWalign=64, Order=0-3, MinObjects=0, CPUs=4, Nodes=1
[00:16:32 T+  112.6] [    0.000000] rcu: Hierarchical RCU implementation.
[00:16:32 T+  112.6] [    0.000000] rcu: 	RCU restricting CPUs from NR_CPUS=512 to nr_cpu_ids=4.
[00:16:32 T+  112.6] [    0.000000] rcu: RCU calculated value of scheduler-enlistment delay is 25 jiffies.
[00:16:32 T+  112.6] [    0.000000] rcu: Adjusting geometry for rcu_fanout_leaf=16, nr_cpu_ids=4
[00:16:32 T+  112.6] [    0.000000] NR_IRQS: 64, nr_irqs: 64, preallocated irqs: 0
[00:16:32 T+  112.6] [    0.000000] Root IRQ handler: gic_handle_irq
[00:16:32 T+  112.6] [    0.000000] GIC: Using split EOI/Deactivate mode
[00:16:32 T+  112.6] [    0.000000] rcu: srcu_init: Setting srcu_struct sizes based on contention.
[00:16:32 T+  112.7] [    0.000000] arch_timer: cp15 timer running at 24.00MHz (phys).
[00:16:32 T+  112.7] [    0.000000] clocksource: arch_sys_counter: mask: 0xffffffffffffff max_cycles: 0x588fe9dc0, max_idle_ns: 440795202592 ns
[00:16:32 T+  112.7] [    0.000001] sched_clock: 56 bits at 24MHz, resolution 41ns, wraps every 4398046511097ns
[00:16:32 T+  112.7] [    0.008834] Console: colour dummy device 80x25
[00:16:32 T+  112.7] [    0.013546] Calibrating delay loop (skipped), value calculated using timer frequency.. 48.00 BogoMIPS (lpj=96000)
[00:16:32 T+  112.7] [    0.024308] pid_max: default: 32768 minimum: 301
[00:16:32 T+  112.7] [    0.029310] Mount-cache hash table entries: 2048 (order: 2, 16384 bytes, linear)
[00:16:32 T+  112.7] [    0.037073] Mountpoint-cache hash table entries: 2048 (order: 2, 16384 bytes, linear)
[00:16:32 T+  112.7] [    0.046069] cacheinfo: Unable to detect cache hierarchy for CPU 0
[00:16:32 T+  112.7] [    0.053491] rcu: Hierarchical SRCU implementation.
[00:16:32 T+  112.7] [    0.058528] rcu: 	Max phase no-delay instances is 1000.
[00:16:32 T+  112.7] [    0.064209] Timer migration: 1 hierarchy levels; 8 children per group; 1 crossnode level
[00:16:32 T+  112.7] [    0.073113] EFI services will not be available.
[00:16:32 T+  112.7] [    0.078099] smp: Bringing up secondary CPUs ...
[00:16:32 T+  112.8] [    0.083337] Detected VIPT I-cache on CPU1
[00:16:32 T+  112.8] [    0.083433] CPU1: Booted secondary processor 0x0000000001 [0x410fd034]
[00:16:32 T+  112.8] [    0.083992] Detected VIPT I-cache on CPU2
[00:16:32 T+  112.8] [    0.084045] CPU2: Booted secondary processor 0x0000000002 [0x410fd034]
[00:16:32 T+  112.8] [    0.084537] Detected VIPT I-cache on CPU3
[00:16:32 T+  112.8] [    0.084584] CPU3: Booted secondary processor 0x0000000003 [0x410fd034]
[00:16:32 T+  112.8] [    0.084684] smp: Brought up 1 node, 4 CPUs
[00:16:32 T+  112.8] [    0.122024] SMP: Total of 4 processors activated.
[00:16:32 T+  112.8] [    0.126950] CPU: All CPU(s) started at EL2
[00:16:32 T+  112.8] [    0.131227] CPU features: detected: 32-bit EL0 Support
[00:16:32 T+  112.8] [    0.136604] CPU features: detected: CRC32 instructions
[00:16:32 T+  112.8] [    0.141996] CPU features: detected: PMUv3
[00:16:32 T+  112.8] [    0.146251] alternatives: applying system-wide alternatives
[00:16:32 T+  112.8] [    0.153021] Memory: 818340K/1048576K available (11136K kernel code, 1538K rwdata, 3412K rodata, 896K init, 481K bss, 94840K reserved, 131072K cma-reserved)
[00:16:32 T+  112.8] [    0.168195] devtmpfs: initialized
[00:16:33 T+  112.9] [    0.176685] clocksource: jiffies: mask: 0xffffffff max_cycles: 0xffffffff, max_idle_ns: 7645041785100000 ns
[00:16:33 T+  112.9] [    0.186946] posixtimers hash table entries: 2048 (order: 3, 32768 bytes, linear)
[00:16:33 T+  112.9] [    0.194785] futex hash table entries: 1024 (65536 bytes on 1 NUMA nodes, total 64 KiB, linear).
[00:16:33 T+  112.9] [    0.206795] 28352 pages in range for non-PLT usage
[00:16:33 T+  112.9] [    0.206819] 519872 pages in range for PLT usage
[00:16:33 T+  112.9] [    0.212004] pinctrl core: initialized pinctrl subsystem
[00:16:33 T+  112.9] [    0.222942] DMI not present or invalid.
[00:16:33 T+  112.9] [    0.227512] NET: Registered PF_NETLINK/PF_ROUTE protocol family
[00:16:33 T+  112.9] [    0.235037] DMA: preallocated 128 KiB GFP_KERNEL pool for atomic allocations
[00:16:33 T+  112.9] [    0.242903] DMA: preallocated 128 KiB GFP_KERNEL|GFP_DMA pool for atomic allocations
[00:16:33 T+  112.9] [    0.251878] DMA: preallocated 128 KiB GFP_KERNEL|GFP_DMA32 pool for atomic allocations
[00:16:33 T+  112.9] [    0.261120] thermal_sys: Registered thermal governor 'step_wise'
[00:16:33 T+  112.9] [    0.261273] hw-breakpoint: found 6 breakpoint and 4 watchpoint registers.
[00:16:33 T+  112.9] [    0.274767] ASID allocator initialised with 65536 entries
[00:16:33 T+  113.0] [    0.289152] iommu: Default domain type: Translated
[00:16:33 T+  113.0] [    0.294243] iommu: DMA domain TLB invalidation policy: strict mode
[00:16:33 T+  113.0] [    0.301101] SCSI subsystem initialized
[00:16:33 T+  113.0] [    0.305376] usbcore: registered new interface driver usbfs
[00:16:33 T+  113.0] [    0.311173] usbcore: registered new interface driver hub
[00:16:33 T+  113.0] [    0.316764] usbcore: registered new device driver usb
[00:16:33 T+  113.0] [    0.322239] mc: Linux media interface: v0.10
[00:16:33 T+  113.0] [    0.326744] videodev: Linux video capture interface: v2.00
[00:16:33 T+  113.0] [    0.332512] pps_core: LinuxPPS API ver. 1 registered
[00:16:33 T+  113.0] [    0.337709] pps_core: Software ver. 5.3.6 - Copyright 2005-2007 Rodolfo Giometti <giometti@linux.it>
[00:16:33 T+  113.0] [    0.347305] PTP clock support registered
[00:16:33 T+  113.0] [    0.351749] Advanced Linux Sound Architecture Driver Initialized.
[00:16:33 T+  113.0] [    0.358668] Bluetooth: Core ver 2.22
[00:16:33 T+  113.0] [    0.362441] NET: Registered PF_BLUETOOTH protocol family
[00:16:33 T+  113.0] [    0.368012] Bluetooth: HCI device and connection manager initialized
[00:16:33 T+  113.0] [    0.374678] Bluetooth: HCI socket layer initialized
[00:16:33 T+  113.1] [    0.379792] Bluetooth: L2CAP socket layer initialized
[00:16:33 T+  113.1] [    0.385101] Bluetooth: SCO socket layer initialized
[00:16:33 T+  113.1] [    0.390761] clocksource: Switched to clocksource arch_sys_counter
[00:16:33 T+  113.1] [    0.403468] NET: Registered PF_INET protocol family
[00:16:33 T+  113.1] [    0.408769] IP idents hash table entries: 16384 (order: 5, 131072 bytes, linear)
[00:16:33 T+  113.1] [    0.417462] tcp_listen_portaddr_hash hash table entries: 512 (order: 1, 8192 bytes, linear)
[00:16:33 T+  113.1] [    0.426249] Table-perturb hash table entries: 65536 (order: 6, 262144 bytes, linear)
[00:16:33 T+  113.1] [    0.434385] TCP established hash table entries: 8192 (order: 4, 65536 bytes, linear)
[00:16:33 T+  113.1] [    0.442567] TCP bind hash table entries: 8192 (order: 6, 262144 bytes, linear)
[00:16:33 T+  113.1] [    0.450404] TCP: Hash tables configured (established 8192 bind 8192)
[00:16:33 T+  113.1] [    0.457189] UDP hash table entries: 512 (order: 3, 32768 bytes, linear)
[00:16:33 T+  113.1] [    0.464182] UDP-Lite hash table entries: 512 (order: 3, 32768 bytes, linear)
[00:16:33 T+  113.1] [    0.471709] NET: Registered PF_UNIX/PF_LOCAL protocol family
[00:16:33 T+  113.2] [    0.478102] RPC: Registered named UNIX socket transport module.
[00:16:33 T+  113.2] [    0.484342] RPC: Registered udp transport module.
[00:16:33 T+  113.2] [    0.489271] RPC: Registered tcp transport module.
[00:16:33 T+  113.2] [    0.494217] RPC: Registered tcp-with-tls transport module.
[00:16:33 T+  113.2] [    0.499977] RPC: Registered tcp NFSv4.1 backchannel transport module.
[00:16:33 T+  113.2] [    0.508354] Initialise system trusted keyrings
[00:16:33 T+  113.2] [    0.513181] workingset: timestamp_bits=62 max_order=18 bucket_order=0
[00:16:33 T+  113.2] [    0.520481] NFS: Registering the id_resolver key type
[00:16:33 T+  113.2] [    0.525790] Key type id_resolver registered
[00:16:33 T+  113.2] [    0.530177] Key type id_legacy registered
[00:16:33 T+  113.3] [    0.578453] Key type asymmetric registered
[00:16:33 T+  113.3] [    0.582763] Asymmetric key parser 'x509' registered
[00:16:33 T+  113.3] [    0.587938] Block layer SCSI generic (bsg) driver version 0.4 loaded (major 245)
[00:16:33 T+  113.3] [    0.595688] io scheduler mq-deadline registered
[00:16:33 T+  113.3] [    0.600426] io scheduler kyber registered
[00:16:33 T+  113.3] [    0.604637] io scheduler bfq registered
[00:16:33 T+  113.3] [    0.611869] gpio gpiochip0: Static allocation of GPIO base is deprecated, use dynamic allocation.
[00:16:33 T+  113.3] [    0.627534] sun50i-h713-pinctrl 2000000.pinctrl: initialized sunXi PIO driver
[00:16:33 T+  113.3] [    0.636045] sun8i-pwm 2000c00.pwm: Allwinner H713 PWM controller registered (8 channels)
[00:16:33 T+  113.3] [    0.652874] sun50i-h713-ppu 7001014.power-controller: H713 PPU: 5 power domains registered
[00:16:33 T+  113.4] [    0.699586] Serial: 8250/16550 driver, 8 ports, IRQ sharing disabled
[00:16:33 T+  113.4] [    0.708970] printk: legacy console [ttyS0] disabled
[00:16:33 T+  113.4] [    0.734608] 2500000.serial: ttyS0 at MMIO 0x2500000 (irq = 246, base_baud = 1500000) is a 16550A
[00:16:33 T+  113.4] [    0.743966] printk: legacy console [ttyS0] enabled
[00:16:33 T+  113.4] [    0.743966] printk: legacy console [ttyS0] enabled
[00:16:33 T+  113.4] [    0.753772] printk: legacy bootconsole [uart0] disabled
[00:16:33 T+  113.4] [    0.753772] printk: legacy bootconsole [uart0] disabled
[00:16:33 T+  113.5] [    0.786152] 2500400.serial: ttyS1 at MMIO 0x2500400 (irq = 247, base_baud = 1500000) is a 16550A
[00:16:33 T+  113.5] [    0.796058] platform 1c0e000.video-codec: Adding to iommu group 0
[00:16:33 T+  113.5] [    0.808046] CAN device driver interface
[00:16:33 T+  113.5] [    0.812717] usbcore: registered new interface driver usb-storage
[00:16:33 T+  113.5] [    0.812903] ehci-platform 4200000.usb: EHCI Host Controller
[00:16:33 T+  113.5] [    0.812947] ehci-platform 4300000.usb: EHCI Host Controller
[00:16:33 T+  113.5] [    0.812969] ehci-platform 4300000.usb: new USB bus registered, assigned bus number 1
[00:16:33 T+  113.5] [    0.813013] phy phy-4100400.phy.0: Changing dr_mode to 1
[00:16:33 T+  113.5] [    0.813021] ehci-platform 4101000.usb: EHCI Host Controller
[00:16:33 T+  113.5] [    0.813035] ehci-platform 4101000.usb: new USB bus registered, assigned bus number 2
[00:16:33 T+  113.5] [    0.813092] ehci-platform 4300000.usb: irq 250, io mem 0x04300000
[00:16:33 T+  113.5] [    0.813109] ehci-platform 4101000.usb: irq 251, io mem 0x04101000
[00:16:33 T+  113.6] [    0.813732] ohci-platform 4200400.usb: Generic Platform OHCI controller
[00:16:33 T+  113.6] [    0.813750] ohci-platform 4200400.usb: new USB bus registered, assigned bus number 3
[00:16:33 T+  113.6] [    0.813833] ohci-platform 4200400.usb: irq 253, io mem 0x04200400
[00:16:33 T+  113.6] [    0.814102] ohci-platform 4300400.usb: Generic Platform OHCI controller
[00:16:33 T+  113.6] [    0.814118] ohci-platform 4300400.usb: new USB bus registered, assigned bus number 4
[00:16:33 T+  113.6] [    0.814188] ohci-platform 4300400.usb: irq 254, io mem 0x04300400
[00:16:33 T+  113.6] [    0.820382] sun6i-rtc 7090000.rtc: registered as rtc0
[00:16:33 T+  113.6] [    0.822789] ehci-platform 4300000.usb: USB 2.0 started, EHCI 1.00
[00:16:33 T+  113.6] [    0.823422] hub 1-0:1.0: USB hub found
[00:16:33 T+  113.6] [    0.823453] hub 1-0:1.0: 1 port detected
[00:16:33 T+  113.6] [    0.824355] ehci-platform 4200000.usb: new USB bus registered, assigned bus number 5
[00:16:33 T+  113.6] [    0.830008] sun6i-rtc 7090000.rtc: setting system clock to 1970-01-02T00:38:16 UTC (88696)
[00:16:33 T+  113.6] [    0.834761] ehci-platform 4101000.usb: USB 2.0 started, EHCI 1.00
[00:16:33 T+  113.6] [    0.835300] hub 2-0:1.0: USB hub found
[00:16:33 T+  113.6] [    0.835328] hub 2-0:1.0: 1 port detected
[00:16:33 T+  113.6] [    0.837853] ehci-platform 4200000.usb: irq 249, io mem 0x04200000
[00:16:33 T+  113.6] [    0.843270] i2c_dev: i2c /dev entries driver
[00:16:33 T+  113.6] [    0.858766] ehci-platform 4200000.usb: USB 2.0 started, EHCI 1.00
[00:16:33 T+  113.6] [    0.862761] IR NEC protocol handler initialized
[00:16:33 T+  113.6] [    0.871051] hub 5-0:1.0: USB hub found
[00:16:33 T+  113.7] [    0.875126] IR RC5(x/sz) protocol handler initialized
[00:16:33 T+  113.7] [    0.882883] hub 5-0:1.0: 1 port detected
[00:16:33 T+  113.7] [    0.888943] IR RC6 protocol handler initialized
[00:16:33 T+  113.7] [    0.890475] sunxi-wdt 2051000.watchdog: Watchdog enabled (timeout=16 sec, nowayout=0)
[00:16:33 T+  113.7] [    0.896350] hub 3-0:1.0: USB hub found
[00:16:33 T+  113.7] [    0.904085] SMCCC: SOC_ID: ID = jep106:091e:1860 Revision = 0x00000001
[00:16:33 T+  113.7] [    0.909457] hub 3-0:1.0: 1 port detected
[00:16:33 T+  113.7] [    0.915165] usbcore: registered new interface driver usbhid
[00:16:33 T+  113.7] [    0.917840] sunxi-mmc 4021000.mmc: v5p3x delay: rate=400000 timing=0 width=1 DRV=00010000 NTSR=81710000
[00:16:33 T+  113.7] [    0.921484] hub 4-0:1.0: USB hub found
[00:16:33 T+  113.7] [    0.924296] usbhid: USB HID core driver
[00:16:33 T+  113.7] [    0.925314] sun50i-h713-lradc 2009800.lradc: H713 LRADC IIO registered (2 channels)
[00:16:33 T+  113.7] [    0.928271] sunxi-mmc 4021000.mmc: initialized, max. request size: 1024 KB, uses new timings mode
[00:16:33 T+  113.7] [    0.928285] hub 4-0:1.0: 1 port detected
[00:16:33 T+  113.8] [    0.930363] sunxi-mmc 4022000.mmc: initialized, max. request size: 2048 KB, uses new timings mode
[00:16:33 T+  113.8] [    0.937886] NET: Registered PF_INET6 protocol family
[00:16:33 T+  113.8] [    0.947654] sunxi-mmc 4021000.mmc: v5p3x delay: rate=400000 timing=0 width=1 DRV=00010000 NTSR=81710000
[00:16:33 T+  113.8] [    0.951159] Segment Routing with IPv6
[00:16:33 T+  113.8] [    0.957380] sunxi-mmc 4021000.mmc: v5p3x delay: rate=400000 timing=0 width=1 DRV=00010000 NTSR=81710000
[00:16:33 T+  113.8] [    0.958044] In-situ OAM (IOAM) with IPv6
[00:16:33 T+  113.8] [    0.997018] mmc0: new HS400 MMC card at address 0001
[00:16:33 T+  113.8] [    1.004065] sit: IPv6, IPv4 and MPLS over IPv4 tunneling driver
[00:16:33 T+  113.8] [    1.008513] mmcblk0: mmc0:0001 8GTF4R 7.28 GiB
[00:16:33 T+  113.8] [    1.014792] NET: Registered PF_PACKET protocol family
[00:16:33 T+  113.8] [    1.018823] ohci-platform 4101400.usb: Generic Platform OHCI controller
[00:16:33 T+  113.8] [    1.020664]  mmcblk0: p1 p2 p3 p4 p5 p6 p7 p8 p9 p10 p11 p12 p13 p14 p15 p16 p17 p18 p19 p20 p21 p22 p23 p24 p25 p26
[00:16:33 T+  113.8] [    1.023794] can: controller area network core
[00:16:33 T+  113.8] [    1.023873] NET: Registered PF_CAN protocol family
[00:16:33 T+  113.8] [    1.023926] mmcblk0boot0: mmc0:0001 8GTF4R 4.00 MiB
[00:16:33 T+  113.8] [    1.025906] mmcblk0boot1: mmc0:0001 8GTF4R 4.00 MiB
[00:16:33 T+  113.8] [    1.033251] ohci-platform 4101400.usb: new USB bus registered, assigned bus number 6
[00:16:33 T+  113.8] [    1.036973] can: raw protocol
[00:16:33 T+  113.8] [    1.040903] ohci-platform 4101400.usb: irq 252, io mem 0x04101400
[00:16:33 T+  113.8] [    1.048459] can: broadcast manager protocol
[00:16:34 T+  113.9] [    1.115383] hub 6-0:1.0: USB hub found
[00:16:34 T+  113.9] [    1.116703] can: netlink gateway - max_hops=1
[00:16:34 T+  113.9] [    1.121763] hub 6-0:1.0: 1 port detected
[00:16:34 T+  113.9] [    1.128419] Key type dns_resolver registered
[00:16:34 T+  113.9] [    1.200925] Loading compiled-in X.509 certificates
[00:16:34 T+  113.9] [    1.218942] gpio gpiochip1: Static allocation of GPIO base is deprecated, use dynamic allocation.
[00:16:34 T+  113.9] [    1.230007] sun50i-h713-r-pinctrl 7022000.pinctrl: initialized sunXi PIO driver
[00:16:34 T+  113.9] [    1.237487] sunxi-mmc 4021000.mmc: Failed to create device link (0x180) with supplier 7022000.pinctrl for /soc/mmc@4021000/wifi@1
[00:16:34 T+  113.9] [    1.249649] sun8i-pwm 7020c00.pwm: Allwinner H713 PWM controller registered (3 channels)
[00:16:34 T+  113.9] [    1.258813] Registered IR keymap rc-empty
[00:16:34 T+  113.9] [    1.262903] rc rc0: sunxi-ir as /devices/platform/soc/7040000.ir/rc/rc0
[00:16:34 T+  113.9] [    1.269686] rc rc0: lirc_dev: driver sunxi-ir registered at minor = 0, raw IR receiver, no transmitter
[00:16:34 T+  113.9] [    1.279110] input: sunxi-ir as /devices/platform/soc/7040000.ir/rc/rc0/input0
[00:16:34 T+  114.0] [    1.286716] sunxi-ir 7040000.ir: h713-ir regs ctl=0xf3 rxctl=0x4 rxint=0x1313 rxsta=0x0 cir=0x200b2a
[00:16:34 T+  114.0] [    1.295864] sunxi-ir 7040000.ir: initialized sunXi IR driver
[00:16:34 T+  114.0] [    1.302425] thermal_sys: No trip points found for thermal-sensor id=1
[00:16:34 T+  114.0] [    1.311247] cfg80211: Loading compiled-in X.509 certificates for regulatory database
[00:16:34 T+  114.0] [    1.320161] Loaded X.509 cert 'sforshee: 00b28ddf47aef9cea7'
[00:16:34 T+  114.0] [    1.326320] Loaded X.509 cert 'wens: 61c038651aabdcf94bd0ac7ff06c7248db18c600'
[00:16:34 T+  114.0] [    1.333606] clk: Not disabling unused clocks
[00:16:34 T+  114.0] [    1.337884] PM: genpd: Not disabling unused power domains
[00:16:34 T+  114.0] [    1.343299] ALSA device list:
[00:16:34 T+  114.0] [    1.346264]   No soundcards found.
[00:16:34 T+  114.0] [    1.350129] faux_driver regulatory: Direct firmware load for regulatory.db failed with error -2
[00:16:34 T+  114.0] [    1.358839] cfg80211: failed to load regulatory.db
[00:16:34 T+  114.0] [    1.363770] check access for rdinit=/init failed: -2, ignoring
[00:16:34 T+  114.5] [    1.864369] EXT4-fs (mmcblk0p26): recovery complete
[00:16:34 T+  114.5] [    1.870226] EXT4-fs (mmcblk0p26): mounted filesystem 956d9901-0eb3-4d75-bb44-e37a46ba9f40 r/w with ordered data mode. Quota mode: disabled.
[00:16:34 T+  114.6] [    1.882834] VFS: Mounted root (ext4 filesystem) on device 259:18.
[00:16:34 T+  114.6] [    1.889494] devtmpfs: mounted
[00:16:34 T+  114.6] [    1.892958] Freeing unused kernel memory: 896K
[00:16:34 T+  114.6] [    1.897638] Run /sbin/init as init process
[00:16:34 T+  114.8] [    2.110006] systemd[1]: System time advanced to built-in epoch: Mon 2026-04-13 19:38:05 UTC
[00:16:35 T+  114.9] [!p]104[?7h[    2.190933] systemd[1]: systemd 257.13-1~deb13u1 running in system mode (+PAM +AUDIT +SELINUX +APPARMOR +IMA +IPE +SMACK +SECCOMP +GCRYPT -GNUTLS +OPENSSL +ACL +BLKID +CURL +ELFUTILS +FIDO2 +IDN2 -IDN +IPTC +KMOD +LIBCRYPTSETUP +LIBCRYPTSETUP_PLUGINS +LIBFDISK +PCRE2 +PWQUALITY +P11KIT +QRENCODE +TPM2 +BZIP2 +LZ4 +XZ +ZLIB +ZSTD +BPF_FRAMEWORK +BTF -XKBCOMMON -UTMP +SYSVINIT +LIBARCHIVE)
[00:16:35 T+  114.9] [    2.225320] systemd[1]: Detected architecture arm64.
[00:16:35 T+  114.9] [0;1;39mWelcome to [0m[1mDebian GNU/Linux 13 (trixie)[0m[0;1;39m![0m
[00:16:35 T+  114.9] [    2.252593] systemd[1]: Hostname set to <h713-arm64>.
[00:16:35 T+  115.0] [    2.312053] systemd[1]: bpf-restrict-fs: BPF LSM hook not enabled in the kernel, BPF LSM not supported.
[00:16:35 T+  115.5] [    2.859397] systemd[1]: Queued start job for default target graphical.target.
[00:16:35 T+  115.6] [    2.883873] systemd[1]: Created slice system-getty.slice - Slice /system/getty.
[00:16:35 T+  115.6] [[0;32m  OK  [0m] Created slice [0;1;39msystem-getty.slice[0m - Slice /system/getty.
[00:16:35 T+  115.6] [    2.908153] systemd[1]: Created slice system-modprobe.slice - Slice /system/modprobe.
[00:16:35 T+  115.6] [[0;32m  OK  [0m] Created slice [0;1;39msystem-modprobe.slice[0m - Slice /system/modprobe.
[00:16:35 T+  115.6] [    2.932186] systemd[1]: Created slice system-serial\x2dgetty.slice - Slice /system/serial-getty.
[00:16:35 T+  115.6] [[0;32m  OK  [0m] Created slice [0;1;39msystem-serial\x2dget…slice[0m - Slice /system/serial-getty.
[00:16:35 T+  115.6] [    2.955728] systemd[1]: Created slice user.slice - User and Session Slice.
[00:16:35 T+  115.6] [[0;32m  OK  [0m] Created slice [0;1;39muser.slice[0m - User and Session Slice.
[00:16:35 T+  115.6] [    2.975277] systemd[1]: Started systemd-ask-password-console.path - Dispatch Password Requests to Console Directory Watch.
[00:16:35 T+  115.7] [[0;32m  OK  [0m] Started [0;1;39msystemd-ask-password-conso…[0mequests to Console Directory Watch.
[00:16:35 T+  115.7] [    3.003305] systemd[1]: Started systemd-ask-password-wall.path - Forward Password Requests to Wall Directory Watch.
[00:16:35 T+  115.7] [[0;32m  OK  [0m] Started [0;1;39msystemd-ask-password-wall.…[0md Requests to Wall Directory Watch.
[00:16:35 T+  115.7] [    3.027175] systemd[1]: proc-sys-fs-binfmt_misc.automount - Arbitrary Executable File Formats File System Automount Point skipped, unmet condition check ConditionPathExists=/proc/sys/fs/binfmt_misc
[00:16:35 T+  115.7] [    3.045015] systemd[1]: Expecting device dev-ttyS0.device - /dev/ttyS0...
[00:16:35 T+  115.7]          Expecting device [0;1;39mdev-ttyS0.device[0m - /dev/ttyS0...
[00:16:35 T+  115.7] [    3.063169] systemd[1]: Reached target paths.target - Path Units.
[00:16:35 T+  115.7] [[0;32m  OK  [0m] Reached target [0;1;39mpaths.target[0m - Path Units.
[00:16:35 T+  115.7] [    3.083060] systemd[1]: Reached target remote-fs.target - Remote File Systems.
[00:16:35 T+  115.8] [[0;32m  OK  [0m] Reached target [0;1;39mremote-fs.target[0m - Remote File Systems.
[00:16:35 T+  115.8] [    3.103064] systemd[1]: Reached target slices.target - Slice Units.
[00:16:35 T+  115.8] [[0;32m  OK  [0m] Reached target [0;1;39mslices.target[0m - Slice Units.
[00:16:35 T+  115.8] [    3.123104] systemd[1]: Reached target swap.target - Swaps.
[00:16:35 T+  115.8] [[0;32m  OK  [0m] Reached target [0;1;39mswap.target[0m - Swaps.
[00:16:35 T+  115.8] [    3.149416] systemd[1]: Listening on systemd-creds.socket - Credential Encryption/Decryption.
[00:16:35 T+  115.8] [[0;32m  OK  [0m] Listening on [0;1;39msystemd-creds.socket[0m - Credential Encryption/Decryption.
[00:16:35 T+  115.8] [    3.175756] systemd[1]: Listening on systemd-initctl.socket - initctl Compatibility Named Pipe.
[00:16:36 T+  115.9] [[0;32m  OK  [0m] Listening on [0;1;39msystemd-initctl.socke…[0m- initctl Compatibility Named Pipe.
[00:16:36 T+  115.9] [    3.199800] systemd[1]: Listening on systemd-journald-dev-log.socket - Journal Socket (/dev/log).
[00:16:36 T+  115.9] [[0;32m  OK  [0m] Listening on [0;1;39msystemd-journald-dev-…socket[0m - Journal Socket (/dev/log).
[00:16:36 T+  115.9] [    3.223802] systemd[1]: Listening on systemd-journald.socket - Journal Sockets.
[00:16:36 T+  115.9] [[0;32m  OK  [0m] Listening on [0;1;39msystemd-journald.socket[0m - Journal Sockets.
[00:16:36 T+  115.9] [    3.243236] systemd[1]: systemd-pcrextend.socket - TPM PCR Measurements skipped, unmet condition check ConditionSecurity=measured-uki
[00:16:36 T+  115.9] [    3.255448] systemd[1]: systemd-pcrlock.socket - Make TPM PCR Policy skipped, unmet condition check ConditionSecurity=measured-uki
[00:16:36 T+  115.9] [    3.268043] systemd[1]: Listening on systemd-udevd-control.socket - udev Control Socket.
[00:16:36 T+  115.9] [[0;32m  OK  [0m] Listening on [0;1;39msystemd-udevd-control.socket[0m - udev Control Socket.
[00:16:36 T+  116.0] [    3.291644] systemd[1]: Listening on systemd-udevd-kernel.socket - udev Kernel Socket.
[00:16:36 T+  116.0] [[0;32m  OK  [0m] Listening on [0;1;39msystemd-udevd-kernel.socket[0m - udev Kernel Socket.
[00:16:36 T+  116.0] [    3.315916] systemd[1]: dev-hugepages.mount - Huge Pages File System skipped, unmet condition check ConditionPathExists=/sys/kernel/mm/hugepages
[00:16:36 T+  116.0] [    3.329749] systemd[1]: dev-mqueue.mount - POSIX Message Queue File System skipped, unmet condition check ConditionPathExists=/proc/sys/fs/mqueue
[00:16:36 T+  116.0] [    3.348450] systemd[1]: Mounting run-lock.mount - Legacy Locks Directory /run/lock...
[00:16:36 T+  116.0]          Mounting [0;1;39mrun-lock.mount[0m - Legacy Locks Directory /run/lock...
[00:16:36 T+  116.0] [    3.373866] systemd[1]: Mounting sys-kernel-debug.mount - Kernel Debug File System...
[00:16:36 T+  116.1]          Mountin[    3.383038] systemd[1]: sys-kernel-tracing.mount - Kernel Trace File System skipped, unmet condition check ConditionPathExists=/sys/kernel/tracing
[00:16:36 T+  116.1] g [0;1;39msys-k[    3.398104] systemd[1]: tmp.mount: Directory /tmp to mount over is not empty, mounting anyway.
[00:16:36 T+  116.1] ernel-debug.mount[0m - Kernel Debug File System[    3.409584] systemd[1]: Mounting tmp.mount - Temporary Directory /tmp...
[00:16:36 T+  116.1] ...
[00:16:36 T+  116.1]          Mountin[    3.427852] systemd[1]: kmod-static-nodes.service - Create List of Static Device Nodes skipped, unmet condition check ConditionFileNotEmpty=/lib/modules/6.18.38/modules.devname
[00:16:36 T+  116.1] g [0;1;39mtmp.mount[0m - Temporary Directory /tmp...
[00:16:36 T+  116.1] [    3.452927] systemd[1]: Starting modprobe@configfs.service - Load Kernel Module configfs...
[00:16:36 T+  116.1]          Starting [0;1;39mmodprobe@configfs.service[0m - Load [    3.466559] systemd[1]: Starting modprobe@drm.service - Load Kernel Module drm...
[00:16:36 T+  116.1] Kernel Module configfs...
[00:16:36 T+  116.2]          Starting [0;1;39mmodprobe@drm.service[    3.487342] systemd[1]: Starting modprobe@efi_pstore.service - Load Kernel Module efi_pstore...
[00:16:36 T+  116.2] [0m - Load Kernel Module drm...
[00:16:36 T+  116.2]          Starting [0;1;39mmodprobe@efi_pstore.s[    3.511554] systemd[1]: Starting modprobe@fuse.service - Load Kernel Module fuse...
[00:16:36 T+  116.2] ervi…[0m - Load Kernel Module efi_pstore...
[00:16:36 T+  116.2]          Startin[    3.531671] systemd[1]: systemd-fsck-root.service - File System Check on Root Device skipped, unmet condition check ConditionPathIsReadWrite=!/
[00:16:36 T+  116.2] g [0;1;39mmodpr[    3.545859] systemd[1]: systemd-hibernate-clear.service - Clear Stale Hibernate Storage Info skipped, unmet condition check ConditionPathExists=/sys/firmware/efi/efivars/HibernateLocation-8cf2644b-4b0b-428f-9387-6d876050dc67
[00:16:36 T+  116.3] obe@fuse.service[    3.567891] systemd[1]: systemd-journald.service: unit configures an IP firewall, but the local system does not support BPF/cgroup firewalling.
[00:16:36 T+  116.3] [0m - Load Kern[    3.581054] systemd[1]: systemd-journald.service: (This warning is only shown for the first unit using IP firewalling.)
[00:16:36 T+  116.3] el Module fuse...
[00:16:36 T+  116.3] [    3.597550] systemd[1]: Starting systemd-journald.service - Journal Service...
[00:16:36 T+  116.3]          Starting [0;1;39msystemd-journald.service[0m - Journa[    3.610212] systemd[1]: Starting systemd-modules-load.service - Load Kernel Modules...
[00:16:36 T+  116.3] l Service...
[00:16:36 T+  116.3]          Starting [0;1;39msystemd-modules-load.service[0m - Load Kernel Modules...
[00:16:36 T+  116.3] === CRASHED after 116 s (1.9 min) ===
