=== soak-capture start 2026-08-22 01:45:12 (deadline 22 min) ===
[01:45:43 T+   30.7] [  107.835448] Unable to handle kernel paging request at virtual address 0004000000422100
[01:45:43 T+   30.7] *** stop pattern matched -- capturing 20 s more
[01:45:43 T+   30.7] [  107.843399] Mem abort info:
[01:45:43 T+   30.7] [  107.846199]   ESR = 0x0000000096000004
[01:45:43 T+   30.7] [  107.849949]   EC = 0x25: DABT (current EL), IL = 32 bits
[01:45:43 T+   30.7] [  107.855258]   SET = 0, FnV = 0
[01:45:43 T+   30.7] [  107.858310]   EA = 0, S1PTW = 0
[01:45:43 T+   30.7] [  107.861446]   FSC = 0x04: level 0 translation fault
[01:45:43 T+   30.7] [  107.866316] Data abort info:
[01:45:43 T+   30.7] [  107.869190]   ISV = 0, ISS = 0x00000004, ISS2 = 0x00000000
[01:45:43 T+   30.7] [  107.874667]   CM = 0, WnR = 0, TnD = 0, TagAccess = 0
[01:45:43 T+   30.7] [  107.879710]   GCS = 0, Overlay = 0, DirtyBit = 0, Xs = 0
[01:45:43 T+   30.7] [  107.885014] [0004000000422100] address between user and kernel address ranges
[01:45:43 T+   30.7] [  107.892139] Internal error: Oops: 0000000096000004 [#1]  SMP
[01:45:43 T+   30.7] [  107.897792] Modules linked in: hci_uart sun50i_h713_afbd sunxi_cedrus(C) panfrost sunxi_scanout_dmabuf aic8800_btlpm(O) aic8800_fdrv(O) aic8800_bsp(O)
[01:45:43 T+   30.7] [  107.911278] CPU: 1 UID: 0 PID: 59 Comm: kworker/u16:4 Tainted: G         C O        6.18.38 #1 NONE 
[01:45:43 T+   30.7] [  107.920410] Tainted: [C]=CRAP, [O]=OOT_MODULE
[01:45:43 T+   30.7] [  107.924766] Hardware name: HY200 QZ713DF_A1 (Allwinner H713) (DT)
[01:45:43 T+   30.7] [  107.930865] Workqueue:  0x0 (pan_js)
[01:45:43 T+   30.7] [  107.934456] pstate: 200000c5 (nzCv daIF -PAN -UAO -TCO -DIT -SSBS BTYPE=--)
[01:45:43 T+   30.7] [  107.941409] pc : pwq_dec_nr_in_flight+0x28/0x564
[01:45:43 T+   30.8] [  107.946029] lr : process_scheduled_works+0x214/0x300
[01:45:43 T+   30.8] [  107.950987] sp : ffff8000813b3d30
[01:45:43 T+   30.8] [  107.954294] x29: ffff8000813b3d30 x28: ffff0000034bba20 x27: 0000000000000000
[01:45:43 T+   30.8] [  107.961425] x26: 0000000000000000 x25: ffff000001386640 x24: ffff0000034bba18
[01:45:43 T+   30.8] [  107.968554] x23: ffff00000041c000 x22: ffff000001d5f205 x21: 0000000000000000
[01:45:43 T+   30.8] [  107.975683] x20: 000000007fffffff x19: ffff000001386600 x18: ffff000001d5f268
[01:45:43 T+   30.8] [  107.982812] x17: ffff00000041c028 x16: 0000000000000007 x15: ffff000001d5f260
[01:45:43 T+   30.8] [  107.989941] x14: ffff00000041c028 x13: 8080000000000000 x12: 0000736a5f6e6170
[01:45:43 T+   30.8] [  107.997070] x11: 0000736a5f6e6170 x10: 0000000000000080 x9 : 0000000000000000
[01:45:43 T+   30.8] [  108.004199] x8 : 0004000000422000 x7 : 0000000000000000 x6 : 0000000000000000
[01:45:43 T+   30.8] [  108.011328] x5 : 00000000002a0026 x4 : ffff00003edce850 x3 : 00000000002a0027
[01:45:43 T+   30.8] [  108.018457] x2 : 0000000000000020 x1 : ffff000001d5f205 x0 : ffff000001d5f200
[01:45:43 T+   30.8] [  108.025587] Call trace:
[01:45:43 T+   30.8] [  108.028029]  pwq_dec_nr_in_flight+0x28/0x564 (P)
[01:45:43 T+   30.9] [  108.032644]  process_scheduled_works+0x214/0x300
[01:45:43 T+   30.9] [  108.037257]  worker_thread+0x2fc/0x45c
[01:45:43 T+   30.9] [  108.041004]  kthread+0x198/0x1e4
[01:45:43 T+   30.9] [  108.044234]  ret_from_fork+0x10/0x20
[01:45:43 T+   30.9] [  108.047814] Code: a9025ff8 a9044ff4 37081ec1 f9400408 (39440109) 
[01:45:43 T+   30.9] [  108.053898] ---[ end trace 0000000000000000 ]---
[01:45:43 T+   30.9] [  108.058509] Kernel panic - not syncing: Oops: Fatal exception
[01:45:43 T+   30.9] [  108.064246] SMP: stopping secondary CPUs
[01:45:44 T+   31.9] [  109.110994] SMP: failed to stop secondary CPUs 0,3
[01:45:44 T+   31.9] [  109.115782] Kernel Offset: disabled
[01:45:44 T+   31.9] [  109.119263] CPU features: 0x000000,00000000,40004000,0400420b
[01:45:44 T+   31.9] [  109.125000] Memory Limit: none
[01:45:44 T+   31.9] [  109.128050] Rebooting in 10 seconds..
[01:45:55 T+   42.6] U-Boot SPL 2026.07-rc5-gc8fd12c74633-dirty (Aug 06 2026 - 23:18:08 -0700)
[01:45:55 T+   42.6] DRAM: 1024 MiB
[01:45:55 T+   42.6] Trying to boot from MMC2
[01:45:57 T+   44.1] NOTICE:  BL31: v2.15.0(release):47ee829f7
[01:45:57 T+   44.1] NOTICE:  BL31: Built : 03:25:48, Jul 27 2026
[01:45:57 T+   44.1] NOTICE:  BL31: Detected Allwinner H713 SoC (1860)
[01:45:57 T+   44.1] NOTICE:  BL31: Found U-Boot DTB at 0x4a0d2978, model: HY200 QZ713DF_A1 (Allwinner H713)
[01:45:57 T+   44.2] U-Boot 2026.07-rc5-gdbad200ca799-dirty (Aug 07 2026 - 18:26:52 -0700) Allwinner Technology
[01:45:57 T+   44.2] CPU:   Allwinner H713 (SUN50I)
[01:45:57 T+   44.2] Model: HY200 QZ713DF_A1 (Allwinner H713)
[01:45:57 T+   44.2] DRAM:  1 GiB
[01:45:57 T+   44.3] Core:  37 devices, 19 uclasses, devicetree: separate
[01:45:57 T+   44.3] WDT:   Not starting watchdog@2051000
[01:45:57 T+   44.3] MMC:   mmc@4022000: 1
[01:45:57 T+   44.4] Loading Environment from MMC... Reading from MMC(1)... OK
[01:45:57 T+   44.4] In:    serial
[01:45:57 T+   44.4] Out:   serial
[01:45:57 T+   44.4] Err:   serial
[01:45:57 T+   44.4] Net:   No ethernet found.
[01:45:57 T+   44.4] starting USB...
[01:45:57 T+   44.4] No USB controllers found
[01:45:57 T+   44.4]        scanning usb for storage devices... 0 Storage Device(s) found
[01:45:57 T+   44.4] [2K
[01:45:58 T+   45.4] Hit any key to stop autoboot: 2[2K
[01:45:59 T+   46.4] Hit any key to stop autoboot: 1[2K
[01:45:59 T+   46.4] Hit any key to stop autoboot: 0
[01:45:59 T+   46.9] 7741216 bytes read in 497 ms (14.9 MiB/s)
[01:45:59 T+   46.9] ## Loading kernel (any) from FIT Image at 50000000 ...
[01:45:59 T+   46.9]    Using 'conf-1' configuration
[01:45:59 T+   46.9]    Trying 'kernel' kernel subimage
[01:45:59 T+   46.9]      Description:  Linux 6.18.38
[01:45:59 T+   46.9]      Type:         Kernel Image
[01:45:59 T+   47.0]      Compression:  gzip compressed
[01:45:59 T+   47.0]      Data Start:   0x500000d0
[01:45:59 T+   47.0]      Data Size:    7707548 Bytes = 7.4 MiB
[01:45:59 T+   47.0]      Architecture: AArch64
[01:45:59 T+   47.0]      OS:           Linux
[01:45:59 T+   47.0]      Load Address: 0x48000000
[01:45:59 T+   47.0]      Entry Point:  0x48000000
[01:45:59 T+   47.0]      Hash algo:    sha256
[01:45:59 T+   47.0]      Hash value:   b6bb129593ca61a99c42bde1bbd08f2fd84d2cb18ff8ee655c829c18e4573795
[01:46:00 T+   47.1]    Verifying Hash Integrity ... sha256+ OK
[01:46:00 T+   47.1] ## Loading fdt (any) from FIT Image at 50000000 ...
[01:46:00 T+   47.1]    Using 'conf-1' configuration
[01:46:00 T+   47.1]    Trying 'fdt-1' fdt subimage
[01:46:00 T+   47.1]      Description:  sun50i-h713-hy200-qz713df-a1
[01:46:00 T+   47.1]      Type:         Flat Device Tree
[01:46:00 T+   47.1]      Compression:  uncompressed
[01:46:00 T+   47.1]      Data Start:   0x50759d74
[01:46:00 T+   47.1]      Data Size:    32670 Bytes = 31.9 KiB
[01:46:00 T+   47.1]      Architecture: AArch64
[01:46:00 T+   47.1]      Hash algo:    sha256
[01:46:00 T+   47.1]      Hash value:   4d9c515b7e3f4e1f6865ad4fa9e6bd54d810a4b72ef2f4a541867e0173973496
[01:46:00 T+   47.1]    Verifying Hash Integrity ... sha256+ OK
[01:46:00 T+   47.1]    Booting using the fdt blob at 0x7bf09e90
[01:46:00 T+   47.1] Working FDT set to 7bf09e90
[01:46:00 T+   47.1]    Uncompressing Kernel Image to 48000000
[01:46:00 T+   47.4]    Loading Device Tree to 0000000049ff5000, end 0000000049ffff9d ... OK
[01:46:00 T+   47.4] Working FDT set to 49ff5000
[01:46:00 T+   47.4] Starting kernel ...
[01:46:00 T+   47.5] [    0.000000] Booting Linux on physical CPU 0x0000000000 [0x410fd034]
[01:46:00 T+   47.5] [    0.000000] Linux version 6.18.38 (chris@cachyos) (clang version 22.1.8, LLD 22.1.8) #1 SMP Fri Aug 21 16:20:22 PDT 2026
[01:46:00 T+   47.5] [    0.000000] Machine model: HY200 QZ713DF_A1 (Allwinner H713)
[01:46:00 T+   47.5] [    0.000000] earlycon: uart0 at MMIO32 0x0000000002500000 (options '115200n8')
[01:46:00 T+   47.5] [    0.000000] printk: legacy bootconsole [uart0] enabled
[01:46:00 T+   47.5] [    0.000000] efi: UEFI not found.
[01:46:00 T+   47.5] [    0.000000] OF: reserved mem: 0x0000000040000000..0x00000000400fffff (1024 KiB) nomap non-reusable secure-bl31@40000000
[01:46:00 T+   47.5] [    0.000000] Reserved memory: created DMA memory pool at 0x000000004b100000, size 14 MiB
[01:46:00 T+   47.5] [    0.000000] OF: reserved mem: initialized node mips-firmware@4b100000, compatible id shared-dma-pool
[01:46:00 T+   47.5] [    0.000000] OF: reserved mem: 0x000000004b100000..0x000000004bf40fff (14596 KiB) nomap non-reusable mips-firmware@4b100000
[01:46:00 T+   47.6] [    0.000000] OF: reserved mem: 0x000000004d941000..0x000000004d960fff (128 KiB) nomap non-reusable decoder@4d941000
[01:46:00 T+   47.6] [    0.000000] OF: reserved mem: 0x000000004e300000..0x000000004e7fffff (5120 KiB) nomap non-reusable cpu-comm@4e300000
[01:46:00 T+   47.6] [    0.000000] OF: reserved mem: 0x000000004bf41000..0x000000004d940fff (26624 KiB) nomap non-reusable framebuf@4bf41000
[01:46:00 T+   47.6] [    0.000000] OF: reserved mem: 0x000000006c100000..0x000000006c8fffff (8192 KiB) nomap non-reusable uboot-scanout@6c100000
[01:46:00 T+   47.6] [    0.000000] Zone ranges:
[01:46:00 T+   47.6] [    0.000000]   DMA      [mem 0x0000000040000000-0x000000007fffffff]
[01:46:00 T+   47.6] [    0.000000]   DMA32    empty
[01:46:00 T+   47.6] [    0.000000]   Normal   empty
[01:46:00 T+   47.6] [    0.000000] Movable zone start for each node
[01:46:00 T+   47.6] [    0.000000] Early memory node ranges
[01:46:00 T+   47.6] [    0.000000]   node   0: [mem 0x0000000040000000-0x00000000400fffff]
[01:46:00 T+   47.6] [    0.000000]   node   0: [mem 0x0000000040100000-0x000000004b0fffff]
[01:46:00 T+   47.6] [    0.000000]   node   0: [mem 0x000000004b100000-0x000000004d960fff]
[01:46:00 T+   47.7] [    0.000000]   node   0: [mem 0x000000004d961000-0x000000004e2fffff]
[01:46:00 T+   47.7] [    0.000000]   node   0: [mem 0x000000004e300000-0x000000004e7fffff]
[01:46:00 T+   47.7] [    0.000000]   node   0: [mem 0x000000004e800000-0x000000006c0fffff]
[01:46:00 T+   47.7] [    0.000000]   node   0: [mem 0x000000006c100000-0x000000006c8fffff]
[01:46:00 T+   47.7] [    0.000000]   node   0: [mem 0x000000006c900000-0x000000007fffffff]
[01:46:00 T+   47.7] [    0.000000] Initmem setup node 0 [mem 0x0000000040000000-0x000000007fffffff]
[01:46:00 T+   47.7] [    0.000000] cma: Reserved 128 MiB at 0x0000000076c00000
[01:46:00 T+   47.7] [    0.000000] psci: probing for conduit method from DT.
[01:46:00 T+   47.7] [    0.000000] psci: PSCIv1.1 detected in firmware.
[01:46:00 T+   47.7] [    0.000000] psci: Using standard PSCI v0.2 function IDs
[01:46:00 T+   47.7] [    0.000000] psci: MIGRATE_INFO_TYPE not supported.
[01:46:00 T+   47.7] [    0.000000] psci: SMC Calling Convention v1.5
[01:46:00 T+   47.7] [    0.000000] percpu: Embedded 20 pages/cpu s42648 r8192 d31080 u81920
[01:46:00 T+   47.7] [    0.000000] Detected VIPT I-cache on CPU0
[01:46:00 T+   47.7] [    0.000000] alternatives: applying boot alternatives
[01:46:00 T+   47.7] [    0.000000] Kernel command line: console=ttyS0,115200 earlycon root=/dev/mmcblk0p26 rootwait rootfstype=ext4 rw net.ifnames=0 panic=5 clk_ignore_unused pd_ignore_unused cma=128M
[01:46:00 T+   47.7] [    0.000000] printk: log buffer data + meta data: 131072 + 458752 = 589824 bytes
[01:46:00 T+   47.8] [    0.000000] Dentry cache hash table entries: 131072 (order: 8, 1048576 bytes, linear)
[01:46:00 T+   47.8] [    0.000000] Inode-cache hash table entries: 65536 (order: 7, 524288 bytes, linear)
[01:46:00 T+   47.8] [    0.000000] software IO TLB: SWIOTLB bounce buffer size adjusted to 1MB
[01:46:00 T+   47.8] [    0.000000] software IO TLB: area num 4.
[01:46:00 T+   47.8] [    0.000000] software IO TLB: mapped [mem 0x0000000076b00000-0x0000000076c00000] (1MB)
[01:46:00 T+   47.8] [    0.000000] Built 1 zonelists, mobility grouping on.  Total pages: 262144
[01:46:00 T+   47.8] [    0.000000] mem auto-init: stack:all(zero), heap alloc:off, heap free:off
[01:46:00 T+   47.8] [    0.000000] SLUB: HWalign=64, Order=0-3, MinObjects=0, CPUs=4, Nodes=1
[01:46:00 T+   47.9] [    0.000000] rcu: Hierarchical RCU implementation.
[01:46:00 T+   47.9] [    0.000000] rcu: 	RCU restricting CPUs from NR_CPUS=512 to nr_cpu_ids=4.
[01:46:00 T+   47.9] [    0.000000] rcu: RCU calculated value of scheduler-enlistment delay is 25 jiffies.
[01:46:00 T+   47.9] [    0.000000] rcu: Adjusting geometry for rcu_fanout_leaf=16, nr_cpu_ids=4
[01:46:00 T+   47.9] [    0.000000] NR_IRQS: 64, nr_irqs: 64, preallocated irqs: 0
[01:46:00 T+   47.9] [    0.000000] Root IRQ handler: gic_handle_irq
[01:46:00 T+   47.9] [    0.000000] GIC: Using split EOI/Deactivate mode
[01:46:00 T+   47.9] [    0.000000] rcu: srcu_init: Setting srcu_struct sizes based on contention.
[01:46:00 T+   47.9] [    0.000000] arch_timer: cp15 timer running at 24.00MHz (phys).
[01:46:00 T+   47.9] [    0.000000] clocksource: arch_sys_counter: mask: 0xffffffffffffff max_cycles: 0x588fe9dc0, max_idle_ns: 440795202592 ns
[01:46:00 T+   47.9] [    0.000000] sched_clock: 56 bits at 24MHz, resolution 41ns, wraps every 4398046511097ns
[01:46:00 T+   47.9] [    0.008822] Console: colour dummy device 80x25
[01:46:00 T+   47.9] [    0.013526] Calibrating delay loop (skipped), value calculated using timer frequency.. 48.00 BogoMIPS (lpj=96000)
[01:46:00 T+   47.9] [    0.024306] pid_max: default: 32768 minimum: 301
[01:46:00 T+   47.9] [    0.029304] Mount-cache hash table entries: 2048 (order: 2, 16384 bytes, linear)
[01:46:00 T+   47.9] [    0.037067] Mountpoint-cache hash table entries: 2048 (order: 2, 16384 bytes, linear)
[01:46:00 T+   47.9] [    0.046063] cacheinfo: Unable to detect cache hierarchy for CPU 0
[01:46:00 T+   48.0] [    0.053472] rcu: Hierarchical SRCU implementation.
[01:46:00 T+   48.0] [    0.058511] rcu: 	Max phase no-delay instances is 1000.
[01:46:00 T+   48.0] [    0.064181] Timer migration: 1 hierarchy levels; 8 children per group; 1 crossnode level
[01:46:00 T+   48.0] [    0.073087] EFI services will not be available.
[01:46:00 T+   48.0] [    0.078063] smp: Bringing up secondary CPUs ...
[01:46:00 T+   48.0] [    0.083314] Detected VIPT I-cache on CPU1
[01:46:00 T+   48.0] [    0.083410] CPU1: Booted secondary processor 0x0000000001 [0x410fd034]
[01:46:00 T+   48.0] [    0.083973] Detected VIPT I-cache on CPU2
[01:46:00 T+   48.0] [    0.084027] CPU2: Booted secondary processor 0x0000000002 [0x410fd034]
[01:46:00 T+   48.0] [    0.084520] Detected VIPT I-cache on CPU3
[01:46:00 T+   48.0] [    0.084571] CPU3: Booted secondary processor 0x0000000003 [0x410fd034]
[01:46:00 T+   48.0] [    0.084671] smp: Brought up 1 node, 4 CPUs
[01:46:00 T+   48.0] [    0.122105] SMP: Total of 4 processors activated.
[01:46:00 T+   48.0] [    0.127040] CPU: All CPU(s) started at EL2
[01:46:00 T+   48.0] [    0.131334] CPU features: detected: 32-bit EL0 Support
[01:46:00 T+   48.0] [    0.136720] CPU features: detected: CRC32 instructions
[01:46:00 T+   48.0] [    0.142111] CPU features: detected: PMUv3
[01:46:00 T+   48.0] [    0.146349] alternatives: applying system-wide alternatives
[01:46:01 T+   48.1] [    0.153110] Memory: 818340K/1048576K available (11136K kernel code, 1538K rwdata, 3412K rodata, 896K init, 481K bss, 94840K reserved, 131072K cma-reserved)
[01:46:01 T+   48.1] [    0.168275] devtmpfs: initialized
[01:46:01 T+   48.1] [    0.176746] clocksource: jiffies: mask: 0xffffffff max_cycles: 0xffffffff, max_idle_ns: 7645041785100000 ns
[01:46:01 T+   48.1] [    0.187006] posixtimers hash table entries: 2048 (order: 3, 32768 bytes, linear)
[01:46:01 T+   48.1] [    0.194862] futex hash table entries: 1024 (65536 bytes on 1 NUMA nodes, total 64 KiB, linear).
[01:46:01 T+   48.1] [    0.206858] 28352 pages in range for non-PLT usage
[01:46:01 T+   48.1] [    0.206881] 519872 pages in range for PLT usage
[01:46:01 T+   48.1] [    0.212044] pinctrl core: initialized pinctrl subsystem
[01:46:01 T+   48.1] [    0.222994] DMI not present or invalid.
[01:46:01 T+   48.1] [    0.227581] NET: Registered PF_NETLINK/PF_ROUTE protocol family
[01:46:01 T+   48.1] [    0.235091] DMA: preallocated 128 KiB GFP_KERNEL pool for atomic allocations
[01:46:01 T+   48.1] [    0.242940] DMA: preallocated 128 KiB GFP_KERNEL|GFP_DMA pool for atomic allocations
[01:46:01 T+   48.2] [    0.251891] DMA: preallocated 128 KiB GFP_KERNEL|GFP_DMA32 pool for atomic allocations
[01:46:01 T+   48.2] [    0.261141] thermal_sys: Registered thermal governor 'step_wise'
[01:46:01 T+   48.2] [    0.261293] hw-breakpoint: found 6 breakpoint and 4 watchpoint registers.
[01:46:01 T+   48.2] [    0.274828] ASID allocator initialised with 65536 entries
[01:46:01 T+   48.2] [    0.289156] iommu: Default domain type: Translated
[01:46:01 T+   48.2] [    0.294225] iommu: DMA domain TLB invalidation policy: strict mode
[01:46:01 T+   48.2] [    0.301087] SCSI subsystem initialized
[01:46:01 T+   48.2] [    0.305375] usbcore: registered new interface driver usbfs
[01:46:01 T+   48.2] [    0.311161] usbcore: registered new interface driver hub
[01:46:01 T+   48.2] [    0.316769] usbcore: registered new device driver usb
[01:46:01 T+   48.2] [    0.322250] mc: Linux media interface: v0.10
[01:46:01 T+   48.2] [    0.326757] videodev: Linux video capture interface: v2.00
[01:46:01 T+   48.2] [    0.332542] pps_core: LinuxPPS API ver. 1 registered
[01:46:01 T+   48.2] [    0.337756] pps_core: Software ver. 5.3.6 - Copyright 2005-2007 Rodolfo Giometti <giometti@linux.it>
[01:46:01 T+   48.2] [    0.347334] PTP clock support registered
[01:46:01 T+   48.3] [    0.351772] Advanced Linux Sound Architecture Driver Initialized.
[01:46:01 T+   48.3] [    0.358677] Bluetooth: Core ver 2.22
[01:46:01 T+   48.3] [    0.362450] NET: Registered PF_BLUETOOTH protocol family
[01:46:01 T+   48.3] [    0.368012] Bluetooth: HCI device and connection manager initialized
[01:46:01 T+   48.3] [    0.374678] Bluetooth: HCI socket layer initialized
[01:46:01 T+   48.3] [    0.379800] Bluetooth: L2CAP socket layer initialized
[01:46:01 T+   48.3] [    0.385108] Bluetooth: SCO socket layer initialized
[01:46:01 T+   48.3] [    0.390780] clocksource: Switched to clocksource arch_sys_counter
[01:46:01 T+   48.3] [    0.403491] NET: Registered PF_INET protocol family
[01:46:01 T+   48.3] [    0.408808] IP idents hash table entries: 16384 (order: 5, 131072 bytes, linear)
[01:46:01 T+   48.3] [    0.417502] tcp_listen_portaddr_hash hash table entries: 512 (order: 1, 8192 bytes, linear)
[01:46:01 T+   48.3] [    0.426283] Table-perturb hash table entries: 65536 (order: 6, 262144 bytes, linear)
[01:46:01 T+   48.3] [    0.434417] TCP established hash table entries: 8192 (order: 4, 65536 bytes, linear)
[01:46:01 T+   48.3] [    0.442616] TCP bind hash table entries: 8192 (order: 6, 262144 bytes, linear)
[01:46:01 T+   48.4] [    0.450462] TCP: Hash tables configured (established 8192 bind 8192)
[01:46:01 T+   48.4] [    0.457239] UDP hash table entries: 512 (order: 3, 32768 bytes, linear)
[01:46:01 T+   48.4] [    0.464232] UDP-Lite hash table entries: 512 (order: 3, 32768 bytes, linear)
[01:46:01 T+   48.4] [    0.471769] NET: Registered PF_UNIX/PF_LOCAL protocol family
[01:46:01 T+   48.4] [    0.478174] RPC: Registered named UNIX socket transport module.
[01:46:01 T+   48.4] [    0.484388] RPC: Registered udp transport module.
[01:46:01 T+   48.4] [    0.489327] RPC: Registered tcp transport module.
[01:46:01 T+   48.4] [    0.494255] RPC: Registered tcp-with-tls transport module.
[01:46:01 T+   48.4] [    0.500006] RPC: Registered tcp NFSv4.1 backchannel transport module.
[01:46:01 T+   48.4] [    0.508415] Initialise system trusted keyrings
[01:46:01 T+   48.4] [    0.513251] workingset: timestamp_bits=62 max_order=18 bucket_order=0
[01:46:01 T+   48.4] [    0.520521] NFS: Registering the id_resolver key type
[01:46:01 T+   48.4] [    0.525852] Key type id_resolver registered
[01:46:01 T+   48.4] [    0.530227] Key type id_legacy registered
[01:46:01 T+   48.5] [    0.578612] Key type asymmetric registered
[01:46:01 T+   48.5] [    0.582921] Asymmetric key parser 'x509' registered
[01:46:01 T+   48.5] [    0.588095] Block layer SCSI generic (bsg) driver version 0.4 loaded (major 245)
[01:46:01 T+   48.5] [    0.595862] io scheduler mq-deadline registered
[01:46:01 T+   48.5] [    0.600626] io scheduler kyber registered
[01:46:01 T+   48.5] [    0.604841] io scheduler bfq registered
[01:46:01 T+   48.5] [    0.612135] gpio gpiochip0: Static allocation of GPIO base is deprecated, use dynamic allocation.
[01:46:01 T+   48.5] [    0.627807] sun50i-h713-pinctrl 2000000.pinctrl: initialized sunXi PIO driver
[01:46:01 T+   48.5] [    0.636336] sun8i-pwm 2000c00.pwm: Allwinner H713 PWM controller registered (8 channels)
[01:46:01 T+   48.6] [    0.653021] sun50i-h713-ppu 7001014.power-controller: H713 PPU: 5 power domains registered
[01:46:01 T+   48.6] [    0.699575] Serial: 8250/16550 driver, 8 ports, IRQ sharing disabled
[01:46:01 T+   48.6] [    0.708926] printk: legacy console [ttyS0] disabled
[01:46:01 T+   48.6] [    0.734541] 2500000.serial: ttyS0 at MMIO 0x2500000 (irq = 246, base_baud = 1500000) is a 16550A
[01:46:01 T+   48.7] [    0.743921] printk: legacy console [ttyS0] enabled
[01:46:01 T+   48.7] [    0.743921] printk: legacy console [ttyS0] enabled
[01:46:01 T+   48.7] [    0.753729] printk: legacy bootconsole [uart0] disabled
[01:46:01 T+   48.7] [    0.753729] printk: legacy bootconsole [uart0] disabled
[01:46:01 T+   48.7] [    0.786126] 2500400.serial: ttyS1 at MMIO 0x2500400 (irq = 247, base_baud = 1500000) is a 16550A
[01:46:01 T+   48.7] [    0.796062] platform 1c0e000.video-codec: Adding to iommu group 0
[01:46:01 T+   48.7] [    0.808052] CAN device driver interface
[01:46:01 T+   48.7] [    0.812929] ehci-platform 4200000.usb: EHCI Host Controller
[01:46:01 T+   48.7] [    0.813004] phy phy-4100400.phy.0: Changing dr_mode to 1
[01:46:01 T+   48.7] [    0.813055] ehci-platform 4300000.usb: EHCI Host Controller
[01:46:01 T+   48.8] [    0.813080] ehci-platform 4300000.usb: new USB bus registered, assigned bus number 1
[01:46:01 T+   48.8] [    0.813196] ehci-platform 4300000.usb: irq 251, io mem 0x04300000
[01:46:01 T+   48.8] [    0.813249] ohci-platform 4200400.usb: Generic Platform OHCI controller
[01:46:01 T+   48.8] [    0.813270] ohci-platform 4200400.usb: new USB bus registered, assigned bus number 2
[01:46:01 T+   48.8] [    0.813348] ohci-platform 4200400.usb: irq 252, io mem 0x04200400
[01:46:01 T+   48.8] [    0.813474] usbcore: registered new interface driver usb-storage
[01:46:01 T+   48.8] [    0.818563] ehci-platform 4200000.usb: new USB bus registered, assigned bus number 3
[01:46:01 T+   48.8] [    0.818995] ohci-platform 4300400.usb: Generic Platform OHCI controller
[01:46:01 T+   48.8] [    0.819012] ohci-platform 4300400.usb: new USB bus registered, assigned bus number 4
[01:46:01 T+   48.8] [    0.819105] ohci-platform 4300400.usb: irq 255, io mem 0x04300400
[01:46:01 T+   48.8] [    0.823085] sun6i-rtc 7090000.rtc: registered as rtc0
[01:46:01 T+   48.8] [    0.823185] sun6i-rtc 7090000.rtc: setting system clock to 1970-01-02T01:42:42 UTC (92562)
[01:46:01 T+   48.8] [    0.823422] i2c_dev: i2c /dev entries driver
[01:46:01 T+   48.8] [    0.823710] IR NEC protocol handler initialized
[01:46:01 T+   48.8] [    0.823715] IR RC5(x/sz) protocol handler initialized
[01:46:01 T+   48.8] [    0.823718] IR RC6 protocol handler initialized
[01:46:01 T+   48.8] [    0.823876] ehci-platform 4101000.usb: EHCI Host Controller
[01:46:01 T+   48.8] [    0.823887] ohci-platform 4101400.usb: Generic Platform OHCI controller
[01:46:01 T+   48.9] [    0.823906] ohci-platform 4101400.usb: new USB bus registered, assigned bus number 5
[01:46:01 T+   48.9] [    0.823993] ohci-platform 4101400.usb: irq 253, io mem 0x04101400
[01:46:01 T+   48.9] [    0.825146] sunxi-wdt 2051000.watchdog: Watchdog enabled (timeout=16 sec, nowayout=0)
[01:46:01 T+   48.9] [    0.825875] SMCCC: SOC_ID: ID = jep106:091e:1860 Revision = 0x00000001
[01:46:01 T+   48.9] [    0.826531] usbcore: registered new interface driver usbhid
[01:46:01 T+   48.9] [    0.826537] usbhid: USB HID core driver
[01:46:01 T+   48.9] [    0.827594] sun50i-h713-lradc 2009800.lradc: H713 LRADC IIO registered (2 channels)
[01:46:01 T+   48.9] [    0.828633] ehci-platform 4300000.usb: USB 2.0 started, EHCI 1.00
[01:46:01 T+   48.9] [    0.829607] ehci-platform 4200000.usb: irq 249, io mem 0x04200000
[01:46:01 T+   48.9] [    0.829753] NET: Registered PF_INET6 protocol family
[01:46:01 T+   48.9] [    0.830310] hub 1-0:1.0: USB hub found
[01:46:01 T+   48.9] [    0.830343] hub 1-0:1.0: 1 port detected
[01:46:01 T+   48.9] [    0.831312] Segment Routing with IPv6
[01:46:01 T+   48.9] [    0.831359] In-situ OAM (IOAM) with IPv6
[01:46:01 T+   48.9] [    0.831418] sit: IPv6, IPv4 and MPLS over IPv4 tunneling driver
[01:46:01 T+   48.9] [    0.831888] NET: Registered PF_PACKET protocol family
[01:46:01 T+   48.9] [    0.831893] can: controller area network core
[01:46:01 T+   49.0] [    0.831935] NET: Registered PF_CAN protocol family
[01:46:01 T+   49.0] [    0.831941] can: raw protocol
[01:46:01 T+   49.0] [    0.831948] can: broadcast manager protocol
[01:46:01 T+   49.0] [    0.831955] can: netlink gateway - max_hops=1
[01:46:01 T+   49.0] [    0.832039] Key type dns_resolver registered
[01:46:01 T+   49.0] [    0.837223] ehci-platform 4101000.usb: new USB bus registered, assigned bus number 6
[01:46:01 T+   49.0] [    0.838140] Loading compiled-in X.509 certificates
[01:46:01 T+   49.0] [    0.838870] sunxi-mmc 4021000.mmc: v5p3x delay: rate=400000 timing=0 width=1 DRV=00010000 NTSR=81710000
[01:46:01 T+   49.0] [    0.850859] sunxi-mmc 4021000.mmc: initialized, max. request size: 1024 KB, uses new timings mode
[01:46:01 T+   49.0] [    0.850859] sunxi-mmc 4022000.mmc: initialized, max. request size: 2048 KB, uses new timings mode
[01:46:01 T+   49.0] [    0.851382] gpio gpiochip1: Static allocation of GPIO base is deprecated, use dynamic allocation.
[01:46:01 T+   49.0] [    0.853590] sun50i-h713-r-pinctrl 7022000.pinctrl: initialized sunXi PIO driver
[01:46:01 T+   49.0] [    0.854514] sun8i-pwm 7020c00.pwm: Allwinner H713 PWM controller registered (3 channels)
[01:46:01 T+   49.0] [    0.856064] Registered IR keymap rc-empty
[01:46:01 T+   49.0] [    0.856133] rc rc0: sunxi-ir as /devices/platform/soc/7040000.ir/rc/rc0
[01:46:01 T+   49.0] [    0.856292] rc rc0: lirc_dev: driver sunxi-ir registered at minor = 0, raw IR receiver, no transmitter
[01:46:01 T+   49.0] [    0.856406] input: sunxi-ir as /devices/platform/soc/7040000.ir/rc/rc0/input0
[01:46:02 T+   49.1] [    0.856837] sunxi-ir 7040000.ir: h713-ir regs ctl=0xf3 rxctl=0x4 rxint=0x1313 rxsta=0x0 cir=0x200b2a
[01:46:02 T+   49.1] [    0.856849] sunxi-ir 7040000.ir: initialized sunXi IR driver
[01:46:02 T+   49.1] [    0.857711] thermal_sys: No trip points found for thermal-sensor id=1
[01:46:02 T+   49.1] [    0.857767] ehci-platform 4200000.usb: USB 2.0 started, EHCI 1.00
[01:46:02 T+   49.1] [    0.857855] ehci-platform 4101000.usb: irq 250, io mem 0x04101000
[01:46:02 T+   49.1] [    0.865228] cfg80211: Loading compiled-in X.509 certificates for regulatory database
[01:46:02 T+   49.1] [    0.866809] ehci-platform 4101000.usb: USB 2.0 started, EHCI 1.00
[01:46:02 T+   49.1] [    0.867353] hub 6-0:1.0: USB hub found
[01:46:02 T+   49.1] [    0.867379] hub 6-0:1.0: 1 port detected
[01:46:02 T+   49.1] [    0.870319] hub 3-0:1.0: USB hub found
[01:46:02 T+   49.1] [    0.878652] Loaded X.509 cert 'sforshee: 00b28ddf47aef9cea7'
[01:46:02 T+   49.1] [    0.879450] sunxi-mmc 4021000.mmc: v5p3x delay: rate=400000 timing=0 width=1 DRV=00010000 NTSR=81710000
[01:46:02 T+   49.1] [    0.882740] sunxi-mmc 4021000.mmc: v5p3x delay: rate=400000 timing=0 width=1 DRV=00010000 NTSR=81710000
[01:46:02 T+   49.1] [    0.884320] hub 3-0:1.0: 1 port detected
[01:46:02 T+   49.2] [    0.893314] Loaded X.509 cert 'wens: 61c038651aabdcf94bd0ac7ff06c7248db18c600'
[01:46:02 T+   49.2] [    0.899361] hub 4-0:1.0: USB hub found
[01:46:02 T+   49.2] [    0.903225] clk: Not disabling unused clocks
[01:46:02 T+   49.2] [    0.911470] hub 4-0:1.0: 1 port detected
[01:46:02 T+   49.2] [    0.915715] PM: genpd: Not disabling unused power domains
[01:46:02 T+   49.2] [    0.915730] ALSA device list:
[01:46:02 T+   49.2] [    0.920820] hub 2-0:1.0: USB hub found
[01:46:02 T+   49.2] [    0.925293]   No soundcards found.
[01:46:02 T+   49.2] [    0.925392] faux_driver regulatory: Direct firmware load for regulatory.db failed with error -2
[01:46:02 T+   49.2] [    0.929854] hub 2-0:1.0: 1 port detected
[01:46:02 T+   49.2] [    0.935423] cfg80211: failed to load regulatory.db
[01:46:02 T+   49.2] [    1.068003] mmc0: new HS400 MMC card at address 0001
[01:46:02 T+   49.2] [    1.078157] hub 5-0:1.0: USB hub found
[01:46:02 T+   49.2] [    1.086998] mmcblk0: mmc0:0001 8GTF4R 7.28 GiB
[01:46:02 T+   49.2] [    1.095125] hub 5-0:1.0: 1 port detected
[01:46:02 T+   49.2] [    1.302943] check access for rdinit=/init failed: -2, ignoring
[01:46:02 T+   49.2] [    1.303806]  mmcblk0: p1 p2 p3 p4 p5 p6 p7 p8 p9 p10 p11 p12 p13 p14 p15 p16 p17 p18 p19 p20 p21 p22 p23 p24 p25 p26
[01:46:02 T+   49.2] [    1.321984] mmcblk0boot0: mmc0:0001 8GTF4R 4.00 MiB
[01:46:02 T+   49.2] [    1.328954] mmcblk0boot1: mmc0:0001 8GTF4R 4.00 MiB
[01:46:02 T+   49.4] [    1.464022] EXT4-fs (mmcblk0p26): recovery complete
[01:46:02 T+   49.4] [    1.470396] EXT4-fs (mmcblk0p26): mounted filesystem 956d9901-0eb3-4d75-bb44-e37a46ba9f40 r/w with ordered data mode. Quota mode: disabled.
[01:46:02 T+   49.4] [    1.483016] VFS: Mounted root (ext4 filesystem) on device 259:18.
[01:46:02 T+   49.4] [    1.489583] devtmpfs: mounted
[01:46:02 T+   49.4] [    1.493053] Freeing unused kernel memory: 896K
[01:46:02 T+   49.4] [    1.497629] Run /sbin/init as init process
[01:46:02 T+   49.6] [    1.706923] systemd[1]: System time advanced to built-in epoch: Mon 2026-04-13 19:38:05 UTC
[01:46:02 T+   49.7] [!p]104[?7h[    1.778953] systemd[1]: systemd 257.13-1~deb13u1 running in system mode (+PAM +AUDIT +SELINUX +APPARMOR +IMA +IPE +SMACK +SECCOMP +GCRYPT -GNUTLS +OPENSSL +ACL +BLKID +CURL +ELFUTILS +FIDO2 +IDN2 -IDN +IPTC +KMOD +LIBCRYPTSETUP +LIBCRYPTSETUP_PLUGINS +LIBFDISK +PCRE2 +PWQUALITY +P11KIT +QRENCODE +TPM2 +BZIP2 +LZ4 +XZ +ZLIB +ZSTD +BPF_FRAMEWORK +BTF -XKBCOMMON -UTMP +SYSVINIT +LIBARCHIVE)
[01:46:02 T+   49.7] [    1.813343] systemd[1]: Detected architecture arm64.
[01:46:02 T+   49.7] [0;1;39mWelcome to [0m[1mDebian GNU/Linux 13 (trixie)[0m[0;1;39m![0m
[01:46:02 T+   49.7] [    1.840610] systemd[1]: Hostname set to <h713-arm64>.
[01:46:02 T+   49.8] [    1.912500] systemd[1]: bpf-restrict-fs: BPF LSM hook not enabled in the kernel, BPF LSM not supported.
[01:46:03 T+   50.4] [    2.464865] systemd[1]: Queued start job for default target graphical.target.
[01:46:03 T+   50.4] [    2.488940] systemd[1]: Created slice system-getty.slice - Slice /system/getty.
[01:46:03 T+   50.4] [[0;32m  OK  [0m] Created slice [0;1;39msystem-getty.slice[0m - Slice /system/getty.
[01:46:03 T+   50.4] [    2.512308] systemd[1]: Created slice system-modprobe.slice - Slice /system/modprobe.
[01:46:03 T+   50.4] [[0;32m  OK  [0m] Created slice [0;1;39msystem-modprobe.slice[0m - Slice /system/modprobe.
[01:46:03 T+   50.4] [    2.536183] systemd[1]: Created slice system-serial\x2dgetty.slice - Slice /system/serial-getty.
[01:46:03 T+   50.4] [[0;32m  OK  [0m] Created slice [0;1;39msystem-serial\x2dget…slice[0m - Slice /system/serial-getty.
[01:46:03 T+   50.5] [    2.559751] systemd[1]: Created slice user.slice - User and Session Slice.
[01:46:03 T+   50.5] [[0;32m  OK  [0m] Created slice [0;1;39muser.slice[0m - User and Session Slice.
[01:46:03 T+   50.5] [    2.579283] systemd[1]: Started systemd-ask-password-console.path - Dispatch Password Requests to Console Directory Watch.
[01:46:03 T+   50.5] [[0;32m  OK  [0m] Started [0;1;39msystemd-ask-password-conso…[0mequests to Console Directory Watch.
[01:46:03 T+   50.5] [    2.607326] systemd[1]: Started systemd-ask-password-wall.path - Forward Password Requests to Wall Directory Watch.
[01:46:03 T+   50.5] [[0;32m  OK  [0m] Started [0;1;39msystemd-ask-password-wall.…[0md Requests to Wall Directory Watch.
[01:46:03 T+   50.5] [    2.631209] systemd[1]: proc-sys-fs-binfmt_misc.automount - Arbitrary Executable File Formats File System Automount Point skipped, unmet condition check ConditionPathExists=/proc/sys/fs/binfmt_misc
[01:46:03 T+   50.5] [    2.649025] systemd[1]: Expecting device dev-ttyS0.device - /dev/ttyS0...
[01:46:03 T+   50.6]          Expecting device [0;1;39mdev-ttyS0.device[0m - /dev/ttyS0...
[01:46:03 T+   50.6] [    2.667157] systemd[1]: Reached target paths.target - Path Units.
[01:46:03 T+   50.6] [[0;32m  OK  [0m] Reached target [0;1;39mpaths.target[0m - Path Units.
[01:46:03 T+   50.6] [    2.687123] systemd[1]: Reached target remote-fs.target - Remote File Systems.
[01:46:03 T+   50.6] [[0;32m  OK  [0m] Reached target [0;1;39mremote-fs.target[0m - Remote File Systems.
[01:46:03 T+   50.6] [    2.707066] systemd[1]: Reached target slices.target - Slice Units.
[01:46:03 T+   50.6] [[0;32m  OK  [0m] Reached target [0;1;39mslices.target[0m - Slice Units.
[01:46:03 T+   50.6] [    2.727098] systemd[1]: Reached target swap.target - Swaps.
[01:46:03 T+   50.6] [[0;32m  OK  [0m] Reached target [0;1;39mswap.target[0m - Swaps.
[01:46:03 T+   50.7] [    2.753516] systemd[1]: Listening on systemd-creds.socket - Credential Encryption/Decryption.
[01:46:03 T+   50.7] [[0;32m  OK  [0m] Listening on [0;1;39msystemd-creds.socket[0m - Credential Encryption/Decryption.
[01:46:03 T+   50.7] [    2.779769] systemd[1]: Listening on systemd-initctl.socket - initctl Compatibility Named Pipe.
[01:46:03 T+   50.7] [[0;32m  OK  [0m] Listening on [0;1;39msystemd-initctl.socke…[0m- initctl Compatibility Named Pipe.
[01:46:03 T+   50.7] === CRASHED after 51 s (0.8 min) ===
